Archive member included to satisfy reference by file (symbol)

/Applications/FEH_ARM/bin/../lib/gcc/arm-none-eabi/10.3.1/../../../../arm-none-eabi/lib/thumb/v7e-m/nofp/libstdc++.a(del_ops.o)
                              Libraries/FEHIO.o (operator delete(void*, unsigned int))
/Applications/FEH_ARM/bin/../lib/gcc/arm-none-eabi/10.3.1/../../../../arm-none-eabi/lib/thumb/v7e-m/nofp/libstdc++.a(new_op.o)
                              Libraries/FEHIO.o (operator new(unsigned int))
/Applications/FEH_ARM/bin/../lib/gcc/arm-none-eabi/10.3.1/../../../../arm-none-eabi/lib/thumb/v7e-m/nofp/libstdc++.a(bad_alloc.o)
                              /Applications/FEH_ARM/bin/../lib/gcc/arm-none-eabi/10.3.1/../../../../arm-none-eabi/lib/thumb/v7e-m/nofp/libstdc++.a(new_op.o) (std::bad_alloc::~bad_alloc())
/Applications/FEH_ARM/bin/../lib/gcc/arm-none-eabi/10.3.1/../../../../arm-none-eabi/lib/thumb/v7e-m/nofp/libstdc++.a(del_op.o)
                              /Applications/FEH_ARM/bin/../lib/gcc/arm-none-eabi/10.3.1/../../../../arm-none-eabi/lib/thumb/v7e-m/nofp/libstdc++.a(del_ops.o) (operator delete(void*))
/Applications/FEH_ARM/bin/../lib/gcc/arm-none-eabi/10.3.1/../../../../arm-none-eabi/lib/thumb/v7e-m/nofp/libstdc++.a(eh_alloc.o)
                              /Applications/FEH_ARM/bin/../lib/gcc/arm-none-eabi/10.3.1/../../../../arm-none-eabi/lib/thumb/v7e-m/nofp/libstdc++.a(new_op.o) (__cxa_allocate_exception)
/Applications/FEH_ARM/bin/../lib/gcc/arm-none-eabi/10.3.1/../../../../arm-none-eabi/lib/thumb/v7e-m/nofp/libstdc++.a(eh_exception.o)
                              /Applications/FEH_ARM/bin/../lib/gcc/arm-none-eabi/10.3.1/../../../../arm-none-eabi/lib/thumb/v7e-m/nofp/libstdc++.a(bad_alloc.o) (std::exception::~exception())
/Applications/FEH_ARM/bin/../lib/gcc/arm-none-eabi/10.3.1/../../../../arm-none-eabi/lib/thumb/v7e-m/nofp/libstdc++.a(eh_terminate.o)
                              /Applications/FEH_ARM/bin/../lib/gcc/arm-none-eabi/10.3.1/../../../../arm-none-eabi/lib/thumb/v7e-m/nofp/libstdc++.a(eh_alloc.o) (std::terminate())
/Applications/FEH_ARM/bin/../lib/gcc/arm-none-eabi/10.3.1/../../../../arm-none-eabi/lib/thumb/v7e-m/nofp/libstdc++.a(eh_throw.o)
                              /Applications/FEH_ARM/bin/../lib/gcc/arm-none-eabi/10.3.1/../../../../arm-none-eabi/lib/thumb/v7e-m/nofp/libstdc++.a(new_op.o) (__cxa_throw)
/Applications/FEH_ARM/bin/../lib/gcc/arm-none-eabi/10.3.1/../../../../arm-none-eabi/lib/thumb/v7e-m/nofp/libstdc++.a(eh_unex_handler.o)
                              /Applications/FEH_ARM/bin/../lib/gcc/arm-none-eabi/10.3.1/../../../../arm-none-eabi/lib/thumb/v7e-m/nofp/libstdc++.a(eh_terminate.o) (__cxxabiv1::__unexpected_handler)
/Applications/FEH_ARM/bin/../lib/gcc/arm-none-eabi/10.3.1/../../../../arm-none-eabi/lib/thumb/v7e-m/nofp/libstdc++.a(new_handler.o)
                              /Applications/FEH_ARM/bin/../lib/gcc/arm-none-eabi/10.3.1/../../../../arm-none-eabi/lib/thumb/v7e-m/nofp/libstdc++.a(new_op.o) (std::get_new_handler())
/Applications/FEH_ARM/bin/../lib/gcc/arm-none-eabi/10.3.1/../../../../arm-none-eabi/lib/thumb/v7e-m/nofp/libstdc++.a(pure.o)
                              /Applications/FEH_ARM/bin/../lib/gcc/arm-none-eabi/10.3.1/../../../../arm-none-eabi/lib/thumb/v7e-m/nofp/libstdc++.a(eh_exception.o) (__cxa_pure_virtual)
/Applications/FEH_ARM/bin/../lib/gcc/arm-none-eabi/10.3.1/../../../../arm-none-eabi/lib/thumb/v7e-m/nofp/libstdc++.a(si_class_type_info.o)
                              /Applications/FEH_ARM/bin/../lib/gcc/arm-none-eabi/10.3.1/../../../../arm-none-eabi/lib/thumb/v7e-m/nofp/libstdc++.a(bad_alloc.o) (vtable for __cxxabiv1::__si_class_type_info)
/Applications/FEH_ARM/bin/../lib/gcc/arm-none-eabi/10.3.1/../../../../arm-none-eabi/lib/thumb/v7e-m/nofp/libstdc++.a(tinfo.o)
                              /Applications/FEH_ARM/bin/../lib/gcc/arm-none-eabi/10.3.1/../../../../arm-none-eabi/lib/thumb/v7e-m/nofp/libstdc++.a(si_class_type_info.o) (std::type_info::__is_pointer_p() const)
/Applications/FEH_ARM/bin/../lib/gcc/arm-none-eabi/10.3.1/../../../../arm-none-eabi/lib/thumb/v7e-m/nofp/libstdc++.a(vterminate.o)
                              /Applications/FEH_ARM/bin/../lib/gcc/arm-none-eabi/10.3.1/../../../../arm-none-eabi/lib/thumb/v7e-m/nofp/libstdc++.a(eh_terminate.o) (__gnu_cxx::__verbose_terminate_handler())
/Applications/FEH_ARM/bin/../lib/gcc/arm-none-eabi/10.3.1/../../../../arm-none-eabi/lib/thumb/v7e-m/nofp/libstdc++.a(class_type_info.o)
                              /Applications/FEH_ARM/bin/../lib/gcc/arm-none-eabi/10.3.1/../../../../arm-none-eabi/lib/thumb/v7e-m/nofp/libstdc++.a(si_class_type_info.o) (__cxxabiv1::__class_type_info::__do_upcast(__cxxabiv1::__class_type_info const*, void**) const)
/Applications/FEH_ARM/bin/../lib/gcc/arm-none-eabi/10.3.1/../../../../arm-none-eabi/lib/thumb/v7e-m/nofp/libstdc++.a(cp-demangle.o)
[...]
Memory Configuration

Name             Origin             Length             Attributes
PROGRAM_FLASH    0x000000000000c000 0x0000000000073c00 xr
SRAM_UPPER       0x0000000020000000 0x0000000000010000 xrw
SRAM_LOWER       0x000000001fff0000 0x0000000000010000 xrw
*default*        0x0000000000000000 0xffffffffffffffff

Linker script and memory map

LOAD /Applications/FEH_ARM/bin/../lib/gcc/arm-none-eabi/10.3.1/thumb/v7e-m/nofp/crti.o
LOAD /Applications/FEH_ARM/bin/../lib/gcc/arm-none-eabi/10.3.1/thumb/v7e-m/nofp/crtbegin.o
LOAD /Applications/FEH_ARM/bin/../lib/gcc/arm-none-eabi/10.3.1/../../../../arm-none-eabi/lib/thumb/v7e-m/nofp/crt0.o
LOAD ../main.o
LOAD Startup/startup_mk60d10.o
LOAD Libraries/FEHMotor.o
LOAD Drivers/mcg.o
LOAD Drivers/i2c.o
LOAD Drivers/spi.o
LOAD Drivers/uart.o
LOAD Drivers/ff.o
LOAD Drivers/SDHC.o
LOAD Drivers/lptmr.o
LOAD FEHProteus.o
LOAD Drivers/FEHPropeller.o
LOAD Libraries/FEHUtility.o
LOAD Libraries/FEHIO.o
LOAD Drivers/adc16.o
LOAD Libraries/FEHBuzzer.o
LOAD Libraries/FEHServo.o
LOAD Libraries/FEHLCD.o
LOAD Libraries/FEHAccel.o
LOAD Libraries/FEHBattery.o
LOAD Drivers/FEHXBee.o
LOAD Libraries/FEHRCS.o
LOAD Libraries/FEHSD.o
LOAD Libraries/FEHRandom.o
LOAD /Applications/FEH_ARM/bin/../lib/gcc/arm-none-eabi/10.3.1/../../../../arm-none-eabi/lib/thumb/v7e-m/nofp/libstdc++.a
LOAD /Applications/FEH_ARM/bin/../lib/gcc/arm-none-eabi/10.3.1/../../../../arm-none-eabi/lib/thumb/v7e-m/nofp/libm.a
START GROUP
LOAD /Applications/FEH_ARM/bin/../lib/gcc/arm-none-eabi/10.3.1/thumb/v7e-m/nofp/libgcc.a
LOAD /Applications/FEH_ARM/bin/../lib/gcc/arm-none-eabi/10.3.1/../../../../arm-none-eabi/lib/thumb/v7e-m/nofp/libg.a
LOAD /Applications/FEH_ARM/bin/../lib/gcc/arm-none-eabi/10.3.1/../../../../arm-none-eabi/lib/thumb/v7e-m/nofp/libc.a
END GROUP
START GROUP
LOAD /Applications/FEH_ARM/bin/../lib/gcc/arm-none-eabi/10.3.1/thumb/v7e-m/nofp/libgcc.a
LOAD /Applications/FEH_ARM/bin/../lib/gcc/arm-none-eabi/10.3.1/../../../../arm-none-eabi/lib/thumb/v7e-m/nofp/libc.a
LOAD /Applications/FEH_ARM/bin/../lib/gcc/arm-none-eabi/10.3.1/../../../../arm-none-eabi/lib/thumb/v7e-m/nofp/libnosys.a
END GROUP
LOAD /Applications/FEH_ARM/bin/../lib/gcc/arm-none-eabi/10.3.1/thumb/v7e-m/nofp/crtend.o
LOAD /Applications/FEH_ARM/bin/../lib/gcc/arm-none-eabi/10.3.1/thumb/v7e-m/nofp/crtn.o
                0x000000000000c000                __base_PROGRAM_FLASH = 0xc000
                0x000000000000c000                __base_Flash = 0xc000
                0x000000000007fc00                __top_PROGRAM_FLASH = 0x7fc00
                0x000000000007fc00                __top_Flash = 0x7fc00
                0x0000000020000000                __base_SRAM_UPPER = 0x20000000
                0x0000000020000000                __base_RAM = 0x20000000
                0x0000000020010000                __top_SRAM_UPPER = 0x20010000
                0x0000000020010000                __top_RAM = 0x20010000
                0x000000001fff0000                __base_SRAM_LOWER = 0x1fff0000
                0x000000001fff0000                __base_RAM2 = 0x1fff0000
                0x0000000020000000                __top_SRAM_LOWER = 0x20000000
                0x0000000020000000                __top_RAM2 = 0x20000000

.text           0x000000000000c000      0x410
 FILL mask 0xff
                0x000000000000c000                __vectors_start__ = ABSOLUTE (.)
 *(.isr_vector)
 .isr_vector    0x000000000000c000      0x1bc Startup/startup_mk60d10.o
                0x000000000000c000                __Vectors
                0x000000000000c000                g_pfnVectors
                0x000000000000c1bc                . = ALIGN (0x4)
                0x000000000000c1bc                __section_table_start = .
                0x000000000000c1bc                __data_section_table = .
                0x000000000000c1bc        0x4 LONG 0x12adc LOADADDR (.data)
                0x000000000000c1c0        0x4 LONG 0x20000000 ADDR (.data)
                0x000000000000c1c4        0x4 LONG 0x155c SIZEOF (.data)
                0x000000000000c1c8        0x4 LONG 0x12adc LOADADDR (.data_RAM2)
                0x000000000000c1cc        0x4 LONG 0x1fff0000 ADDR (.data_RAM2)
                0x000000000000c1d0        0x4 LONG 0x0 SIZEOF (.data_RAM2)
                0x000000000000c1d4                __data_section_table_end = .
                0x000000000000c1d4                __bss_section_table = .
                0x000000000000c1d4        0x4 LONG 0x2000155c ADDR (.bss)
                0x000000000000c1d8        0x4 LONG 0x470 SIZEOF (.bss)
                0x000000000000c1dc        0x4 LONG 0x1fff0000 ADDR (.bss_RAM2)
                0x000000000000c1e0        0x4 LONG 0x0 SIZEOF (.bss_RAM2)
                0x000000000000c1e4                __bss_section_table_end = .
                0x000000000000c1e4                __section_table_end = .
 *(.after_vectors*)
 .after_vectors.init_data
                0x000000000000c1e4       0x42 Startup/startup_mk60d10.o
                0x000000000000c1e4                data_init(unsigned int, unsigned int, unsigned int)
 .after_vectors.init_bss
                0x000000000000c226       0x36 Startup/startup_mk60d10.o
                0x000000000000c226                bss_init(unsigned int, unsigned int)
 .after_vectors.reset
                0x000000000000c25c       0xb4 Startup/startup_mk60d10.o
                0x000000000000c25c                ResetISR
 .after_vectors
                0x000000000000c310       0x3c Startup/startup_mk60d10.o
                0x000000000000c310                NMI_Handler
                0x000000000000c316                HardFault_Handler
                0x000000000000c31c                MemManage_Handler
                0x000000000000c322                BusFault_Handler
                0x000000000000c328                UsageFault_Handler
                0x000000000000c32e                SVC_Handler
                0x000000000000c334                DebugMon_Handler
                0x000000000000c33a                PendSV_Handler
                0x000000000000c340                SysTick_Handler
                0x000000000000c346                PIT2_DriverIRQHandler
                0x000000000000c346                SDHC_DriverIRQHandler
                0x000000000000c346                I2S0_Tx_DriverIRQHandler
                0x000000000000c346                TSI0_DriverIRQHandler
                0x000000000000c346                RTC_Seconds_DriverIRQHandler
                0x000000000000c346                Reserved109_DriverIRQHandler
                0x000000000000c346                DMA6_DriverIRQHandler
                0x000000000000c346                LLWU_DriverIRQHandler
                0x000000000000c346                MCM_DriverIRQHandler
                0x000000000000c346                MCG_DriverIRQHandler
                0x000000000000c346                ENET_1588_Timer_DriverIRQHandler
                0x000000000000c346                DAC1_DriverIRQHandler
                0x000000000000c346                CMP1_DriverIRQHandler
                0x000000000000c346                UART5_RX_TX_DriverIRQHandler
                0x000000000000c346                FTM0_DriverIRQHandler
                0x000000000000c346                IntDefaultHandler
                0x000000000000c346                USB0_DriverIRQHandler
                0x000000000000c346                UART5_ERR_DriverIRQHandler
                0x000000000000c346                DMA11_DriverIRQHandler
                0x000000000000c346                DAC0_DriverIRQHandler
                0x000000000000c346                DMA10_DriverIRQHandler
                0x000000000000c346                CMP2_DriverIRQHandler
                0x000000000000c346                UART2_ERR_DriverIRQHandler
                0x000000000000c346                SPI2_DriverIRQHandler
                0x000000000000c346                LVD_LVW_DriverIRQHandler
                0x000000000000c346                RNG_DriverIRQHandler
                0x000000000000c346                DMA5_DriverIRQHandler
                0x000000000000c346                DMA4_DriverIRQHandler
                0x000000000000c346                UART2_RX_TX_DriverIRQHandler
                0x000000000000c346                USBDCD_DriverIRQHandler
                0x000000000000c346                UART3_ERR_DriverIRQHandler
                0x000000000000c346                DMA3_DriverIRQHandler
                0x000000000000c346                DMA8_DriverIRQHandler
                0x000000000000c346                DMA9_DriverIRQHandler
                0x000000000000c346                UART0_ERR_DriverIRQHandler
                0x000000000000c346                CMT_DriverIRQHandler
                0x000000000000c346                ADC1_DriverIRQHandler
                0x000000000000c346                DMA14_DriverIRQHandler
                0x000000000000c346                PIT3_DriverIRQHandler
                0x000000000000c346                PIT1_DriverIRQHandler
                0x000000000000c346                WDOG_EWM_DriverIRQHandler
                0x000000000000c346                PDB0_DriverIRQHandler
                0x000000000000c346                Reserved95_DriverIRQHandler
                0x000000000000c346                RTC_DriverIRQHandler
                0x000000000000c346                I2S0_Rx_DriverIRQHandler
                0x000000000000c346                Read_Collision_DriverIRQHandler
                0x000000000000c346                SWI_DriverIRQHandler
                0x000000000000c346                UART4_RX_TX_DriverIRQHandler
                0x000000000000c346                UART4_ERR_DriverIRQHandler
                0x000000000000c346                UART0_LON_DriverIRQHandler
                0x000000000000c346                DMA1_DriverIRQHandler
                0x000000000000c346                I2C1_DriverIRQHandler
                0x000000000000c346                UART3_RX_TX_DriverIRQHandler
                0x000000000000c346                ENET_Receive_DriverIRQHandler
                0x000000000000c346                DMA13_DriverIRQHandler
                0x000000000000c346                ENET_Error_DriverIRQHandler
                0x000000000000c346                DMA15_DriverIRQHandler
                0x000000000000c346                SPI0_DriverIRQHandler
                0x000000000000c346                ADC0_DriverIRQHandler
                0x000000000000c346                FTFL_DriverIRQHandler
                0x000000000000c346                CMP0_DriverIRQHandler
                0x000000000000c346                CAN0_DriverIRQHandler
                0x000000000000c346                Reserved59_DriverIRQHandler
                0x000000000000c346                UART1_ERR_DriverIRQHandler
                0x000000000000c346                DMA2_DriverIRQHandler
                0x000000000000c346                ENET_Transmit_DriverIRQHandler
                0x000000000000c346                I2C0_DriverIRQHandler
                0x000000000000c346                CAN1_DriverIRQHandler
                0x000000000000c346                DMA7_DriverIRQHandler
                0x000000000000c346                UART1_RX_TX_DriverIRQHandler
                0x000000000000c346                Reserved108_DriverIRQHandler
                0x000000000000c346                Reserved102_DriverIRQHandler
                0x000000000000c346                DMA0_DriverIRQHandler
                0x000000000000c346                DMA12_DriverIRQHandler
                0x000000000000c346                SPI1_DriverIRQHandler
                0x000000000000c346                LPTMR0_DriverIRQHandler
                0x000000000000c346                DMA_Error_DriverIRQHandler
                0x000000000000c346                FTM1_DriverIRQHandler
                0x000000000000c346                FTM2_DriverIRQHandler
                0x0000000000000400                . = 0x400
 *fill*         0x000000000000c34c       0xb4 ff
                0x000000000000c400                PROVIDE (__FLASH_CONFIG_START__ = .)
 *(.FlashConfig)
 .FlashConfig   0x000000000000c400       0x10 Startup/startup_mk60d10.o
                0x000000000000c410                PROVIDE (__FLASH_CONFIG_END__ = .)
                0x0000000000000001                ASSERT (! ((__FLASH_CONFIG_START__ == __FLASH_CONFIG_END__)), Linker Flash Config Support Enabled, but no .FlashConfig section provided within application)

.eh_frame       0x000000000000c410        0x0
 .eh_frame      0x000000000000c410        0x0 /Applications/FEH_ARM/bin/../lib/gcc/arm-none-eabi/10.3.1/thumb/v7e-m/nofp/crtbegin.o

.glue_7         0x000000000000c410        0x0
 .glue_7        0x000000000000c410        0x0 linker stubs

.glue_7t        0x000000000000c410        0x0
 .glue_7t       0x000000000000c410        0x0 linker stubs

.vfp11_veneer   0x000000000000c410        0x0
 .vfp11_veneer  0x000000000000c410        0x0 linker stubs

.v4_bx          0x000000000000c410        0x0
 .v4_bx         0x000000000000c410        0x0 linker stubs

.iplt           0x000000000000c410        0x0
 .iplt          0x000000000000c410        0x0 /Applications/FEH_ARM/bin/../lib/gcc/arm-none-eabi/10.3.1/thumb/v7e-m/nofp/crtbegin.o

.text           0x000000000000c410     0x66c4
 *(.text*)
 .text          0x000000000000c410       0x40 /Applications/FEH_ARM/bin/../lib/gcc/arm-none-eabi/10.3.1/thumb/v7e-m/nofp/crtbegin.o
 .text._Z10moveInLined
                0x000000000000c450       0x48 ../main.o
                0x000000000000c450                moveInLine(double)
 .text._Z4stopv
                0x000000000000c498       0x2c ../main.o
                0x000000000000c498                stop()
 .text._Z10linearMove15DigitalInputPinS_i
                0x000000000000c4c4       0xa4 ../main.o
                0x000000000000c4c4                linearMove(DigitalInputPin, DigitalInputPin, int)
 .text._Z4turn8FEHMotori
                0x000000000000c568       0xb0 ../main.o
                0x000000000000c568                turn(FEHMotor, int)
 .text.main     0x000000000000c618       0x98 ../main.o
                0x000000000000c618                main
 .text._Z41__static_initialization_and_destruction_0ii
                0x000000000000c6b0       0x80 ../main.o
 .text._GLOBAL__sub_I_cds
                0x000000000000c730       0x10 ../main.o
 .text.PORTD_IRQHandler
                0x000000000000c740       0x50 Startup/startup_mk60d10.o
                0x000000000000c740                PORTD_IRQHandler
 .text._Z15InitPowerButtonv
                0x000000000000c790       0x60 Startup/startup_mk60d10.o
                0x000000000000c790                InitPowerButton()
 .text._ZL11pll_init_blv
                0x000000000000c7f0       0xe0 Startup/startup_mk60d10.o
 .text._Z14InitFEHProteusv
                0x000000000000c8d0       0xec Startup/startup_mk60d10.o
                0x000000000000c8d0                InitFEHProteus()
 .text.DMA0_IRQHandler
                0x000000000000c9bc        0xc Startup/startup_mk60d10.o
                0x000000000000c9bc                DMA0_IRQHandler
 .text.DMA1_IRQHandler
                0x000000000000c9c8        0xc Startup/startup_mk60d10.o
                0x000000000000c9c8                DMA1_IRQHandler
 .text.DMA2_IRQHandler
                0x000000000000c9d4        0xc Startup/startup_mk60d10.o
                0x000000000000c9d4                DMA2_IRQHandler
 .text.DMA3_IRQHandler
                0x000000000000c9e0        0xc Startup/startup_mk60d10.o
                0x000000000000c9e0                DMA3_IRQHandler
 .text.DMA4_IRQHandler
                0x000000000000c9ec        0xc Startup/startup_mk60d10.o
                0x000000000000c9ec                DMA4_IRQHandler
 .text.DMA5_IRQHandler
                0x000000000000c9f8        0xc Startup/startup_mk60d10.o
                0x000000000000c9f8                DMA5_IRQHandler
 .text.DMA6_IRQHandler
                0x000000000000ca04        0xc Startup/startup_mk60d10.o
                0x000000000000ca04                DMA6_IRQHandler
 .text.DMA7_IRQHandler
                0x000000000000ca10        0xc Startup/startup_mk60d10.o
                0x000000000000ca10                DMA7_IRQHandler
 .text.DMA8_IRQHandler
                0x000000000000ca1c        0xc Startup/startup_mk60d10.o
                0x000000000000ca1c                DMA8_IRQHandler
 .text.DMA9_IRQHandler
                0x000000000000ca28        0xc Startup/startup_mk60d10.o
                0x000000000000ca28                DMA9_IRQHandler
 .text.DMA10_IRQHandler
                0x000000000000ca34        0xc Startup/startup_mk60d10.o
                0x000000000000ca34                DMA10_IRQHandler
 .text.DMA11_IRQHandler
                0x000000000000ca40        0xc Startup/startup_mk60d10.o
                0x000000000000ca40                DMA11_IRQHandler
 .text.DMA12_IRQHandler
                0x000000000000ca4c        0xc Startup/startup_mk60d10.o
                0x000000000000ca4c                DMA12_IRQHandler
 .text.DMA13_IRQHandler
                0x000000000000ca58        0xc Startup/startup_mk60d10.o
                0x000000000000ca58                DMA13_IRQHandler
 .text.DMA14_IRQHandler
                0x000000000000ca64        0xc Startup/startup_mk60d10.o
                0x000000000000ca64                DMA14_IRQHandler
 .text.DMA15_IRQHandler
                0x000000000000ca70        0xc Startup/startup_mk60d10.o
                0x000000000000ca70                DMA15_IRQHandler
 .text.DMA_Error_IRQHandler
                0x000000000000ca7c        0xc Startup/startup_mk60d10.o
                0x000000000000ca7c                DMA_Error_IRQHandler
 .text.MCM_IRQHandler
                0x000000000000ca88        0xc Startup/startup_mk60d10.o
                0x000000000000ca88                MCM_IRQHandler
 .text.FTFL_IRQHandler
                0x000000000000ca94        0xc Startup/startup_mk60d10.o
                0x000000000000ca94                FTFL_IRQHandler
 .text.Read_Collision_IRQHandler
                0x000000000000caa0        0xc Startup/startup_mk60d10.o
                0x000000000000caa0                Read_Collision_IRQHandler
 .text.LVD_LVW_IRQHandler
                0x000000000000caac        0xc Startup/startup_mk60d10.o
                0x000000000000caac                LVD_LVW_IRQHandler
 .text.LLWU_IRQHandler
                0x000000000000cab8        0xc Startup/startup_mk60d10.o
                0x000000000000cab8                LLWU_IRQHandler
 .text.WDOG_EWM_IRQHandler
                0x000000000000cac4        0xc Startup/startup_mk60d10.o
                0x000000000000cac4                WDOG_EWM_IRQHandler
 .text.RNG_IRQHandler
                0x000000000000cad0        0xc Startup/startup_mk60d10.o
                0x000000000000cad0                RNG_IRQHandler
 .text.I2C0_IRQHandler
                0x000000000000cadc        0xc Startup/startup_mk60d10.o
                0x000000000000cadc                I2C0_IRQHandler
 .text.I2C1_IRQHandler
                0x000000000000cae8        0xc Startup/startup_mk60d10.o
                0x000000000000cae8                I2C1_IRQHandler
 .text.SPI0_IRQHandler
                0x000000000000caf4        0xc Startup/startup_mk60d10.o
                0x000000000000caf4                SPI0_IRQHandler
 .text.SPI1_IRQHandler
                0x000000000000cb00        0xc Startup/startup_mk60d10.o
                0x000000000000cb00                SPI1_IRQHandler
 .text.SPI2_IRQHandler
                0x000000000000cb0c        0xc Startup/startup_mk60d10.o
                0x000000000000cb0c                SPI2_IRQHandler
 .text.CAN0_ORed_Message_buffer_IRQHandler
                0x000000000000cb18        0xc Startup/startup_mk60d10.o
                0x000000000000cb18                CAN0_ORed_Message_buffer_IRQHandler
 .text.CAN0_Bus_Off_IRQHandler
                0x000000000000cb24        0xc Startup/startup_mk60d10.o
                0x000000000000cb24                CAN0_Bus_Off_IRQHandler
 .text.CAN0_Error_IRQHandler
                0x000000000000cb30        0xc Startup/startup_mk60d10.o
                0x000000000000cb30                CAN0_Error_IRQHandler
 .text.CAN0_Tx_Warning_IRQHandler
                0x000000000000cb3c        0xc Startup/startup_mk60d10.o
                0x000000000000cb3c                CAN0_Tx_Warning_IRQHandler
 .text.CAN0_Rx_Warning_IRQHandler
                0x000000000000cb48        0xc Startup/startup_mk60d10.o
                0x000000000000cb48                CAN0_Rx_Warning_IRQHandler
 .text.CAN0_Wake_Up_IRQHandler
                0x000000000000cb54        0xc Startup/startup_mk60d10.o
                0x000000000000cb54                CAN0_Wake_Up_IRQHandler
 .text.I2S0_Tx_IRQHandler
                0x000000000000cb60        0xc Startup/startup_mk60d10.o
                0x000000000000cb60                I2S0_Tx_IRQHandler
 .text.I2S0_Rx_IRQHandler
                0x000000000000cb6c        0xc Startup/startup_mk60d10.o
                0x000000000000cb6c                I2S0_Rx_IRQHandler
 .text.CAN1_ORed_Message_buffer_IRQHandler
                0x000000000000cb78        0xc Startup/startup_mk60d10.o
                0x000000000000cb78                CAN1_ORed_Message_buffer_IRQHandler
 .text.CAN1_Bus_Off_IRQHandler
                0x000000000000cb84        0xc Startup/startup_mk60d10.o
                0x000000000000cb84                CAN1_Bus_Off_IRQHandler
 .text.CAN1_Error_IRQHandler
                0x000000000000cb90        0xc Startup/startup_mk60d10.o
                0x000000000000cb90                CAN1_Error_IRQHandler
 .text.CAN1_Tx_Warning_IRQHandler
                0x000000000000cb9c        0xc Startup/startup_mk60d10.o
                0x000000000000cb9c                CAN1_Tx_Warning_IRQHandler
 .text.CAN1_Rx_Warning_IRQHandler
                0x000000000000cba8        0xc Startup/startup_mk60d10.o
                0x000000000000cba8                CAN1_Rx_Warning_IRQHandler
 .text.CAN1_Wake_Up_IRQHandler
                0x000000000000cbb4        0xc Startup/startup_mk60d10.o
                0x000000000000cbb4                CAN1_Wake_Up_IRQHandler
 .text.Reserved59_IRQHandler
                0x000000000000cbc0        0xc Startup/startup_mk60d10.o
                0x000000000000cbc0                Reserved59_IRQHandler
 .text.UART0_LON_IRQHandler
                0x000000000000cbcc        0xc Startup/startup_mk60d10.o
                0x000000000000cbcc                UART0_LON_IRQHandler
 .text.UART0_ERR_IRQHandler
                0x000000000000cbd8        0xc Startup/startup_mk60d10.o
                0x000000000000cbd8                UART0_ERR_IRQHandler
 .text.UART1_RX_TX_IRQHandler
                0x000000000000cbe4        0xc Startup/startup_mk60d10.o
                0x000000000000cbe4                UART1_RX_TX_IRQHandler
 .text.UART1_ERR_IRQHandler
                0x000000000000cbf0        0xc Startup/startup_mk60d10.o
                0x000000000000cbf0                UART1_ERR_IRQHandler
 .text.UART2_RX_TX_IRQHandler
                0x000000000000cbfc        0xc Startup/startup_mk60d10.o
                0x000000000000cbfc                UART2_RX_TX_IRQHandler
 .text.UART2_ERR_IRQHandler
                0x000000000000cc08        0xc Startup/startup_mk60d10.o
                0x000000000000cc08                UART2_ERR_IRQHandler
 .text.UART3_RX_TX_IRQHandler
                0x000000000000cc14        0xc Startup/startup_mk60d10.o
                0x000000000000cc14                UART3_RX_TX_IRQHandler
 .text.UART3_ERR_IRQHandler
                0x000000000000cc20        0xc Startup/startup_mk60d10.o
                0x000000000000cc20                UART3_ERR_IRQHandler
 .text.UART4_RX_TX_IRQHandler
                0x000000000000cc2c        0xc Startup/startup_mk60d10.o
                0x000000000000cc2c                UART4_RX_TX_IRQHandler
 .text.UART4_ERR_IRQHandler
                0x000000000000cc38        0xc Startup/startup_mk60d10.o
                0x000000000000cc38                UART4_ERR_IRQHandler
 .text.UART5_RX_TX_IRQHandler
                0x000000000000cc44        0xc Startup/startup_mk60d10.o
                0x000000000000cc44                UART5_RX_TX_IRQHandler
 .text.UART5_ERR_IRQHandler
                0x000000000000cc50        0xc Startup/startup_mk60d10.o
                0x000000000000cc50                UART5_ERR_IRQHandler
 .text.ADC0_IRQHandler
                0x000000000000cc5c        0xc Startup/startup_mk60d10.o
                0x000000000000cc5c                ADC0_IRQHandler
 .text.ADC1_IRQHandler
                0x000000000000cc68        0xc Startup/startup_mk60d10.o
                0x000000000000cc68                ADC1_IRQHandler
 .text.CMP0_IRQHandler
                0x000000000000cc74        0xc Startup/startup_mk60d10.o
                0x000000000000cc74                CMP0_IRQHandler
 .text.CMP1_IRQHandler
                0x000000000000cc80        0xc Startup/startup_mk60d10.o
                0x000000000000cc80                CMP1_IRQHandler
 .text.CMP2_IRQHandler
                0x000000000000cc8c        0xc Startup/startup_mk60d10.o
                0x000000000000cc8c                CMP2_IRQHandler
 .text.FTM0_IRQHandler
                0x000000000000cc98        0xc Startup/startup_mk60d10.o
                0x000000000000cc98                FTM0_IRQHandler
 .text.FTM1_IRQHandler
                0x000000000000cca4        0xc Startup/startup_mk60d10.o
                0x000000000000cca4                FTM1_IRQHandler
 .text.FTM2_IRQHandler
                0x000000000000ccb0        0xc Startup/startup_mk60d10.o
                0x000000000000ccb0                FTM2_IRQHandler
 .text.CMT_IRQHandler
                0x000000000000ccbc        0xc Startup/startup_mk60d10.o
                0x000000000000ccbc                CMT_IRQHandler
 .text.RTC_IRQHandler
                0x000000000000ccc8        0xc Startup/startup_mk60d10.o
                0x000000000000ccc8                RTC_IRQHandler
 .text.RTC_Seconds_IRQHandler
                0x000000000000ccd4        0xc Startup/startup_mk60d10.o
                0x000000000000ccd4                RTC_Seconds_IRQHandler
 .text.PIT1_IRQHandler
                0x000000000000cce0        0xc Startup/startup_mk60d10.o
                0x000000000000cce0                PIT1_IRQHandler
 .text.PIT2_IRQHandler
                0x000000000000ccec        0xc Startup/startup_mk60d10.o
                0x000000000000ccec                PIT2_IRQHandler
 .text.PIT3_IRQHandler
                0x000000000000ccf8        0xc Startup/startup_mk60d10.o
                0x000000000000ccf8                PIT3_IRQHandler
 .text.PDB0_IRQHandler
                0x000000000000cd04        0xc Startup/startup_mk60d10.o
                0x000000000000cd04                PDB0_IRQHandler
 .text.USB0_IRQHandler
                0x000000000000cd10        0xc Startup/startup_mk60d10.o
                0x000000000000cd10                USB0_IRQHandler
 .text.USBDCD_IRQHandler
                0x000000000000cd1c        0xc Startup/startup_mk60d10.o
                0x000000000000cd1c                USBDCD_IRQHandler
 .text.ENET_1588_Timer_IRQHandler
                0x000000000000cd28        0xc Startup/startup_mk60d10.o
                0x000000000000cd28                ENET_1588_Timer_IRQHandler
 .text.ENET_Transmit_IRQHandler
                0x000000000000cd34        0xc Startup/startup_mk60d10.o
                0x000000000000cd34                ENET_Transmit_IRQHandler
 .text.ENET_Receive_IRQHandler
                0x000000000000cd40        0xc Startup/startup_mk60d10.o
                0x000000000000cd40                ENET_Receive_IRQHandler
 .text.ENET_Error_IRQHandler
                0x000000000000cd4c        0xc Startup/startup_mk60d10.o
                0x000000000000cd4c                ENET_Error_IRQHandler
 .text.Reserved95_IRQHandler
                0x000000000000cd58        0xc Startup/startup_mk60d10.o
                0x000000000000cd58                Reserved95_IRQHandler
 .text.SDHC_IRQHandler
                0x000000000000cd64        0xc Startup/startup_mk60d10.o
                0x000000000000cd64                SDHC_IRQHandler
 .text.DAC0_IRQHandler
                0x000000000000cd70        0xc Startup/startup_mk60d10.o
                0x000000000000cd70                DAC0_IRQHandler
 .text.DAC1_IRQHandler
                0x000000000000cd7c        0xc Startup/startup_mk60d10.o
                0x000000000000cd7c                DAC1_IRQHandler
 .text.TSI0_IRQHandler
                0x000000000000cd88        0xc Startup/startup_mk60d10.o
                0x000000000000cd88                TSI0_IRQHandler
 .text.MCG_IRQHandler
                0x000000000000cd94        0xc Startup/startup_mk60d10.o
                0x000000000000cd94                MCG_IRQHandler
 .text.LPTMR0_IRQHandler
                0x000000000000cda0        0xc Startup/startup_mk60d10.o
                0x000000000000cda0                LPTMR0_IRQHandler
 .text.Reserved102_IRQHandler
                0x000000000000cdac        0xc Startup/startup_mk60d10.o
                0x000000000000cdac                Reserved102_IRQHandler
 .text.Reserved108_IRQHandler
                0x000000000000cdb8        0xc Startup/startup_mk60d10.o
                0x000000000000cdb8                Reserved108_IRQHandler
 .text.Reserved109_IRQHandler
                0x000000000000cdc4        0xc Startup/startup_mk60d10.o
                0x000000000000cdc4                Reserved109_IRQHandler
 .text.SWI_IRQHandler
                0x000000000000cdd0        0xc Startup/startup_mk60d10.o
                0x000000000000cdd0                SWI_IRQHandler
 *fill*         0x000000000000cddc        0x4 
 .text._ZN8FEHMotorC2ENS_12FEHMotorPortEf
                0x000000000000cde0       0x7c Libraries/FEHMotor.o
                0x000000000000cde0                FEHMotor::FEHMotor(FEHMotor::FEHMotorPort, float)
                0x000000000000cde0                FEHMotor::FEHMotor(FEHMotor::FEHMotorPort, float)
 .text._ZN8FEHMotor4StopEv
                0x000000000000ce5c       0x30 Libraries/FEHMotor.o
                0x000000000000ce5c                FEHMotor::Stop()
 .text._ZN8FEHMotor8SetPowerEi
                0x000000000000ce8c       0x54 Libraries/FEHMotor.o
                0x000000000000ce8c                FEHMotor::SetPower(int)
 .text._ZN8FEHMotor10SetPercentEf
                0x000000000000cee0       0xf8 Libraries/FEHMotor.o
                0x000000000000cee0                FEHMotor::SetPercent(float)
 .text._Z21IIC_StartTransmissionhh
                0x000000000000cfd8       0x6c Drivers/i2c.o
                0x000000000000cfd8                IIC_StartTransmission(unsigned char, unsigned char)
 .text._Z5Pausev
                0x000000000000d044       0x24 Drivers/i2c.o
                0x000000000000d044                Pause()
 .text._Z21MMA8451QWriteRegisterhh
                0x000000000000d068       0x68 Drivers/i2c.o
                0x000000000000d068                MMA8451QWriteRegister(unsigned char, unsigned char)
 .text._Z8i2c_Waitv
                0x000000000000d0d0       0x6c Drivers/i2c.o
                0x000000000000d0d0                i2c_Wait()
 .text._Z12SPI_SendCharh
                0x000000000000d13c       0x1a Drivers/spi.o
                0x000000000000d13c                SPI_SendChar(unsigned char)
 .text._Z16SPI_WriteCommandhh
                0x000000000000d156       0x34 Drivers/spi.o
                0x000000000000d156                SPI_WriteCommand(unsigned char, unsigned char)
 .text._Z11SPI_GetCharv
                0x000000000000d18a       0x10 Drivers/spi.o
                0x000000000000d18a                SPI_GetChar()
 .text._Z15SPI_ReadCommandh
                0x000000000000d19a       0x38 Drivers/spi.o
                0x000000000000d19a                SPI_ReadCommand(unsigned char)
 *fill*         0x000000000000d1d2        0x2 
 .text._Z13SPI_CS_Assertv
                0x000000000000d1d4       0x1c Drivers/spi.o
                0x000000000000d1d4                SPI_CS_Assert()
 .text._Z15SPI_CS_Deassertv
                0x000000000000d1f0       0x1c Drivers/spi.o
                0x000000000000d1f0                SPI_CS_Deassert()
 .text._Z12SPI_Transferh
                0x000000000000d20c       0x6c Drivers/spi.o
                0x000000000000d20c                SPI_Transfer(unsigned char)
 .text._Z8SPI_Initv
                0x000000000000d278       0xa0 Drivers/spi.o
                0x000000000000d278                SPI_Init()
 .text._Z9uart_initPV11UART_MemMapii
                0x000000000000d318      0x174 Drivers/uart.o
                0x000000000000d318                uart_init(UART_MemMap volatile*, int, int)
 .text._Z12uart_getcharPV11UART_MemMap
                0x000000000000d48c       0x32 Drivers/uart.o
                0x000000000000d48c                uart_getchar(UART_MemMap volatile*)
 .text._Z12uart_putcharPV11UART_MemMapc
                0x000000000000d4be       0x32 Drivers/uart.o
                0x000000000000d4be                uart_putchar(UART_MemMap volatile*, char)
 .text._ZL7mem_setPvij
                0x000000000000d4f0       0x3c Drivers/ff.o
 .text._ZL11move_windowP5FATFSm
                0x000000000000d52c       0xc8 Drivers/ff.o
 .text._ZL4syncP5FATFS
                0x000000000000d5f4      0x14c Drivers/ff.o
 .text._ZL8validateP5FATFSt
                0x000000000000d740       0x54 Drivers/ff.o
 .text._Z6f_syncP3FIL
                0x000000000000d794      0x186 Drivers/ff.o
                0x000000000000d794                f_sync(FIL*)
 .text._Z7f_closeP3FIL
                0x000000000000d91a       0x28 Drivers/ff.o
                0x000000000000d91a                f_close(FIL*)
 *fill*         0x000000000000d942        0x2 
 .text._ZL17SDHC_set_baudratemm
                0x000000000000d944       0xe8 Drivers/SDHC.o
 .text._Z9SDHC_initP17esdhc_info_structPK17esdhc_init_struct
                0x000000000000da2c      0x130 Drivers/SDHC.o
                0x000000000000da2c                SDHC_init(esdhc_info_struct*, esdhc_init_struct const*)
 .text._ZL15SDHC_is_runningv
                0x000000000000db5c       0x24 Drivers/SDHC.o
 .text._ZL16SDHC_status_waitm
                0x000000000000db80       0x2c Drivers/SDHC.o
 .text._ZL17SDHC_send_commandP20esdhc_command_struct
                0x000000000000dbac      0x1f8 Drivers/SDHC.o
 .text._Z10SDHC_ioctlmPv
                0x000000000000dda4      0x6f0 Drivers/SDHC.o
                0x000000000000dda4                SDHC_ioctl(unsigned long, void*)
 .text._ZL14rcvr_datablockPhm
                0x000000000000e494       0xf0 Drivers/SDHC.o
 .text._Z9disk_readhPhmh
                0x000000000000e584      0x124 Drivers/SDHC.o
                0x000000000000e584                disk_read(unsigned char, unsigned char*, unsigned long, unsigned char)
 .text._ZL14xmit_datablockPKhm
                0x000000000000e6a8       0xa4 Drivers/SDHC.o
 .text._Z10disk_writehPKhmh
                0x000000000000e74c      0x198 Drivers/SDHC.o
                0x000000000000e74c                disk_write(unsigned char, unsigned char const*, unsigned long, unsigned char)
 .text._Z10disk_ioctlhhPv
                0x000000000000e8e4      0x104 Drivers/SDHC.o
                0x000000000000e8e4                disk_ioctl(unsigned char, unsigned char, void*)
 .text._Z11disk_statush
                0x000000000000e9e8       0x28 Drivers/SDHC.o
                0x000000000000e9e8                disk_status(unsigned char)
 .text._Z13time_delay_msm
                0x000000000000ea10       0x6c Drivers/lptmr.o
                0x000000000000ea10                time_delay_ms(unsigned long)
 .text._Z41__static_initialization_and_destruction_0ii
                0x000000000000ea7c       0x2c FEHProteus.o
 .text._GLOBAL__sub_I_Propeller
                0x000000000000eaa8       0x10 FEHProteus.o
 .text._ZN12FEHPropellerC2Ev
                0x000000000000eab8       0x1a Drivers/FEHPropeller.o
                0x000000000000eab8                FEHPropeller::FEHPropeller()
                0x000000000000eab8                FEHPropeller::FEHPropeller()
 *fill*         0x000000000000ead2        0x2 
 .text._ZN12FEHPropeller10InitializeEv
                0x000000000000ead4       0x74 Drivers/FEHPropeller.o
                0x000000000000ead4                FEHPropeller::Initialize()
 .text._ZN12FEHPropeller12SetMotorRateEhhh
                0x000000000000eb48       0x5c Drivers/FEHPropeller.o
                0x000000000000eb48                FEHPropeller::SetMotorRate(unsigned char, unsigned char, unsigned char)
 .text._ZL5Delaymjj
                0x000000000000eba4       0x94 Libraries/FEHUtility.o
 .text._Z5Sleepi
                0x000000000000ec38       0x2c Libraries/FEHUtility.o
                0x000000000000ec38                Sleep(int)
 .text._Z5Sleepd
                0x000000000000ec64       0x4c Libraries/FEHUtility.o
                0x000000000000ec64                Sleep(double)
 .text._Z7TimeNowv
                0x000000000000ecb0       0x5c Libraries/FEHUtility.o
                0x000000000000ecb0                TimeNow()
 .text._ZN15DigitalInputPinC2EN5FEHIO8FEHIOPinE
                0x000000000000ed0c       0x20 Libraries/FEHIO.o
                0x000000000000ed0c                DigitalInputPin::DigitalInputPin(FEHIO::FEHIOPin)
                0x000000000000ed0c                DigitalInputPin::DigitalInputPin(FEHIO::FEHIOPin)
 .text._ZN15DigitalInputPin10InitializeEN5FEHIO8FEHIOPinE
                0x000000000000ed2c      0x198 Libraries/FEHIO.o
                0x000000000000ed2c                DigitalInputPin::Initialize(FEHIO::FEHIOPin)
 .text._ZN15DigitalInputPin5ValueEv
                0x000000000000eec4      0x108 Libraries/FEHIO.o
                0x000000000000eec4                DigitalInputPin::Value()
 .text._Z16PORTB_IRQHandlerv
                0x000000000000efcc       0x9c Libraries/FEHIO.o
                0x000000000000efcc                PORTB_IRQHandler()
 .text._Z16PORTC_IRQHandlerv
                0x000000000000f068       0x9c Libraries/FEHIO.o
                0x000000000000f068                PORTC_IRQHandler()
 .text._Z16PORTA_IRQHandlerv
                0x000000000000f104       0xa0 Libraries/FEHIO.o
                0x000000000000f104                PORTA_IRQHandler()
 .text._Z16PORTE_IRQHandlerv
                0x000000000000f1a4       0x98 Libraries/FEHIO.o
                0x000000000000f1a4                PORTE_IRQHandler()
 .text._ZN14AnalogInputPinC2EN5FEHIO8FEHIOPinE
                0x000000000000f23c       0x1e Libraries/FEHIO.o
                0x000000000000f23c                AnalogInputPin::AnalogInputPin(FEHIO::FEHIOPin)
                0x000000000000f23c                AnalogInputPin::AnalogInputPin(FEHIO::FEHIOPin)
 *fill*         0x000000000000f25a        0x2 
 .text._ZN13AnalogEncoder12EncoderValueEv
                0x000000000000f25c       0xb0 Libraries/FEHIO.o
                0x000000000000f25c                AnalogEncoder::EncoderValue()
 .text._ZN14AnalogInputPin8InitADCsEv
                0x000000000000f30c       0x98 Libraries/FEHIO.o
                0x000000000000f30c                AnalogInputPin::InitADCs()
 .text._Z15PIT0_IRQHandlerv
                0x000000000000f3a4       0x28 Libraries/FEHIO.o
                0x000000000000f3a4                PIT0_IRQHandler()
 .text._ZN13AnalogEncoder4InitEv
                0x000000000000f3cc       0x44 Libraries/FEHIO.o
                0x000000000000f3cc                AnalogEncoder::Init()
 .text._ZN13AnalogEncoder14SetCounterInitEj
                0x000000000000f410       0x20 Libraries/FEHIO.o
                0x000000000000f410                AnalogEncoder::SetCounterInit(unsigned int)
 .text._ZN13AnalogEncoder10ProcessIntEv
                0x000000000000f430       0x68 Libraries/FEHIO.o
                0x000000000000f430                AnalogEncoder::ProcessInt()
 .text._ZN13AnalogEncoder14ProcessIntSelfEv
                0x000000000000f498       0x6e Libraries/FEHIO.o
                0x000000000000f498                AnalogEncoder::ProcessIntSelf()
 .text._Z7ADC_CalPV10ADC_MemMap
                0x000000000000f506      0x13e Drivers/adc16.o
                0x000000000000f506                ADC_Cal(ADC_MemMap volatile*)
 .text._Z14ADC_Config_AltPV10ADC_MemMapP7adc_cfg
                0x000000000000f644       0x6c Drivers/adc16.o
                0x000000000000f644                ADC_Config_Alt(ADC_MemMap volatile*, adc_cfg*)
 .text._ZN9FEHBuzzerC2Ev
                0x000000000000f6b0       0x14 Libraries/FEHBuzzer.o
                0x000000000000f6b0                FEHBuzzer::FEHBuzzer()
                0x000000000000f6b0                FEHBuzzer::FEHBuzzer()
 .text._Z41__static_initialization_and_destruction_0ii
                0x000000000000f6c4       0x2c Libraries/FEHBuzzer.o
 .text._GLOBAL__sub_I_Buzzer
                0x000000000000f6f0       0x10 Libraries/FEHBuzzer.o
 .text._ZN6FEHLCD11_InitializeEv
                0x000000000000f700      0x410 Libraries/FEHLCD.o
                0x000000000000f700                FEHLCD::_Initialize()
 .text._ZN6FEHLCDC2Ev
                0x000000000000fb10       0x50 Libraries/FEHLCD.o
                0x000000000000fb10                FEHLCD::FEHLCD()
                0x000000000000fb10                FEHLCD::FEHLCD()
 .text._ZN6FEHLCD10InitializeEv
                0x000000000000fb60       0x28 Libraries/FEHLCD.o
                0x000000000000fb60                FEHLCD::Initialize()
 .text._ZN6FEHLCD10PrintImageEii
                0x000000000000fb88       0xbc Libraries/FEHLCD.o
                0x000000000000fb88                FEHLCD::PrintImage(int, int)
 .text._ZN6FEHLCD9PrintLogoEii
                0x000000000000fc44       0xbc Libraries/FEHLCD.o
                0x000000000000fc44                FEHLCD::PrintLogo(int, int)
 .text._ZN6FEHLCD22ConvertFEHColorTo24BitENS_11FEHLCDColorE
                0x000000000000fd00       0x78 Libraries/FEHLCD.o
                0x000000000000fd00                FEHLCD::ConvertFEHColorTo24Bit(FEHLCD::FEHLCDColor)
 .text._ZN6FEHLCD24Convert24BitColorTo16BitEj
                0x000000000000fd78       0x30 Libraries/FEHLCD.o
                0x000000000000fd78                FEHLCD::Convert24BitColorTo16Bit(unsigned int)
 .text._ZN6FEHLCD22ConvertRGBColorTo16BitEhhh
                0x000000000000fda8       0x4a Libraries/FEHLCD.o
                0x000000000000fda8                FEHLCD::ConvertRGBColorTo16Bit(unsigned char, unsigned char, unsigned char)
 .text._ZN6FEHLCD5ClearENS_11FEHLCDColorE
                0x000000000000fdf2       0x28 Libraries/FEHLCD.o
                0x000000000000fdf2                FEHLCD::Clear(FEHLCD::FEHLCDColor)
 .text._ZN6FEHLCD5ClearEj
                0x000000000000fe1a       0x2c Libraries/FEHLCD.o
                0x000000000000fe1a                FEHLCD::Clear(unsigned int)
 .text._ZN6FEHLCD18SetBackgroundColorENS_11FEHLCDColorE
                0x000000000000fe46       0x28 Libraries/FEHLCD.o
                0x000000000000fe46                FEHLCD::SetBackgroundColor(FEHLCD::FEHLCDColor)
 .text._ZN6FEHLCD18SetBackgroundColorEj
                0x000000000000fe6e       0x26 Libraries/FEHLCD.o
                0x000000000000fe6e                FEHLCD::SetBackgroundColor(unsigned int)
 .text._ZN6FEHLCD12SetFontColorENS_11FEHLCDColorE
                0x000000000000fe94       0x28 Libraries/FEHLCD.o
                0x000000000000fe94                FEHLCD::SetFontColor(FEHLCD::FEHLCDColor)
 .text._ZN6FEHLCD12SetFontColorEj
                0x000000000000febc       0x26 Libraries/FEHLCD.o
                0x000000000000febc                FEHLCD::SetFontColor(unsigned int)
 .text._ZN6FEHLCD7WriteAtEPKcii
                0x000000000000fee2       0x46 Libraries/FEHLCD.o
                0x000000000000fee2                FEHLCD::WriteAt(char const*, int, int)
 .text._ZN6FEHLCD11TS_SPI_InitEv
                0x000000000000ff28       0x7c Libraries/FEHLCD.o
                0x000000000000ff28                FEHLCD::TS_SPI_Init()
 *fill*         0x000000000000ffa4        0x4 
 .text._ZN6FEHLCD5TouchEPfS0_
                0x000000000000ffa8      0x1fc Libraries/FEHLCD.o
                0x000000000000ffa8                FEHLCD::Touch(float*, float*)
 .text._ZN6FEHLCD3absEi
                0x00000000000101a4       0x22 Libraries/FEHLCD.o
                0x00000000000101a4                FEHLCD::abs(int)
 *fill*         0x00000000000101c6        0x2 
 .text._ZN6FEHLCD10WriteIndexEh
                0x00000000000101c8      0x14c Libraries/FEHLCD.o
                0x00000000000101c8                FEHLCD::WriteIndex(unsigned char)
 .text._ZN6FEHLCD14WriteParameterEh
                0x0000000000010314      0x130 Libraries/FEHLCD.o
                0x0000000000010314                FEHLCD::WriteParameter(unsigned char)
 .text._ZN6FEHLCD6_ClearEv
                0x0000000000010444      0x15c Libraries/FEHLCD.o
                0x0000000000010444                FEHLCD::_Clear()
 .text._ZN6FEHLCD8NextLineEv
                0x00000000000105a0       0x2a Libraries/FEHLCD.o
                0x00000000000105a0                FEHLCD::NextLine()
 .text._ZN6FEHLCD9CheckLineEv
                0x00000000000105ca       0x28 Libraries/FEHLCD.o
                0x00000000000105ca                FEHLCD::CheckLine()
 .text._ZN6FEHLCD13SetDrawRegionEiiii
                0x00000000000105f2       0xfe Libraries/FEHLCD.o
                0x00000000000105f2                FEHLCD::SetDrawRegion(int, int, int, int)
 .text._ZN6FEHLCD11WriteCharAtEiic
                0x00000000000106f0      0x214 Libraries/FEHLCD.o
                0x00000000000106f0                FEHLCD::WriteCharAt(int, int, char)
 .text._ZN6FEHLCD11RepeatColorEv
                0x0000000000010904       0x70 Libraries/FEHLCD.o
                0x0000000000010904                FEHLCD::RepeatColor()
 .text._ZN6FEHLCD10_ForePixelEv
                0x0000000000010974       0xc4 Libraries/FEHLCD.o
                0x0000000000010974                FEHLCD::_ForePixel()
 .text._ZN6FEHLCD10_BackPixelEv
                0x0000000000010a38       0xc4 Libraries/FEHLCD.o
                0x0000000000010a38                FEHLCD::_BackPixel()
 .text._ZN6FEHLCD22SetRegisterColorValuesEv
                0x0000000000010afc      0x336 Libraries/FEHLCD.o
                0x0000000000010afc                FEHLCD::SetRegisterColorValues()
 *fill*         0x0000000000010e32        0x2 
 .text._Z41__static_initialization_and_destruction_0ii
                0x0000000000010e34       0x2c Libraries/FEHLCD.o
 .text._GLOBAL__sub_I_image
                0x0000000000010e60       0x10 Libraries/FEHLCD.o
 .text._ZN8FEHAccelC2Ev
                0x0000000000010e70       0x70 Libraries/FEHAccel.o
                0x0000000000010e70                FEHAccel::FEHAccel()
                0x0000000000010e70                FEHAccel::FEHAccel()
 .text._Z41__static_initialization_and_destruction_0ii
                0x0000000000010ee0       0x2c Libraries/FEHAccel.o
 .text._GLOBAL__sub_I_Accel
                0x0000000000010f0c       0x10 Libraries/FEHAccel.o
 .text._ZN10FEHBatteryC2EN5FEHIO8FEHIOPinE
                0x0000000000010f1c       0x22 Libraries/FEHBattery.o
                0x0000000000010f1c                FEHBattery::FEHBattery(FEHIO::FEHIOPin)
                0x0000000000010f1c                FEHBattery::FEHBattery(FEHIO::FEHIOPin)
 *fill*         0x0000000000010f3e        0x2 
 .text._Z41__static_initialization_and_destruction_0ii
                0x0000000000010f40       0x30 Libraries/FEHBattery.o
 .text._GLOBAL__sub_I_Battery
                0x0000000000010f70       0x10 Libraries/FEHBattery.o
 .text._ZN7FEHXBeeC2Ev
                0x0000000000010f80       0x1a Drivers/FEHXBee.o
                0x0000000000010f80                FEHXBee::FEHXBee()
                0x0000000000010f80                FEHXBee::FEHXBee()
 *fill*         0x0000000000010f9a        0x2 
 .text._ZN7FEHXBee17SetPacketCallBackEPFvPhhE
                0x0000000000010f9c       0x20 Drivers/FEHXBee.o
                0x0000000000010f9c                FEHXBee::SetPacketCallBack(void (*)(unsigned char*, unsigned char))
 .text._Z22UART0_RX_TX_IRQHandlerv
                0x0000000000010fbc       0xec Drivers/FEHXBee.o
                0x0000000000010fbc                UART0_RX_TX_IRQHandler()
 .text._ZN6FEHRCSC2Ev
                0x00000000000110a8       0x74 Libraries/FEHRCS.o
                0x00000000000110a8                FEHRCS::FEHRCS()
                0x00000000000110a8                FEHRCS::FEHRCS()
 .text._Z14RCSDataProcessPhh
                0x000000000001111c       0xa0 Libraries/FEHRCS.o
                0x000000000001111c                RCSDataProcess(unsigned char*, unsigned char)
 .text._Z41__static_initialization_and_destruction_0ii
                0x00000000000111bc       0x2c Libraries/FEHRCS.o
 .text._GLOBAL__sub_I_RCS
                0x00000000000111e8       0x10 Libraries/FEHRCS.o
 .text._ZN5FEHSDC2Ev
                0x00000000000111f8       0x24 Libraries/FEHSD.o
                0x00000000000111f8                FEHSD::FEHSD()
                0x00000000000111f8                FEHSD::FEHSD()
 .text._ZN5FEHSD9FCloseAllEv
                0x000000000001121c       0x6c Libraries/FEHSD.o
                0x000000000001121c                FEHSD::FCloseAll()
 .text._Z41__static_initialization_and_destruction_0ii
                0x0000000000011288       0x2c Libraries/FEHSD.o
 .text._GLOBAL__sub_I_SD
                0x00000000000112b4       0x10 Libraries/FEHSD.o
 .text._ZN9FEHRandom10InitializeEv
                0x00000000000112c4       0x3c Libraries/FEHRandom.o
                0x00000000000112c4                FEHRandom::Initialize()
 .text.startup._GLOBAL__sub_I__ZN9__gnu_cxx9__freeresEv
                0x0000000000011300       0x28 /Applications/FEH_ARM/bin/../lib/gcc/arm-none-eabi/10.3.1/../../../../arm-none-eabi/lib/thumb/v7e-m/nofp/libstdc++.a(eh_alloc.o)
 .text          0x0000000000011328      0x378 /Applications/FEH_ARM/bin/../lib/gcc/arm-none-eabi/10.3.1/thumb/v7e-m/nofp/libgcc.a(_arm_addsubdf3.o)
                0x0000000000011328                __aeabi_drsub
                0x0000000000011330                __subdf3
                0x0000000000011330                __aeabi_dsub
                0x0000000000011334                __aeabi_dadd
                0x0000000000011334                __adddf3
                0x00000000000115ac                __aeabi_ui2d
                0x00000000000115ac                __floatunsidf
                0x00000000000115cc                __floatsidf
                0x00000000000115cc                __aeabi_i2d
                0x00000000000115f0                __extendsfdf2
                0x00000000000115f0                __aeabi_f2d
                0x0000000000011634                __aeabi_ul2d
                0x0000000000011634                __floatundidf
                0x0000000000011644                __aeabi_l2d
                0x0000000000011644                __floatdidf
 .text          0x00000000000116a0      0x424 /Applications/FEH_ARM/bin/../lib/gcc/arm-none-eabi/10.3.1/thumb/v7e-m/nofp/libgcc.a(_arm_muldivdf3.o)
                0x00000000000116a0                __aeabi_dmul
                0x00000000000116a0                __muldf3
                0x00000000000118f4                __aeabi_ddiv
                0x00000000000118f4                __divdf3
 .text          0x0000000000011ac4      0x110 /Applications/FEH_ARM/bin/../lib/gcc/arm-none-eabi/10.3.1/thumb/v7e-m/nofp/libgcc.a(_arm_cmpdf2.o)
                0x0000000000011ac4                __gedf2
                0x0000000000011ac4                __gtdf2
                0x0000000000011acc                __ledf2
                0x0000000000011acc                __ltdf2
                0x0000000000011ad4                __cmpdf2
                0x0000000000011ad4                __eqdf2
                0x0000000000011ad4                __nedf2
                0x0000000000011b50                __aeabi_cdrcmple
                0x0000000000011b60                __aeabi_cdcmple
                0x0000000000011b60                __aeabi_cdcmpeq
                0x0000000000011b70                __aeabi_dcmpeq
                0x0000000000011b84                __aeabi_dcmplt
                0x0000000000011b98                __aeabi_dcmple
                0x0000000000011bac                __aeabi_dcmpge
                0x0000000000011bc0                __aeabi_dcmpgt
 .text          0x0000000000011bd4       0x50 /Applications/FEH_ARM/bin/../lib/gcc/arm-none-eabi/10.3.1/thumb/v7e-m/nofp/libgcc.a(_arm_fixdfsi.o)
                0x0000000000011bd4                __fixdfsi
                0x0000000000011bd4                __aeabi_d2iz
 .text          0x0000000000011c24       0x40 /Applications/FEH_ARM/bin/../lib/gcc/arm-none-eabi/10.3.1/thumb/v7e-m/nofp/libgcc.a(_arm_fixunsdfsi.o)
                0x0000000000011c24                __fixunsdfsi
                0x0000000000011c24                __aeabi_d2uiz
 .text          0x0000000000011c64       0xa0 /Applications/FEH_ARM/bin/../lib/gcc/arm-none-eabi/10.3.1/thumb/v7e-m/nofp/libgcc.a(_arm_truncdfsf2.o)
                0x0000000000011c64                __aeabi_d2f
                0x0000000000011c64                __truncdfsf2
 .text          0x0000000000011d04       0xec /Applications/FEH_ARM/bin/../lib/gcc/arm-none-eabi/10.3.1/thumb/v7e-m/nofp/libgcc.a(_arm_cmpsf2.o)
                0x0000000000011d04                __gesf2
                0x0000000000011d04                __gtsf2
                0x0000000000011d0c                __ltsf2
                0x0000000000011d0c                __lesf2
                0x0000000000011d14                __nesf2
                0x0000000000011d14                __eqsf2
                0x0000000000011d14                __cmpsf2
                0x0000000000011d74                __aeabi_cfrcmple
                0x0000000000011d7c                __aeabi_cfcmpeq
                0x0000000000011d7c                __aeabi_cfcmple
                0x0000000000011d8c                __aeabi_fcmpeq
                0x0000000000011da0                __aeabi_fcmplt
                0x0000000000011db4                __aeabi_fcmple
                0x0000000000011dc8                __aeabi_fcmpge
                0x0000000000011ddc                __aeabi_fcmpgt
 .text.__libc_init_array
                0x0000000000011df0       0x48 /Applications/FEH_ARM/bin/../lib/gcc/arm-none-eabi/10.3.1/../../../../arm-none-eabi/lib/thumb/v7e-m/nofp/libg.a(lib_a-init.o)
                0x0000000000011df0                __libc_init_array
 .text.__retarget_lock_acquire_recursive
                0x0000000000011e38        0x4 /Applications/FEH_ARM/bin/../lib/gcc/arm-none-eabi/10.3.1/../../../../arm-none-eabi/lib/thumb/v7e-m/nofp/libg.a(lib_a-lock.o)
                0x0000000000011e38                __retarget_lock_acquire_recursive
 .text.__retarget_lock_release_recursive
                0x0000000000011e3c        0x4 /Applications/FEH_ARM/bin/../lib/gcc/arm-none-eabi/10.3.1/../../../../arm-none-eabi/lib/thumb/v7e-m/nofp/libg.a(lib_a-lock.o)
                0x0000000000011e3c                __retarget_lock_release_recursive
 .text.malloc   0x0000000000011e40       0x10 /Applications/FEH_ARM/bin/../lib/gcc/arm-none-eabi/10.3.1/../../../../arm-none-eabi/lib/thumb/v7e-m/nofp/libg.a(lib_a-malloc.o)
                0x0000000000011e40                malloc
 .text._malloc_r
                0x0000000000011e50      0x560 /Applications/FEH_ARM/bin/../lib/gcc/arm-none-eabi/10.3.1/../../../../arm-none-eabi/lib/thumb/v7e-m/nofp/libg.a(lib_a-mallocr.o)
                0x0000000000011e50                _malloc_r
 .text.__malloc_lock
                0x00000000000123b0        0xc /Applications/FEH_ARM/bin/../lib/gcc/arm-none-eabi/10.3.1/../../../../arm-none-eabi/lib/thumb/v7e-m/nofp/libg.a(lib_a-mlock.o)
                0x00000000000123b0                __malloc_lock
 .text.__malloc_unlock
                0x00000000000123bc        0xc /Applications/FEH_ARM/bin/../lib/gcc/arm-none-eabi/10.3.1/../../../../arm-none-eabi/lib/thumb/v7e-m/nofp/libg.a(lib_a-mlock.o)
                0x00000000000123bc                __malloc_unlock
 .text._sbrk_r  0x00000000000123c8       0x24 /Applications/FEH_ARM/bin/../lib/gcc/arm-none-eabi/10.3.1/../../../../arm-none-eabi/lib/thumb/v7e-m/nofp/libg.a(lib_a-sbrkr.o)
                0x00000000000123c8                _sbrk_r
 .text.startup.register_fini
                0x00000000000123ec       0x14 /Applications/FEH_ARM/bin/../lib/gcc/arm-none-eabi/10.3.1/../../../../arm-none-eabi/lib/thumb/v7e-m/nofp/libg.a(lib_a-__call_atexit.o)
 .text.atexit   0x0000000000012400        0xc /Applications/FEH_ARM/bin/../lib/gcc/arm-none-eabi/10.3.1/../../../../arm-none-eabi/lib/thumb/v7e-m/nofp/libg.a(lib_a-atexit.o)
                0x0000000000012400                atexit
 .text.__libc_fini_array
                0x000000000001240c       0x2c /Applications/FEH_ARM/bin/../lib/gcc/arm-none-eabi/10.3.1/../../../../arm-none-eabi/lib/thumb/v7e-m/nofp/libg.a(lib_a-fini.o)
                0x000000000001240c                __libc_fini_array
 .text._malloc_trim_r
                0x0000000000012438       0xa0 /Applications/FEH_ARM/bin/../lib/gcc/arm-none-eabi/10.3.1/../../../../arm-none-eabi/lib/thumb/v7e-m/nofp/libg.a(lib_a-freer.o)
                0x0000000000012438                _malloc_trim_r
 .text._free_r  0x00000000000124d8      0x20c /Applications/FEH_ARM/bin/../lib/gcc/arm-none-eabi/10.3.1/../../../../arm-none-eabi/lib/thumb/v7e-m/nofp/libg.a(lib_a-freer.o)
                0x00000000000124d8                _free_r
 .text.__register_exitproc
                0x00000000000126e4       0x8c /Applications/FEH_ARM/bin/../lib/gcc/arm-none-eabi/10.3.1/../../../../arm-none-eabi/lib/thumb/v7e-m/nofp/libg.a(lib_a-__atexit.o)
                0x00000000000126e4                __register_exitproc
 .text._sbrk    0x0000000000012770       0x1c /Applications/FEH_ARM/bin/../lib/gcc/arm-none-eabi/10.3.1/../../../../arm-none-eabi/lib/thumb/v7e-m/nofp/libnosys.a(sbrk.o)
                0x0000000000012770                _sbrk
 *(.rodata .rodata.* .constdata .constdata.*)
 .rodata.K60_SDHC0_init
                0x000000000001278c        0xc Drivers/SDHC.o
                0x000000000001278c                K60_SDHC0_init
 .rodata._ZL21ESDHC_COMMAND_XFERTYP
                0x0000000000012798      0x100 Drivers/SDHC.o
 .rodata._ZL9GPIOPorts
                0x0000000000012898       0x20 Libraries/FEHIO.o
 .rodata._ZL10ADCNumbers
                0x00000000000128b8       0x21 Libraries/FEHIO.o
 *fill*         0x00000000000128d9        0x3 
 .rodata._ZL14GPIOPinNumbers
                0x00000000000128dc       0x80 Libraries/FEHIO.o
 .rodata._ZL16AnalogPinNumbers
                0x000000000001295c       0x84 Libraries/FEHIO.o
 .rodata        0x00000000000129e0       0x78 Libraries/FEHIO.o
 .rodata        0x0000000000012a58       0x32 Libraries/FEHLCD.o
 *fill*         0x0000000000012a8a        0x2 
 .rodata._global_impure_ptr
                0x0000000000012a8c        0x4 /Applications/FEH_ARM/bin/../lib/gcc/arm-none-eabi/10.3.1/../../../../arm-none-eabi/lib/thumb/v7e-m/nofp/libg.a(lib_a-impure.o)
                0x0000000000012a8c                _global_impure_ptr
                0x0000000000012a90                . = ALIGN (0x4)
                0x0000000000012a90                . = ALIGN (0x4)
 *(.init)
 .init          0x0000000000012a90        0x4 /Applications/FEH_ARM/bin/../lib/gcc/arm-none-eabi/10.3.1/thumb/v7e-m/nofp/crti.o
                0x0000000000012a90                _init
 .init          0x0000000000012a94        0x8 /Applications/FEH_ARM/bin/../lib/gcc/arm-none-eabi/10.3.1/thumb/v7e-m/nofp/crtn.o
                0x0000000000012a9c                . = ALIGN (0x4)
                0x0000000000012a9c                __preinit_array_start = .
 *(.preinit_array)
                0x0000000000012a9c                __preinit_array_end = .
                0x0000000000012a9c                . = ALIGN (0x4)
                0x0000000000012a9c                __init_array_start = .
 *(SORT_BY_NAME(.init_array.*))
 .init_array.00000
                0x0000000000012a9c        0x4 /Applications/FEH_ARM/bin/../lib/gcc/arm-none-eabi/10.3.1/../../../../arm-none-eabi/lib/thumb/v7e-m/nofp/libg.a(lib_a-__call_atexit.o)
 *(.init_array)
 .init_array    0x0000000000012aa0        0x4 /Applications/FEH_ARM/bin/../lib/gcc/arm-none-eabi/10.3.1/thumb/v7e-m/nofp/crtbegin.o
 .init_array    0x0000000000012aa4        0x4 ../main.o
 .init_array    0x0000000000012aa8        0x4 FEHProteus.o
 .init_array    0x0000000000012aac        0x4 Libraries/FEHBuzzer.o
 .init_array    0x0000000000012ab0        0x4 Libraries/FEHLCD.o
 .init_array    0x0000000000012ab4        0x4 Libraries/FEHAccel.o
 .init_array    0x0000000000012ab8        0x4 Libraries/FEHBattery.o
 .init_array    0x0000000000012abc        0x4 Libraries/FEHRCS.o
 .init_array    0x0000000000012ac0        0x4 Libraries/FEHSD.o
 .init_array    0x0000000000012ac4        0x4 /Applications/FEH_ARM/bin/../lib/gcc/arm-none-eabi/10.3.1/../../../../arm-none-eabi/lib/thumb/v7e-m/nofp/libstdc++.a(eh_alloc.o)
                0x0000000000012ac8                __init_array_end = .
 *(.fini)
 .fini          0x0000000000012ac8        0x4 /Applications/FEH_ARM/bin/../lib/gcc/arm-none-eabi/10.3.1/thumb/v7e-m/nofp/crti.o
                0x0000000000012ac8                _fini
 .fini          0x0000000000012acc        0x8 /Applications/FEH_ARM/bin/../lib/gcc/arm-none-eabi/10.3.1/thumb/v7e-m/nofp/crtn.o
                0x0000000000012ad4                . = ALIGN (0x4)
 *crtbegin.o(.ctors)
 *(EXCLUDE_FILE(*crtend.o) .ctors)
 *(SORT_BY_NAME(.ctors.*))
 *crtend.o(.ctors)
                0x0000000000012ad4                . = ALIGN (0x4)
 *crtbegin.o(.dtors)
 *(EXCLUDE_FILE(*crtend.o) .dtors)
 *(SORT_BY_NAME(.dtors.*))
 *crtend.o(.dtors)
                0x0000000000012ad4                . = ALIGN (0x4)

.ARM.extab
 *(.ARM.extab* .gnu.linkonce.armextab.*)
                0x0000000000012ad4                __exidx_start = .

.ARM.exidx      0x0000000000012ad4        0x8
 *(.ARM.exidx* .gnu.linkonce.armexidx.*)
 .ARM.exidx.text.startup._GLOBAL__sub_I__ZN9__gnu_cxx9__freeresEv
                0x0000000000012ad4        0x8 /Applications/FEH_ARM/bin/../lib/gcc/arm-none-eabi/10.3.1/../../../../arm-none-eabi/lib/thumb/v7e-m/nofp/libstdc++.a(eh_alloc.o)
                0x0000000000012adc                __exidx_end = .
                0x0000000000012adc                _etext = .

.rel.dyn        0x0000000000012adc        0x0
 .rel.iplt      0x0000000000012adc        0x0 /Applications/FEH_ARM/bin/../lib/gcc/arm-none-eabi/10.3.1/thumb/v7e-m/nofp/crtbegin.o

.m_usb_data
 *(m_usb_bdt)

.data_RAM2      0x000000001fff0000        0x0 load address 0x0000000000012adc
 FILL mask 0xff
                [!provide]                        PROVIDE (__start_data_RAM2 = .)
 *(.ramfunc.$RAM2)
 *(.ramfunc.$SRAM_LOWER)
 *(.EXTRA_RAM)
 *(.data.$RAM2)
 *(.data.$SRAM_LOWER)
 *(.data.$RAM2.*)
 *(.data.$SRAM_LOWER.*)
                0x000000001fff0000                . = ALIGN (0x4)
                [!provide]                        PROVIDE (__end_data_RAM2 = .)

.uninit_RESERVED
                0x0000000020000000        0x0
                0x0000000020000000                . = ALIGN (0x4)
 *(.bss.$RESERVED*)
                0x0000000020000000                . = ALIGN (0x4)
                0x0000000020000000                _end_uninit_RESERVED = .

.data           0x0000000020000000     0x155c load address 0x0000000000012adc
 FILL mask 0xff
                0x0000000020000000                _data = .
 *(vtable)
 *(.ramfunc*)
 *(CodeQuickAccess)
 *(DataQuickAccess)
 *(RamFunction)
 *(.data*)
 .data._ZL4Stat
                0x0000000020000000        0x1 Drivers/SDHC.o
 *fill*         0x0000000020000001        0x3 ff
 .data.image    0x0000000020000004      0x74e Libraries/FEHLCD.o
                0x0000000020000004                image
 *fill*         0x0000000020000752        0x2 ff
 .data.logo     0x0000000020000754      0x3e6 Libraries/FEHLCD.o
                0x0000000020000754                logo
 *fill*         0x0000000020000b3a        0x2 ff
 .data._ZN6FEHLCD8fontDataE
                0x0000000020000b3c      0x1e0 Libraries/FEHLCD.o
                0x0000000020000b3c                FEHLCD::fontData
 .data._impure_ptr
                0x0000000020000d1c        0x4 /Applications/FEH_ARM/bin/../lib/gcc/arm-none-eabi/10.3.1/../../../../arm-none-eabi/lib/thumb/v7e-m/nofp/libg.a(lib_a-impure.o)
                0x0000000020000d1c                _impure_ptr
 .data.impure_data
                0x0000000020000d20      0x428 /Applications/FEH_ARM/bin/../lib/gcc/arm-none-eabi/10.3.1/../../../../arm-none-eabi/lib/thumb/v7e-m/nofp/libg.a(lib_a-impure.o)
 .data.__malloc_av_
                0x0000000020001148      0x408 /Applications/FEH_ARM/bin/../lib/gcc/arm-none-eabi/10.3.1/../../../../arm-none-eabi/lib/thumb/v7e-m/nofp/libg.a(lib_a-mallocr.o)
                0x0000000020001148                __malloc_av_
 .data.__malloc_sbrk_base
                0x0000000020001550        0x4 /Applications/FEH_ARM/bin/../lib/gcc/arm-none-eabi/10.3.1/../../../../arm-none-eabi/lib/thumb/v7e-m/nofp/libg.a(lib_a-mallocr.o)
                0x0000000020001550                __malloc_sbrk_base
 .data.__malloc_trim_threshold
                0x0000000020001554        0x4 /Applications/FEH_ARM/bin/../lib/gcc/arm-none-eabi/10.3.1/../../../../arm-none-eabi/lib/thumb/v7e-m/nofp/libg.a(lib_a-mallocr.o)
                0x0000000020001554                __malloc_trim_threshold
 .data.__atexit_recursive_mutex
                0x0000000020001558        0x4 /Applications/FEH_ARM/bin/../lib/gcc/arm-none-eabi/10.3.1/../../../../arm-none-eabi/lib/thumb/v7e-m/nofp/libg.a(lib_a-__call_atexit.o)
                0x0000000020001558                __atexit_recursive_mutex
                0x000000002000155c                . = ALIGN (0x4)
                0x000000002000155c                _edata = .

.igot.plt       0x000000002000155c        0x0 load address 0x0000000000014038
 .igot.plt      0x000000002000155c        0x0 /Applications/FEH_ARM/bin/../lib/gcc/arm-none-eabi/10.3.1/thumb/v7e-m/nofp/crtbegin.o

.bss_RAM2       0x000000001fff0000        0x0
                0x000000001fff0000                . = ALIGN (0x4)
                [!provide]                        PROVIDE (__start_bss_RAM2 = .)
 *(.bss.$RAM2)
 *(.bss.$SRAM_LOWER)
 *(.bss.$RAM2.*)
 *(.bss.$SRAM_LOWER.*)
                0x000000001fff0000                . = ALIGN ((. != 0x0)?0x4:0x1)
                [!provide]                        PROVIDE (__end_bss_RAM2 = .)

.bss            0x000000002000155c      0x470
                0x000000002000155c                . = ALIGN (0x4)
                0x000000002000155c                _bss = .
 *(.bss*)
 .bss           0x000000002000155c       0x1c /Applications/FEH_ARM/bin/../lib/gcc/arm-none-eabi/10.3.1/thumb/v7e-m/nofp/crtbegin.o
 .bss.cds       0x0000000020001578        0x1 ../main.o
                0x0000000020001578                cds
 *fill*         0x0000000020001579        0x3 
 .bss.fr        0x000000002000157c        0x1 ../main.o
                0x000000002000157c                fr
 *fill*         0x000000002000157d        0x3 
 .bss.fl        0x0000000020001580        0x1 ../main.o
                0x0000000020001580                fl
 *fill*         0x0000000020001581        0x3 
 .bss.br        0x0000000020001584        0x1 ../main.o
                0x0000000020001584                br
 *fill*         0x0000000020001585        0x3 
 .bss.bl        0x0000000020001588        0x1 ../main.o
                0x0000000020001588                bl
 *fill*         0x0000000020001589        0x3 
 .bss.rightMotor
                0x000000002000158c        0x8 ../main.o
                0x000000002000158c                rightMotor
 .bss.leftMotor
                0x0000000020001594        0x8 ../main.o
                0x0000000020001594                leftMotor
 .bss.MasterTransmission
                0x000000002000159c        0x1 Drivers/i2c.o
                0x000000002000159c                MasterTransmission
 .bss.SlaveID   0x000000002000159d        0x1 Drivers/i2c.o
                0x000000002000159d                SlaveID
 .bss.timeout   0x000000002000159e        0x1 Drivers/i2c.o
                0x000000002000159e                timeout
 *fill*         0x000000002000159f        0x1 
 .bss.SDHC_Card
                0x00000000200015a0       0x14 Drivers/SDHC.o
                0x00000000200015a0                SDHC_Card
 .bss.SDHC_Info
                0x00000000200015b4      0x204 Drivers/SDHC.o
                0x00000000200015b4                SDHC_Info
 .bss.SDHC_Device
                0x00000000200017b8        0x8 Drivers/SDHC.o
                0x00000000200017b8                SDHC_Device
 .bss.Propeller
                0x00000000200017c0        0x1 FEHProteus.o
                0x00000000200017c0                Propeller
 *fill*         0x00000000200017c1        0x3 
 .bss.CoreClockKHz
                0x00000000200017c4        0x4 FEHProteus.o
                0x00000000200017c4                CoreClockKHz
 .bss.CoreClockMHz
                0x00000000200017c8        0x4 FEHProteus.o
                0x00000000200017c8                CoreClockMHz
 .bss.PeripheralClockKHz
                0x00000000200017cc        0x4 FEHProteus.o
                0x00000000200017cc                PeripheralClockKHz
 .bss._ZN14AnalogInputPin17Master_Adc_ConfigE
                0x00000000200017d0       0x10 Libraries/FEHIO.o
                0x00000000200017d0                AnalogInputPin::Master_Adc_Config
 .bss._ZN14AnalogInputPin18Encoder_Adc_ConfigE
                0x00000000200017e0       0x10 Libraries/FEHIO.o
                0x00000000200017e0                AnalogInputPin::Encoder_Adc_Config
 .bss.interrupt_counts
                0x00000000200017f0       0x80 Libraries/FEHIO.o
                0x00000000200017f0                interrupt_counts
 .bss._ZN13AnalogEncoder7pinListE
                0x0000000020001870        0x4 Libraries/FEHIO.o
                0x0000000020001870                AnalogEncoder::pinList
 .bss.__interrupt_counter
                0x0000000020001874        0x4 Libraries/FEHIO.o
                0x0000000020001874                __interrupt_counter
 .bss.Buzzer    0x0000000020001878        0x1 Libraries/FEHBuzzer.o
                0x0000000020001878                Buzzer
 *fill*         0x0000000020001879        0x3 
 .bss.LCD       0x000000002000187c       0x44 Libraries/FEHLCD.o
                0x000000002000187c                LCD
 .bss.initialized
                0x00000000200018c0        0x1 Libraries/FEHLCD.o
                0x00000000200018c0                initialized
 *fill*         0x00000000200018c1        0x3 
 .bss.Accel     0x00000000200018c4        0x1 Libraries/FEHAccel.o
                0x00000000200018c4                Accel
 *fill*         0x00000000200018c5        0x3 
 .bss.Battery   0x00000000200018c8        0x1 Libraries/FEHBattery.o
                0x00000000200018c8                Battery
 *fill*         0x00000000200018c9        0x3 
 .bss.XBeeDataProcess
                0x00000000200018cc        0x4 Drivers/FEHXBee.o
                0x00000000200018cc                XBeeDataProcess
 .bss._xbeebuffer
                0x00000000200018d0       0x10 Drivers/FEHXBee.o
                0x00000000200018d0                _xbeebuffer
 .bss._xbeebufferindex
                0x00000000200018e0        0x1 Drivers/FEHXBee.o
                0x00000000200018e0                _xbeebufferindex
 .bss._xbeestate
                0x00000000200018e1        0x1 Drivers/FEHXBee.o
                0x00000000200018e1                _xbeestate
 .bss._xbeebytereceived
                0x00000000200018e2        0x1 Drivers/FEHXBee.o
                0x00000000200018e2                _xbeebytereceived
 .bss._xbeebyte
                0x00000000200018e3        0x1 Drivers/FEHXBee.o
                0x00000000200018e3                _xbeebyte
 .bss.RCS       0x00000000200018e4        0x8 Libraries/FEHRCS.o
                0x00000000200018e4                RCS
 .bss._enabled  0x00000000200018ec        0x1 Libraries/FEHRCS.o
                0x00000000200018ec                _enabled
 *fill*         0x00000000200018ed        0x3 
 .bss._RCS_x    0x00000000200018f0        0x4 Libraries/FEHRCS.o
                0x00000000200018f0                _RCS_x
 .bss._RCS_y    0x00000000200018f4        0x4 Libraries/FEHRCS.o
                0x00000000200018f4                _RCS_y
 .bss._RCS_heading
                0x00000000200018f8        0x4 Libraries/FEHRCS.o
                0x00000000200018f8                _RCS_heading
 .bss._RCS_objective
                0x00000000200018fc        0x4 Libraries/FEHRCS.o
                0x00000000200018fc                _RCS_objective
 .bss._RCS_time
                0x0000000020001900        0x1 Libraries/FEHRCS.o
                0x0000000020001900                _RCS_time
 .bss._RCS_stop
                0x0000000020001901        0x1 Libraries/FEHRCS.o
                0x0000000020001901                _RCS_stop
 .bss._RCS_foundpacket
                0x0000000020001902        0x1 Libraries/FEHRCS.o
                0x0000000020001902                _RCS_foundpacket
 *fill*         0x0000000020001903        0x1 
 .bss.SD        0x0000000020001904        0x8 Libraries/FEHSD.o
                0x0000000020001904                SD
 .bss.f_res     0x000000002000190c        0x1 Libraries/FEHSD.o
                0x000000002000190c                f_res
 *fill*         0x000000002000190d        0x3 
 .bss.filePtrs  0x0000000020001910       0x64 Libraries/FEHSD.o
                0x0000000020001910                filePtrs
 .bss.Random    0x0000000020001974        0x1 Libraries/FEHRandom.o
                0x0000000020001974                Random
 *fill*         0x0000000020001975        0x3 
 .bss._ZN12_GLOBAL__N_114emergency_poolE
                0x0000000020001978       0x10 /Applications/FEH_ARM/bin/../lib/gcc/arm-none-eabi/10.3.1/../../../../arm-none-eabi/lib/thumb/v7e-m/nofp/libstdc++.a(eh_alloc.o)
 .bss.__lock___atexit_recursive_mutex
                0x0000000020001988        0x1 /Applications/FEH_ARM/bin/../lib/gcc/arm-none-eabi/10.3.1/../../../../arm-none-eabi/lib/thumb/v7e-m/nofp/libg.a(lib_a-lock.o)
                0x0000000020001988                __lock___atexit_recursive_mutex
 *fill*         0x0000000020001989        0x3 
 .bss.__lock___malloc_recursive_mutex
                0x000000002000198c        0x1 /Applications/FEH_ARM/bin/../lib/gcc/arm-none-eabi/10.3.1/../../../../arm-none-eabi/lib/thumb/v7e-m/nofp/libg.a(lib_a-lock.o)
                0x000000002000198c                __lock___malloc_recursive_mutex
 *fill*         0x000000002000198d        0x3 
 .bss.__malloc_current_mallinfo
                0x0000000020001990       0x28 /Applications/FEH_ARM/bin/../lib/gcc/arm-none-eabi/10.3.1/../../../../arm-none-eabi/lib/thumb/v7e-m/nofp/libg.a(lib_a-mallocr.o)
                0x0000000020001990                __malloc_current_mallinfo
 .bss.__malloc_max_sbrked_mem
                0x00000000200019b8        0x4 /Applications/FEH_ARM/bin/../lib/gcc/arm-none-eabi/10.3.1/../../../../arm-none-eabi/lib/thumb/v7e-m/nofp/libg.a(lib_a-mallocr.o)
                0x00000000200019b8                __malloc_max_sbrked_mem
 .bss.__malloc_max_total_mem
                0x00000000200019bc        0x4 /Applications/FEH_ARM/bin/../lib/gcc/arm-none-eabi/10.3.1/../../../../arm-none-eabi/lib/thumb/v7e-m/nofp/libg.a(lib_a-mallocr.o)
                0x00000000200019bc                __malloc_max_total_mem
 .bss.__malloc_top_pad
                0x00000000200019c0        0x4 /Applications/FEH_ARM/bin/../lib/gcc/arm-none-eabi/10.3.1/../../../../arm-none-eabi/lib/thumb/v7e-m/nofp/libg.a(lib_a-mallocr.o)
                0x00000000200019c0                __malloc_top_pad
 .bss.errno     0x00000000200019c4        0x4 /Applications/FEH_ARM/bin/../lib/gcc/arm-none-eabi/10.3.1/../../../../arm-none-eabi/lib/thumb/v7e-m/nofp/libg.a(lib_a-reent.o)
                0x00000000200019c4                errno
 .bss.heap_end.0
                0x00000000200019c8        0x4 /Applications/FEH_ARM/bin/../lib/gcc/arm-none-eabi/10.3.1/../../../../arm-none-eabi/lib/thumb/v7e-m/nofp/libnosys.a(sbrk.o)
 *(COMMON)
                0x00000000200019cc                . = ALIGN (0x4)
                0x00000000200019cc                _ebss = .
                0x00000000200019cc                PROVIDE (end = .)

.noinit_RAM2    0x000000001fff0000        0x0
                0x000000001fff0000                . = ALIGN (0x4)
 *(.noinit.$RAM2)
 *(.noinit.$SRAM_LOWER)
 *(.noinit.$RAM2.*)
 *(.noinit.$SRAM_LOWER.*)
                0x000000001fff0000                . = ALIGN (0x4)

.noinit         0x00000000200019cc        0x0
                0x00000000200019cc                . = ALIGN (0x4)
                0x00000000200019cc                _noinit = .
 *(.noinit*)
                0x00000000200019cc                . = ALIGN (0x4)
                0x00000000200019cc                _end_noinit = .
                0x0000000000001000                _HeapSize = 0x1000

.heap           0x000000001fff0000     0x1000
                0x000000001fff0000                _pvHeapStart = .
                0x000000001fff1000                . = (. + _HeapSize)
 *fill*         0x000000001fff0000     0x1000 
                0x000000001fff1000                . = ALIGN (0x4)
                0x000000001fff1000                _pvHeapLimit = .
                0x0000000000001000                _StackSize = 0x1000

.heap2stackfill
                0x000000001fff1000     0x1000
                0x000000001fff2000                . = (. + _StackSize)
 *fill*         0x000000001fff1000     0x1000 

.stack          0x000000001ffff000        0x0
                0x000000001ffff000                _vStackBase = .
                0x000000001ffff000                . = ALIGN (0x4)
                0x0000000020000000                _vStackTop = (. + _StackSize)
                0x000000000000c000                _image_start = LOADADDR (.text)
                0x0000000000014038                _image_end = (LOADADDR (.data) + SIZEOF (.data))
                0x0000000000008038                _image_size = (_image_end - _image_start)
OUTPUT(../Proteus.elf elf32-littlearm)
LOAD linker stubs

.ARM.attributes
                0x0000000000000000       0x2a
 .ARM.attributes
                0x0000000000000000       0x1e /Applications/FEH_ARM/bin/../lib/gcc/arm-none-eabi/10.3.1/thumb/v7e-m/nofp/crti.o
 .ARM.attributes
                0x000000000000001e       0x2e /Applications/FEH_ARM/bin/../lib/gcc/arm-none-eabi/10.3.1/thumb/v7e-m/nofp/crtbegin.o
 .ARM.attributes
                0x000000000000004c       0x2e ../main.o
 .ARM.attributes
                0x000000000000007a       0x2e Startup/startup_mk60d10.o
 .ARM.attributes
                0x00000000000000a8       0x2e Libraries/FEHMotor.o
 .ARM.attributes
                0x00000000000000d6       0x2e Drivers/i2c.o
 .ARM.attributes
                0x0000000000000104       0x2e Drivers/spi.o
 .ARM.attributes
                0x0000000000000132       0x2e Drivers/uart.o
 .ARM.attributes
                0x0000000000000160       0x2e Drivers/ff.o
 .ARM.attributes
                0x000000000000018e       0x2e Drivers/SDHC.o
 .ARM.attributes
                0x00000000000001bc       0x2e Drivers/lptmr.o
 .ARM.attributes
                0x00000000000001ea       0x2e FEHProteus.o
 .ARM.attributes
                0x0000000000000218       0x2e Drivers/FEHPropeller.o
 .ARM.attributes
                0x0000000000000246       0x2e Libraries/FEHUtility.o
 .ARM.attributes
                0x0000000000000274       0x2e Libraries/FEHIO.o
 .ARM.attributes
                0x00000000000002a2       0x2e Drivers/adc16.o
 .ARM.attributes
                0x00000000000002d0       0x2e Libraries/FEHBuzzer.o
 .ARM.attributes
                0x00000000000002fe       0x2e Libraries/FEHLCD.o
 .ARM.attributes
                0x000000000000032c       0x2e Libraries/FEHAccel.o
 .ARM.attributes
                0x000000000000035a       0x2e Libraries/FEHBattery.o
 .ARM.attributes
                0x0000000000000388       0x2e Drivers/FEHXBee.o
 .ARM.attributes
                0x00000000000003b6       0x2e Libraries/FEHRCS.o
 .ARM.attributes
                0x00000000000003e4       0x2e Libraries/FEHSD.o
 .ARM.attributes
                0x0000000000000412       0x2e Libraries/FEHRandom.o
 .ARM.attributes
                0x0000000000000440       0x2e /Applications/FEH_ARM/bin/../lib/gcc/arm-none-eabi/10.3.1/../../../../arm-none-eabi/lib/thumb/v7e-m/nofp/libstdc++.a(eh_alloc.o)
 .ARM.attributes
                0x000000000000046e       0x1e /Applications/FEH_ARM/bin/../lib/gcc/arm-none-eabi/10.3.1/thumb/v7e-m/nofp/libgcc.a(_arm_addsubdf3.o)
 .ARM.attributes
                0x000000000000048c       0x1e /Applications/FEH_ARM/bin/../lib/gcc/arm-none-eabi/10.3.1/thumb/v7e-m/nofp/libgcc.a(_arm_muldivdf3.o)
 .ARM.attributes
                0x00000000000004aa       0x1e /Applications/FEH_ARM/bin/../lib/gcc/arm-none-eabi/10.3.1/thumb/v7e-m/nofp/libgcc.a(_arm_cmpdf2.o)
 .ARM.attributes
                0x00000000000004c8       0x1e /Applications/FEH_ARM/bin/../lib/gcc/arm-none-eabi/10.3.1/thumb/v7e-m/nofp/libgcc.a(_arm_fixdfsi.o)
 .ARM.attributes
                0x00000000000004e6       0x1e /Applications/FEH_ARM/bin/../lib/gcc/arm-none-eabi/10.3.1/thumb/v7e-m/nofp/libgcc.a(_arm_fixunsdfsi.o)
 .ARM.attributes
                0x0000000000000504       0x1e /Applications/FEH_ARM/bin/../lib/gcc/arm-none-eabi/10.3.1/thumb/v7e-m/nofp/libgcc.a(_arm_truncdfsf2.o)
 .ARM.attributes
                0x0000000000000522       0x1e /Applications/FEH_ARM/bin/../lib/gcc/arm-none-eabi/10.3.1/thumb/v7e-m/nofp/libgcc.a(_arm_cmpsf2.o)
 .ARM.attributes
                0x0000000000000540       0x2e /Applications/FEH_ARM/bin/../lib/gcc/arm-none-eabi/10.3.1/../../../../arm-none-eabi/lib/thumb/v7e-m/nofp/libg.a(lib_a-impure.o)
 .ARM.attributes
                0x000000000000056e       0x2e /Applications/FEH_ARM/bin/../lib/gcc/arm-none-eabi/10.3.1/../../../../arm-none-eabi/lib/thumb/v7e-m/nofp/libg.a(lib_a-init.o)
 .ARM.attributes
                0x000000000000059c       0x2e /Applications/FEH_ARM/bin/../lib/gcc/arm-none-eabi/10.3.1/../../../../arm-none-eabi/lib/thumb/v7e-m/nofp/libg.a(lib_a-lock.o)
 .ARM.attributes
                0x00000000000005ca       0x2e /Applications/FEH_ARM/bin/../lib/gcc/arm-none-eabi/10.3.1/../../../../arm-none-eabi/lib/thumb/v7e-m/nofp/libg.a(lib_a-malloc.o)
 .ARM.attributes
                0x00000000000005f8       0x2e /Applications/FEH_ARM/bin/../lib/gcc/arm-none-eabi/10.3.1/../../../../arm-none-eabi/lib/thumb/v7e-m/nofp/libg.a(lib_a-mallocr.o)
 .ARM.attributes
                0x0000000000000626       0x2e /Applications/FEH_ARM/bin/../lib/gcc/arm-none-eabi/10.3.1/../../../../arm-none-eabi/lib/thumb/v7e-m/nofp/libg.a(lib_a-mlock.o)
 .ARM.attributes
                0x0000000000000654       0x2e /Applications/FEH_ARM/bin/../lib/gcc/arm-none-eabi/10.3.1/../../../../arm-none-eabi/lib/thumb/v7e-m/nofp/libg.a(lib_a-sbrkr.o)
 .ARM.attributes
                0x0000000000000682       0x2e /Applications/FEH_ARM/bin/../lib/gcc/arm-none-eabi/10.3.1/../../../../arm-none-eabi/lib/thumb/v7e-m/nofp/libg.a(lib_a-__call_atexit.o)
 .ARM.attributes
                0x00000000000006b0       0x2e /Applications/FEH_ARM/bin/../lib/gcc/arm-none-eabi/10.3.1/../../../../arm-none-eabi/lib/thumb/v7e-m/nofp/libg.a(lib_a-atexit.o)
 .ARM.attributes
                0x00000000000006de       0x2e /Applications/FEH_ARM/bin/../lib/gcc/arm-none-eabi/10.3.1/../../../../arm-none-eabi/lib/thumb/v7e-m/nofp/libg.a(lib_a-fini.o)
 .ARM.attributes
                0x000000000000070c       0x2e /Applications/FEH_ARM/bin/../lib/gcc/arm-none-eabi/10.3.1/../../../../arm-none-eabi/lib/thumb/v7e-m/nofp/libg.a(lib_a-freer.o)
 .ARM.attributes
                0x000000000000073a       0x2e /Applications/FEH_ARM/bin/../lib/gcc/arm-none-eabi/10.3.1/../../../../arm-none-eabi/lib/thumb/v7e-m/nofp/libg.a(lib_a-reent.o)
 .ARM.attributes
                0x0000000000000768       0x2e /Applications/FEH_ARM/bin/../lib/gcc/arm-none-eabi/10.3.1/../../../../arm-none-eabi/lib/thumb/v7e-m/nofp/libg.a(lib_a-__atexit.o)
 .ARM.attributes
                0x0000000000000796       0x2e /Applications/FEH_ARM/bin/../lib/gcc/arm-none-eabi/10.3.1/../../../../arm-none-eabi/lib/thumb/v7e-m/nofp/libnosys.a(sbrk.o)
 .ARM.attributes
                0x00000000000007c4       0x1e /Applications/FEH_ARM/bin/../lib/gcc/arm-none-eabi/10.3.1/thumb/v7e-m/nofp/crtn.o

.comment        0x0000000000000000       0x49
 .comment       0x0000000000000000       0x49 ../main.o
                                         0x4a (size before relaxing)
 .comment       0x0000000000000049       0x4a Startup/startup_mk60d10.o
 .comment       0x0000000000000049       0x4a Libraries/FEHMotor.o
 .comment       0x0000000000000049       0x4a Drivers/i2c.o
 .comment       0x0000000000000049       0x4a Drivers/spi.o
 .comment       0x0000000000000049       0x4a Drivers/uart.o
 .comment       0x0000000000000049       0x4a Drivers/ff.o
 .comment       0x0000000000000049       0x4a Drivers/SDHC.o
 .comment       0x0000000000000049       0x4a Drivers/lptmr.o
 .comment       0x0000000000000049       0x4a FEHProteus.o
 .comment       0x0000000000000049       0x4a Drivers/FEHPropeller.o
 .comment       0x0000000000000049       0x4a Libraries/FEHUtility.o
 .comment       0x0000000000000049       0x4a Libraries/FEHIO.o
 .comment       0x0000000000000049       0x4a Drivers/adc16.o
 .comment       0x0000000000000049       0x4a Libraries/FEHBuzzer.o
 .comment       0x0000000000000049       0x4a Libraries/FEHLCD.o
 .comment       0x0000000000000049       0x4a Libraries/FEHAccel.o
 .comment       0x0000000000000049       0x4a Libraries/FEHBattery.o
 .comment       0x0000000000000049       0x4a Drivers/FEHXBee.o
 .comment       0x0000000000000049       0x4a Libraries/FEHRCS.o
 .comment       0x0000000000000049       0x4a Libraries/FEHSD.o
 .comment       0x0000000000000049       0x4a Libraries/FEHRandom.o

.debug_info     0x0000000000000000    0x143ba
 .debug_info    0x0000000000000000     0x1149 ../main.o
 .debug_info    0x0000000000001149     0x2e5b Startup/startup_mk60d10.o
 .debug_info    0x0000000000003fa4      0x363 Libraries/FEHMotor.o
 .debug_info    0x0000000000004307      0x2d7 Drivers/i2c.o
 .debug_info    0x00000000000045de      0x74c Drivers/spi.o
 .debug_info    0x0000000000004d2a      0x60f Drivers/uart.o
 .debug_info    0x0000000000005339     0x1d82 Drivers/ff.o
 .debug_info    0x00000000000070bb      0xfde Drivers/SDHC.o
 .debug_info    0x0000000000008099      0x33b Drivers/lptmr.o
 .debug_info    0x00000000000083d4      0x1f1 FEHProteus.o
 .debug_info    0x00000000000085c5      0x7b3 Drivers/FEHPropeller.o
 .debug_info    0x0000000000008d78      0x38c Libraries/FEHUtility.o
 .debug_info    0x0000000000009104     0x1dc1 Libraries/FEHIO.o
 .debug_info    0x000000000000aec5      0x51d Drivers/adc16.o
 .debug_info    0x000000000000b3e2      0xa98 Libraries/FEHBuzzer.o
 .debug_info    0x000000000000be7a     0x2bcb Libraries/FEHLCD.o
 .debug_info    0x000000000000ea45      0x2cc Libraries/FEHAccel.o
 .debug_info    0x000000000000ed11      0x413 Libraries/FEHBattery.o
 .debug_info    0x000000000000f124      0xb53 Drivers/FEHXBee.o
 .debug_info    0x000000000000fc77     0x1f49 Libraries/FEHRCS.o
 .debug_info    0x0000000000011bc0     0x1cb9 Libraries/FEHSD.o
 .debug_info    0x0000000000013879      0xb41 Libraries/FEHRandom.o

.debug_abbrev   0x0000000000000000     0x3482
 .debug_abbrev  0x0000000000000000      0x33b ../main.o
 .debug_abbrev  0x000000000000033b      0x53d Startup/startup_mk60d10.o
 .debug_abbrev  0x0000000000000878      0x177 Libraries/FEHMotor.o
 .debug_abbrev  0x00000000000009ef      0x137 Drivers/i2c.o
 .debug_abbrev  0x0000000000000b26      0x1a9 Drivers/spi.o
 .debug_abbrev  0x0000000000000ccf      0x16e Drivers/uart.o
 .debug_abbrev  0x0000000000000e3d      0x1bc Drivers/ff.o
 .debug_abbrev  0x0000000000000ff9      0x27b Drivers/SDHC.o
 .debug_abbrev  0x0000000000001274       0xde Drivers/lptmr.o
 .debug_abbrev  0x0000000000001352       0xf3 FEHProteus.o
 .debug_abbrev  0x0000000000001445      0x1be Drivers/FEHPropeller.o
 .debug_abbrev  0x0000000000001603      0x161 Libraries/FEHUtility.o
 .debug_abbrev  0x0000000000001764      0x55d Libraries/FEHIO.o
 .debug_abbrev  0x0000000000001cc1      0x135 Drivers/adc16.o
 .debug_abbrev  0x0000000000001df6      0x220 Libraries/FEHBuzzer.o
 .debug_abbrev  0x0000000000002016      0x3a3 Libraries/FEHLCD.o
 .debug_abbrev  0x00000000000023b9      0x153 Libraries/FEHAccel.o
 .debug_abbrev  0x000000000000250c      0x1e4 Libraries/FEHBattery.o
 .debug_abbrev  0x00000000000026f0      0x240 Drivers/FEHXBee.o
 .debug_abbrev  0x0000000000002930      0x44b Libraries/FEHRCS.o
 .debug_abbrev  0x0000000000002d7b      0x4a2 Libraries/FEHSD.o
 .debug_abbrev  0x000000000000321d      0x265 Libraries/FEHRandom.o

.debug_loc      0x0000000000000000     0x7139
 .debug_loc     0x0000000000000000      0x1e8 ../main.o
 .debug_loc     0x00000000000001e8     0x12a8 Startup/startup_mk60d10.o
 .debug_loc     0x0000000000001490      0x140 Libraries/FEHMotor.o
 .debug_loc     0x00000000000015d0      0x1f8 Drivers/i2c.o
 .debug_loc     0x00000000000017c8      0x250 Drivers/spi.o
 .debug_loc     0x0000000000001a18      0x170 Drivers/uart.o
 .debug_loc     0x0000000000001b88      0xf8e Drivers/ff.o
 .debug_loc     0x0000000000002b16      0x538 Drivers/SDHC.o
 .debug_loc     0x000000000000304e       0x5c Drivers/lptmr.o
 .debug_loc     0x00000000000030aa       0x7c FEHProteus.o
 .debug_loc     0x0000000000003126      0x1a8 Drivers/FEHPropeller.o
 .debug_loc     0x00000000000032ce      0x280 Libraries/FEHUtility.o
 .debug_loc     0x000000000000354e      0xd56 Libraries/FEHIO.o
 .debug_loc     0x00000000000042a4      0x114 Drivers/adc16.o
 .debug_loc     0x00000000000043b8      0x448 Libraries/FEHBuzzer.o
 .debug_loc     0x0000000000004800     0x19d3 Libraries/FEHLCD.o
 .debug_loc     0x00000000000061d3      0x20c Libraries/FEHAccel.o
 .debug_loc     0x00000000000063df      0x11c Libraries/FEHBattery.o
 .debug_loc     0x00000000000064fb      0x2bc Drivers/FEHXBee.o
 .debug_loc     0x00000000000067b7      0x4cc Libraries/FEHRCS.o
 .debug_loc     0x0000000000006c83      0x3ba Libraries/FEHSD.o
 .debug_loc     0x000000000000703d       0xfc Libraries/FEHRandom.o

.debug_aranges  0x0000000000000000      0xe98
 .debug_aranges
                0x0000000000000000       0x50 ../main.o
 .debug_aranges
                0x0000000000000050      0x360 Startup/startup_mk60d10.o
 .debug_aranges
                0x00000000000003b0       0x38 Libraries/FEHMotor.o
 .debug_aranges
                0x00000000000003e8       0x48 Drivers/i2c.o
 .debug_aranges
                0x0000000000000430       0x58 Drivers/spi.o
 .debug_aranges
                0x0000000000000488       0x38 Drivers/uart.o
 .debug_aranges
                0x00000000000004c0      0x198 Drivers/ff.o
 .debug_aranges
                0x0000000000000658       0x98 Drivers/SDHC.o
 .debug_aranges
                0x00000000000006f0       0x20 Drivers/lptmr.o
 .debug_aranges
                0x0000000000000710       0x28 FEHProteus.o
 .debug_aranges
                0x0000000000000738       0x40 Drivers/FEHPropeller.o
 .debug_aranges
                0x0000000000000778       0x58 Libraries/FEHUtility.o
 .debug_aranges
                0x00000000000007d0      0x160 Libraries/FEHIO.o
 .debug_aranges
                0x0000000000000930       0x30 Drivers/adc16.o
 .debug_aranges
                0x0000000000000960       0x88 Libraries/FEHBuzzer.o
 .debug_aranges
                0x00000000000009e8      0x2a0 Libraries/FEHLCD.o
 .debug_aranges
                0x0000000000000c88       0x50 Libraries/FEHAccel.o
 .debug_aranges
                0x0000000000000cd8       0x38 Libraries/FEHBattery.o
 .debug_aranges
                0x0000000000000d10       0x58 Drivers/FEHXBee.o
 .debug_aranges
                0x0000000000000d68       0x90 Libraries/FEHRCS.o
 .debug_aranges
                0x0000000000000df8       0x70 Libraries/FEHSD.o
 .debug_aranges
                0x0000000000000e68       0x30 Libraries/FEHRandom.o

.debug_macinfo  0x0000000000000000   0x85f4f1
 .debug_macinfo
                0x0000000000000000    0x6703f ../main.o
 .debug_macinfo
                0x000000000006703f    0x6bf52 Startup/startup_mk60d10.o
 .debug_macinfo
                0x00000000000d2f91    0x63f77 Libraries/FEHMotor.o
 .debug_macinfo
                0x0000000000136f08    0x64058 Drivers/i2c.o
 .debug_macinfo
                0x000000000019af60    0x63ef1 Drivers/spi.o
 .debug_macinfo
                0x00000000001fee51    0x63ee2 Drivers/uart.o
 .debug_macinfo
                0x0000000000262d33     0x450c Drivers/ff.o
 .debug_macinfo
                0x000000000026723f    0x65446 Drivers/SDHC.o
 .debug_macinfo
                0x00000000002cc685    0x63f51 Drivers/lptmr.o
 .debug_macinfo
                0x00000000003305d6    0x63ef7 FEHProteus.o
 .debug_macinfo
                0x00000000003944cd    0x63fa0 Drivers/FEHPropeller.o
 .debug_macinfo
                0x00000000003f846d    0x63f0c Libraries/FEHUtility.o
 .debug_macinfo
                0x000000000045c379    0x645b0 Libraries/FEHIO.o
 .debug_macinfo
                0x00000000004c0929    0x64593 Drivers/adc16.o
 .debug_macinfo
                0x0000000000524ebc    0x63f39 Libraries/FEHBuzzer.o
 .debug_macinfo
                0x0000000000588df5    0x69483 Libraries/FEHLCD.o
 .debug_macinfo
                0x00000000005f2278    0x64087 Libraries/FEHAccel.o
 .debug_macinfo
                0x00000000006562ff    0x645ba Libraries/FEHBattery.o
 .debug_macinfo
                0x00000000006ba8b9    0x64c78 Drivers/FEHXBee.o
 .debug_macinfo
                0x000000000071f531    0x6a087 Libraries/FEHRCS.o
 .debug_macinfo
                0x00000000007895b8    0x6c7b0 Libraries/FEHSD.o
 .debug_macinfo
                0x00000000007f5d68    0x69789 Libraries/FEHRandom.o

.debug_line     0x0000000000000000     0x9967
 .debug_line    0x0000000000000000      0x3a9 ../main.o
 .debug_line    0x00000000000003a9      0xef5 Startup/startup_mk60d10.o
 .debug_line    0x000000000000129e      0x291 Libraries/FEHMotor.o
 .debug_line    0x000000000000152f      0x2bc Drivers/i2c.o
 .debug_line    0x00000000000017eb      0x309 Drivers/spi.o
 .debug_line    0x0000000000001af4      0x268 Drivers/uart.o