Archive member included to satisfy reference by file (symbol)

/Applications/FEH_ARM/bin/../lib/gcc/arm-none-eabi/10.3.1/../../../../arm-none-eabi/lib/thumb/v7e-m/nofp/libstdc++.a(del_ops.o)
                              Libraries/FEHIO.o (operator delete(void*, unsigned int))
/Applications/FEH_ARM/bin/../lib/gcc/arm-none-eabi/10.3.1/../../../../arm-none-eabi/lib/thumb/v7e-m/nofp/libstdc++.a(new_op.o)
                              Libraries/FEHIO.o (operator new(unsigned int))
/Applications/FEH_ARM/bin/../lib/gcc/arm-none-eabi/10.3.1/../../../../arm-none-eabi/lib/thumb/v7e-m/nofp/libstdc++.a(bad_alloc.o)
                              /Applications/FEH_ARM/bin/../lib/gcc/arm-none-eabi/10.3.1/../../../../arm-none-eabi/lib/thumb/v7e-m/nofp/libstdc++.a(new_op.o) (std::bad_alloc::~bad_alloc())
/Applications/FEH_ARM/bin/../lib/gcc/arm-none-eabi/10.3.1/../../../../arm-none-eabi/lib/thumb/v7e-m/nofp/libstdc++.a(del_op.o)
                              /Applications/FEH_ARM/bin/../lib/gcc/arm-none-eabi/10.3.1/../../../../arm-none-eabi/lib/thumb/v7e-m/nofp/libstdc++.a(del_ops.o) (operator delete(void*))
/Applications/FEH_ARM/bin/../lib/gcc/arm-none-eabi/10.3.1/../../../../arm-none-eabi/lib/thumb/v7e-m/nofp/libstdc++.a(eh_alloc.o)
                              /Applications/FEH_ARM/bin/../lib/gcc/arm-none-eabi/10.3.1/../../../../arm-none-eabi/lib/thumb/v7e-m/nofp/libstdc++.a(new_op.o) (__cxa_allocate_exception)
/Applications/FEH_ARM/bin/../lib/gcc/arm-none-eabi/10.3.1/../../../../arm-none-eabi/lib/thumb/v7e-m/nofp/libstdc++.a(eh_exception.o)
                              /Applications/FEH_ARM/bin/../lib/gcc/arm-none-eabi/10.3.1/../../../../arm-none-eabi/lib/thumb/v7e-m/nofp/libstdc++.a(bad_alloc.o) (std::exception::~exception())
/Applications/FEH_ARM/bin/../lib/gcc/arm-none-eabi/10.3.1/../../../../arm-none-eabi/lib/thumb/v7e-m/nofp/libstdc++.a(eh_terminate.o)
                              /Applications/FEH_ARM/bin/../lib/gcc/arm-none-eabi/10.3.1/../../../../arm-none-eabi/lib/thumb/v7e-m/nofp/libstdc++.a(eh_alloc.o) (std::terminate())
/Applications/FEH_ARM/bin/../lib/gcc/arm-none-eabi/10.3.1/../../../../arm-none-eabi/lib/thumb/v7e-m/nofp/libstdc++.a(eh_throw.o)
                              /Applications/FEH_ARM/bin/../lib/gcc/arm-none-eabi/10.3.1/../../../../arm-none-eabi/lib/thumb/v7e-m/nofp/libstdc++.a(new_op.o) (__cxa_throw)
/Applications/FEH_ARM/bin/../lib/gcc/arm-none-eabi/10.3.1/../../../../arm-none-eabi/lib/thumb/v7e-m/nofp/libstdc++.a(eh_unex_handler.o)
                              /Applications/FEH_ARM/bin/../lib/gcc/arm-none-eabi/10.3.1/../../../../arm-none-eabi/lib/thumb/v7e-m/nofp/libstdc++.a(eh_terminate.o) (__cxxabiv1::__unexpected_handler)
/Applications/FEH_ARM/bin/../lib/gcc/arm-none-eabi/10.3.1/../../../../arm-none-eabi/lib/thumb/v7e-m/nofp/libstdc++.a(new_handler.o)
                              /Applications/FEH_ARM/bin/../lib/gcc/arm-none-eabi/10.3.1/../../../../arm-none-eabi/lib/thumb/v7e-m/nofp/libstdc++.a(new_op.o) (std::get_new_handler())
/Applications/FEH_ARM/bin/../lib/gcc/arm-none-eabi/10.3.1/../../../../arm-none-eabi/lib/thumb/v7e-m/nofp/libstdc++.a(pure.o)
                              /Applications/FEH_ARM/bin/../lib/gcc/arm-none-eabi/10.3.1/../../../../arm-none-eabi/lib/thumb/v7e-m/nofp/libstdc++.a(eh_exception.o) (__cxa_pure_virtual)
/Applications/FEH_ARM/bin/../lib/gcc/arm-none-eabi/10.3.1/../../../../arm-none-eabi/lib/thumb/v7e-m/nofp/libstdc++.a(si_class_type_info.o)
                              /Applications/FEH_ARM/bin/../lib/gcc/arm-none-eabi/10.3.1/../../../../arm-none-eabi/lib/thumb/v7e-m/nofp/libstdc++.a(bad_alloc.o) (vtable for __cxxabiv1::__si_class_type_info)
/Applications/FEH_ARM/bin/../lib/gcc/arm-none-eabi/10.3.1/../../../../arm-none-eabi/lib/thumb/v7e-m/nofp/libstdc++.a(tinfo.o)
                              /Applications/FEH_ARM/bin/../lib/gcc/arm-none-eabi/10.3.1/../../../../arm-none-eabi/lib/thumb/v7e-m/nofp/libstdc++.a(si_class_type_info.o) (std::type_info::__is_pointer_p() const)
/Applications/FEH_ARM/bin/../lib/gcc/arm-none-eabi/10.3.1/../../../../arm-none-eabi/lib/thumb/v7e-m/nofp/libstdc++.a(vterminate.o)
                              /Applications/FEH_ARM/bin/../lib/gcc/arm-none-eabi/10.3.1/../../../../arm-none-eabi/lib/thumb/v7e-m/nofp/libstdc++.a(eh_terminate.o) (__gnu_cxx::__verbose_terminate_handler())
/Applications/FEH_ARM/bin/../lib/gcc/arm-none-eabi/10.3.1/../../../../arm-none-eabi/lib/thumb/v7e-m/nofp/libstdc++.a(class_type_info.o)
                              /Applications/FEH_ARM/bin/../lib/gcc/arm-none-eabi/10.3.1/../../../../arm-none-eabi/lib/thumb/v7e-m/nofp/libstdc++.a(si_class_type_info.o) (__cxxabiv1::__class_type_info::__do_upcast(__cxxabiv1::__class_type_info const*, void**) const)
/Applications/FEH_ARM/bin/../lib/gcc/arm-none-eabi/10.3.1/../../../../arm-none-eabi/lib/thumb/v7e-m/nofp/libstdc++.a(cp-demangle.o)
[...]
Memory Configuration

Name             Origin             Length             Attributes
PROGRAM_FLASH    0x000000000000c000 0x0000000000073c00 xr
SRAM_UPPER       0x0000000020000000 0x0000000000010000 xrw
SRAM_LOWER       0x000000001fff0000 0x0000000000010000 xrw
*default*        0x0000000000000000 0xffffffffffffffff

Linker script and memory map

LOAD /Applications/FEH_ARM/bin/../lib/gcc/arm-none-eabi/10.3.1/thumb/v7e-m/nofp/crti.o
LOAD /Applications/FEH_ARM/bin/../lib/gcc/arm-none-eabi/10.3.1/thumb/v7e-m/nofp/crtbegin.o
LOAD /Applications/FEH_ARM/bin/../lib/gcc/arm-none-eabi/10.3.1/../../../../arm-none-eabi/lib/thumb/v7e-m/nofp/crt0.o
LOAD ../main.o
LOAD Startup/startup_mk60d10.o
LOAD Libraries/FEHMotor.o
LOAD Drivers/mcg.o
LOAD Drivers/i2c.o
LOAD Drivers/spi.o
LOAD Drivers/uart.o
LOAD Drivers/ff.o
LOAD Drivers/SDHC.o
LOAD Drivers/lptmr.o
LOAD FEHProteus.o
LOAD Drivers/FEHPropeller.o
LOAD Libraries/FEHUtility.o
LOAD Libraries/FEHIO.o
LOAD Drivers/adc16.o
LOAD Libraries/FEHBuzzer.o
LOAD Libraries/FEHServo.o
LOAD Libraries/FEHLCD.o
LOAD Libraries/FEHAccel.o
LOAD Libraries/FEHBattery.o
LOAD Drivers/FEHXBee.o
LOAD Libraries/FEHRCS.o
LOAD Libraries/FEHSD.o
LOAD Libraries/FEHRandom.o
LOAD /Applications/FEH_ARM/bin/../lib/gcc/arm-none-eabi/10.3.1/../../../../arm-none-eabi/lib/thumb/v7e-m/nofp/libstdc++.a
LOAD /Applications/FEH_ARM/bin/../lib/gcc/arm-none-eabi/10.3.1/../../../../arm-none-eabi/lib/thumb/v7e-m/nofp/libm.a
START GROUP
LOAD /Applications/FEH_ARM/bin/../lib/gcc/arm-none-eabi/10.3.1/thumb/v7e-m/nofp/libgcc.a
LOAD /Applications/FEH_ARM/bin/../lib/gcc/arm-none-eabi/10.3.1/../../../../arm-none-eabi/lib/thumb/v7e-m/nofp/libg.a
LOAD /Applications/FEH_ARM/bin/../lib/gcc/arm-none-eabi/10.3.1/../../../../arm-none-eabi/lib/thumb/v7e-m/nofp/libc.a
END GROUP
START GROUP
LOAD /Applications/FEH_ARM/bin/../lib/gcc/arm-none-eabi/10.3.1/thumb/v7e-m/nofp/libgcc.a
LOAD /Applications/FEH_ARM/bin/../lib/gcc/arm-none-eabi/10.3.1/../../../../arm-none-eabi/lib/thumb/v7e-m/nofp/libc.a
LOAD /Applications/FEH_ARM/bin/../lib/gcc/arm-none-eabi/10.3.1/../../../../arm-none-eabi/lib/thumb/v7e-m/nofp/libnosys.a
END GROUP
LOAD /Applications/FEH_ARM/bin/../lib/gcc/arm-none-eabi/10.3.1/thumb/v7e-m/nofp/crtend.o
LOAD /Applications/FEH_ARM/bin/../lib/gcc/arm-none-eabi/10.3.1/thumb/v7e-m/nofp/crtn.o
                0x000000000000c000                __base_PROGRAM_FLASH = 0xc000
                0x000000000000c000                __base_Flash = 0xc000
                0x000000000007fc00                __top_PROGRAM_FLASH = 0x7fc00
                0x000000000007fc00                __top_Flash = 0x7fc00
                0x0000000020000000                __base_SRAM_UPPER = 0x20000000
                0x0000000020000000                __base_RAM = 0x20000000
                0x0000000020010000                __top_SRAM_UPPER = 0x20010000
                0x0000000020010000                __top_RAM = 0x20010000
                0x000000001fff0000                __base_SRAM_LOWER = 0x1fff0000
                0x000000001fff0000                __base_RAM2 = 0x1fff0000
                0x0000000020000000                __top_SRAM_LOWER = 0x20000000
                0x0000000020000000                __top_RAM2 = 0x20000000

.text           0x000000000000c000      0x410
 FILL mask 0xff
                0x000000000000c000                __vectors_start__ = ABSOLUTE (.)
 *(.isr_vector)
 .isr_vector    0x000000000000c000      0x1bc Startup/startup_mk60d10.o
                0x000000000000c000                __Vectors
                0x000000000000c000                g_pfnVectors
                0x000000000000c1bc                . = ALIGN (0x4)
                0x000000000000c1bc                __section_table_start = .
                0x000000000000c1bc                __data_section_table = .
                0x000000000000c1bc        0x4 LONG 0x1b13c LOADADDR (.data)
                0x000000000000c1c0        0x4 LONG 0x20000000 ADDR (.data)
                0x000000000000c1c4        0x4 LONG 0x16c8 SIZEOF (.data)
                0x000000000000c1c8        0x4 LONG 0x1b13c LOADADDR (.data_RAM2)
                0x000000000000c1cc        0x4 LONG 0x1fff0000 ADDR (.data_RAM2)
                0x000000000000c1d0        0x4 LONG 0x0 SIZEOF (.data_RAM2)
                0x000000000000c1d4                __data_section_table_end = .
                0x000000000000c1d4                __bss_section_table = .
                0x000000000000c1d4        0x4 LONG 0x200016c8 ADDR (.bss)
                0x000000000000c1d8        0x4 LONG 0x478 SIZEOF (.bss)
                0x000000000000c1dc        0x4 LONG 0x1fff0000 ADDR (.bss_RAM2)
                0x000000000000c1e0        0x4 LONG 0x0 SIZEOF (.bss_RAM2)
                0x000000000000c1e4                __bss_section_table_end = .
                0x000000000000c1e4                __section_table_end = .
 *(.after_vectors*)
 .after_vectors.init_data
                0x000000000000c1e4       0x42 Startup/startup_mk60d10.o
                0x000000000000c1e4                data_init(unsigned int, unsigned int, unsigned int)
 .after_vectors.init_bss
                0x000000000000c226       0x36 Startup/startup_mk60d10.o
                0x000000000000c226                bss_init(unsigned int, unsigned int)
 .after_vectors.reset
                0x000000000000c25c       0xb4 Startup/startup_mk60d10.o
                0x000000000000c25c                ResetISR
 .after_vectors
                0x000000000000c310       0x3c Startup/startup_mk60d10.o
                0x000000000000c310                NMI_Handler
                0x000000000000c316                HardFault_Handler
                0x000000000000c31c                MemManage_Handler
                0x000000000000c322                BusFault_Handler
                0x000000000000c328                UsageFault_Handler
                0x000000000000c32e                SVC_Handler
                0x000000000000c334                DebugMon_Handler
                0x000000000000c33a                PendSV_Handler
                0x000000000000c340                SysTick_Handler
                0x000000000000c346                PIT2_DriverIRQHandler
                0x000000000000c346                SDHC_DriverIRQHandler
                0x000000000000c346                I2S0_Tx_DriverIRQHandler
                0x000000000000c346                TSI0_DriverIRQHandler
                0x000000000000c346                RTC_Seconds_DriverIRQHandler
                0x000000000000c346                Reserved109_DriverIRQHandler
                0x000000000000c346                DMA6_DriverIRQHandler
                0x000000000000c346                LLWU_DriverIRQHandler
                0x000000000000c346                MCM_DriverIRQHandler
                0x000000000000c346                MCG_DriverIRQHandler
                0x000000000000c346                ENET_1588_Timer_DriverIRQHandler
                0x000000000000c346                DAC1_DriverIRQHandler
                0x000000000000c346                CMP1_DriverIRQHandler
                0x000000000000c346                UART5_RX_TX_DriverIRQHandler
                0x000000000000c346                FTM0_DriverIRQHandler
                0x000000000000c346                IntDefaultHandler
                0x000000000000c346                USB0_DriverIRQHandler
                0x000000000000c346                UART5_ERR_DriverIRQHandler
                0x000000000000c346                DMA11_DriverIRQHandler
                0x000000000000c346                DAC0_DriverIRQHandler
                0x000000000000c346                DMA10_DriverIRQHandler
                0x000000000000c346                CMP2_DriverIRQHandler
                0x000000000000c346                UART2_ERR_DriverIRQHandler
                0x000000000000c346                SPI2_DriverIRQHandler
                0x000000000000c346                LVD_LVW_DriverIRQHandler
                0x000000000000c346                RNG_DriverIRQHandler
                0x000000000000c346                DMA5_DriverIRQHandler
                0x000000000000c346                DMA4_DriverIRQHandler
                0x000000000000c346                UART2_RX_TX_DriverIRQHandler
                0x000000000000c346                USBDCD_DriverIRQHandler
                0x000000000000c346                UART3_ERR_DriverIRQHandler
                0x000000000000c346                DMA3_DriverIRQHandler
                0x000000000000c346                DMA8_DriverIRQHandler
                0x000000000000c346                DMA9_DriverIRQHandler
                0x000000000000c346                UART0_ERR_DriverIRQHandler
                0x000000000000c346                CMT_DriverIRQHandler
                0x000000000000c346                ADC1_DriverIRQHandler
                0x000000000000c346                DMA14_DriverIRQHandler
                0x000000000000c346                PIT3_DriverIRQHandler
                0x000000000000c346                PIT1_DriverIRQHandler
                0x000000000000c346                WDOG_EWM_DriverIRQHandler
                0x000000000000c346                PDB0_DriverIRQHandler
                0x000000000000c346                Reserved95_DriverIRQHandler
                0x000000000000c346                RTC_DriverIRQHandler
                0x000000000000c346                I2S0_Rx_DriverIRQHandler
                0x000000000000c346                Read_Collision_DriverIRQHandler
                0x000000000000c346                SWI_DriverIRQHandler
                0x000000000000c346                UART4_RX_TX_DriverIRQHandler
                0x000000000000c346                UART4_ERR_DriverIRQHandler
                0x000000000000c346                UART0_LON_DriverIRQHandler
                0x000000000000c346                DMA1_DriverIRQHandler
                0x000000000000c346                I2C1_DriverIRQHandler
                0x000000000000c346                UART3_RX_TX_DriverIRQHandler
                0x000000000000c346                ENET_Receive_DriverIRQHandler
                0x000000000000c346                DMA13_DriverIRQHandler
                0x000000000000c346                ENET_Error_DriverIRQHandler
                0x000000000000c346                DMA15_DriverIRQHandler
                0x000000000000c346                SPI0_DriverIRQHandler
                0x000000000000c346                ADC0_DriverIRQHandler
                0x000000000000c346                FTFL_DriverIRQHandler
                0x000000000000c346                CMP0_DriverIRQHandler
                0x000000000000c346                CAN0_DriverIRQHandler
                0x000000000000c346                Reserved59_DriverIRQHandler
                0x000000000000c346                UART1_ERR_DriverIRQHandler
                0x000000000000c346                DMA2_DriverIRQHandler
                0x000000000000c346                ENET_Transmit_DriverIRQHandler
                0x000000000000c346                I2C0_DriverIRQHandler
                0x000000000000c346                CAN1_DriverIRQHandler
                0x000000000000c346                DMA7_DriverIRQHandler
                0x000000000000c346                UART1_RX_TX_DriverIRQHandler
                0x000000000000c346                Reserved108_DriverIRQHandler
                0x000000000000c346                Reserved102_DriverIRQHandler
                0x000000000000c346                DMA0_DriverIRQHandler
                0x000000000000c346                DMA12_DriverIRQHandler
                0x000000000000c346                SPI1_DriverIRQHandler
                0x000000000000c346                LPTMR0_DriverIRQHandler
                0x000000000000c346                DMA_Error_DriverIRQHandler
                0x000000000000c346                FTM1_DriverIRQHandler
                0x000000000000c346                FTM2_DriverIRQHandler
                0x0000000000000400                . = 0x400
 *fill*         0x000000000000c34c       0xb4 ff
                0x000000000000c400                PROVIDE (__FLASH_CONFIG_START__ = .)
 *(.FlashConfig)
 .FlashConfig   0x000000000000c400       0x10 Startup/startup_mk60d10.o
                0x000000000000c410                PROVIDE (__FLASH_CONFIG_END__ = .)
                0x0000000000000001                ASSERT (! ((__FLASH_CONFIG_START__ == __FLASH_CONFIG_END__)), Linker Flash Config Support Enabled, but no .FlashConfig section provided within application)

.eh_frame       0x000000000000c410        0x0
 .eh_frame      0x000000000000c410        0x0 /Applications/FEH_ARM/bin/../lib/gcc/arm-none-eabi/10.3.1/thumb/v7e-m/nofp/crtbegin.o

.glue_7         0x000000000000c410        0x0
 .glue_7        0x000000000000c410        0x0 linker stubs

.glue_7t        0x000000000000c410        0x0
 .glue_7t       0x000000000000c410        0x0 linker stubs

.vfp11_veneer   0x000000000000c410        0x0
 .vfp11_veneer  0x000000000000c410        0x0 linker stubs

.v4_bx          0x000000000000c410        0x0
 .v4_bx         0x000000000000c410        0x0 linker stubs

.iplt           0x000000000000c410        0x0
 .iplt          0x000000000000c410        0x0 /Applications/FEH_ARM/bin/../lib/gcc/arm-none-eabi/10.3.1/thumb/v7e-m/nofp/crtbegin.o

.text           0x000000000000c440     0xecf4
 *(.text*)
 .text          0x000000000000c440       0x40 /Applications/FEH_ARM/bin/../lib/gcc/arm-none-eabi/10.3.1/thumb/v7e-m/nofp/crtbegin.o
 .text.main     0x000000000000c480       0xf4 ../main.o
                0x000000000000c480                main
 .text._Z18activateHumidifier5Color
                0x000000000000c574       0xcc ../main.o
                0x000000000000c574                activateHumidifier(Color)
 .text._Z7findCDSv
                0x000000000000c640       0xfc ../main.o
                0x000000000000c640                findCDS()
 *fill*         0x000000000000c73c        0x4 
 .text._Z6getCDSf
                0x000000000000c740       0x6c ../main.o
                0x000000000000c740                getCDS(float)
 .text._Z10motorSpeedf
                0x000000000000c7ac       0x5c ../main.o
                0x000000000000c7ac                motorSpeed(float)
 .text._Z8straightf
                0x000000000000c808       0x50 ../main.o
                0x000000000000c808                straight(float)
 .text._Z7forwardfd
                0x000000000000c858       0x88 ../main.o
                0x000000000000c858                forward(float, double)
 .text._Z6rotateff9Direction
                0x000000000000c8e0       0xcc ../main.o
                0x000000000000c8e0                rotate(float, float, Direction)
 .text._Z4stopv
                0x000000000000c9ac       0x2c ../main.o
                0x000000000000c9ac                stop()
 .text._Z41__static_initialization_and_destruction_0ii
                0x000000000000c9d8       0x8c ../main.o
 .text._GLOBAL__sub_I_cds
                0x000000000000ca64       0x10 ../main.o
 .text.PORTD_IRQHandler
                0x000000000000ca74       0x50 Startup/startup_mk60d10.o
                0x000000000000ca74                PORTD_IRQHandler
 .text._Z15InitPowerButtonv
                0x000000000000cac4       0x60 Startup/startup_mk60d10.o
                0x000000000000cac4                InitPowerButton()
 .text._ZL11pll_init_blv
                0x000000000000cb24       0xe0 Startup/startup_mk60d10.o
 .text._Z14InitFEHProteusv
                0x000000000000cc04       0xec Startup/startup_mk60d10.o
                0x000000000000cc04                InitFEHProteus()
 .text.DMA0_IRQHandler
                0x000000000000ccf0        0xc Startup/startup_mk60d10.o
                0x000000000000ccf0                DMA0_IRQHandler
 .text.DMA1_IRQHandler
                0x000000000000ccfc        0xc Startup/startup_mk60d10.o
                0x000000000000ccfc                DMA1_IRQHandler
 .text.DMA2_IRQHandler
                0x000000000000cd08        0xc Startup/startup_mk60d10.o
                0x000000000000cd08                DMA2_IRQHandler
 .text.DMA3_IRQHandler
                0x000000000000cd14        0xc Startup/startup_mk60d10.o
                0x000000000000cd14                DMA3_IRQHandler
 .text.DMA4_IRQHandler
                0x000000000000cd20        0xc Startup/startup_mk60d10.o
                0x000000000000cd20                DMA4_IRQHandler
 .text.DMA5_IRQHandler
                0x000000000000cd2c        0xc Startup/startup_mk60d10.o
                0x000000000000cd2c                DMA5_IRQHandler
 .text.DMA6_IRQHandler
                0x000000000000cd38        0xc Startup/startup_mk60d10.o
                0x000000000000cd38                DMA6_IRQHandler
 .text.DMA7_IRQHandler
                0x000000000000cd44        0xc Startup/startup_mk60d10.o
                0x000000000000cd44                DMA7_IRQHandler
 .text.DMA8_IRQHandler
                0x000000000000cd50        0xc Startup/startup_mk60d10.o
                0x000000000000cd50                DMA8_IRQHandler
 .text.DMA9_IRQHandler
                0x000000000000cd5c        0xc Startup/startup_mk60d10.o
                0x000000000000cd5c                DMA9_IRQHandler
 .text.DMA10_IRQHandler
                0x000000000000cd68        0xc Startup/startup_mk60d10.o
                0x000000000000cd68                DMA10_IRQHandler
 .text.DMA11_IRQHandler
                0x000000000000cd74        0xc Startup/startup_mk60d10.o
                0x000000000000cd74                DMA11_IRQHandler
 .text.DMA12_IRQHandler
                0x000000000000cd80        0xc Startup/startup_mk60d10.o
                0x000000000000cd80                DMA12_IRQHandler
 .text.DMA13_IRQHandler
                0x000000000000cd8c        0xc Startup/startup_mk60d10.o
                0x000000000000cd8c                DMA13_IRQHandler
 .text.DMA14_IRQHandler
                0x000000000000cd98        0xc Startup/startup_mk60d10.o
                0x000000000000cd98                DMA14_IRQHandler
 .text.DMA15_IRQHandler
                0x000000000000cda4        0xc Startup/startup_mk60d10.o
                0x000000000000cda4                DMA15_IRQHandler
 .text.DMA_Error_IRQHandler
                0x000000000000cdb0        0xc Startup/startup_mk60d10.o
                0x000000000000cdb0                DMA_Error_IRQHandler
 .text.MCM_IRQHandler
                0x000000000000cdbc        0xc Startup/startup_mk60d10.o
                0x000000000000cdbc                MCM_IRQHandler
 .text.FTFL_IRQHandler
                0x000000000000cdc8        0xc Startup/startup_mk60d10.o
                0x000000000000cdc8                FTFL_IRQHandler
 .text.Read_Collision_IRQHandler
                0x000000000000cdd4        0xc Startup/startup_mk60d10.o
                0x000000000000cdd4                Read_Collision_IRQHandler
 .text.LVD_LVW_IRQHandler
                0x000000000000cde0        0xc Startup/startup_mk60d10.o
                0x000000000000cde0                LVD_LVW_IRQHandler
 .text.LLWU_IRQHandler
                0x000000000000cdec        0xc Startup/startup_mk60d10.o
                0x000000000000cdec                LLWU_IRQHandler
 .text.WDOG_EWM_IRQHandler
                0x000000000000cdf8        0xc Startup/startup_mk60d10.o
                0x000000000000cdf8                WDOG_EWM_IRQHandler
 .text.RNG_IRQHandler
                0x000000000000ce04        0xc Startup/startup_mk60d10.o
                0x000000000000ce04                RNG_IRQHandler
 .text.I2C0_IRQHandler
                0x000000000000ce10        0xc Startup/startup_mk60d10.o
                0x000000000000ce10                I2C0_IRQHandler
 .text.I2C1_IRQHandler
                0x000000000000ce1c        0xc Startup/startup_mk60d10.o
                0x000000000000ce1c                I2C1_IRQHandler
 .text.SPI0_IRQHandler
                0x000000000000ce28        0xc Startup/startup_mk60d10.o
                0x000000000000ce28                SPI0_IRQHandler
 .text.SPI1_IRQHandler
                0x000000000000ce34        0xc Startup/startup_mk60d10.o
                0x000000000000ce34                SPI1_IRQHandler
 .text.SPI2_IRQHandler
                0x000000000000ce40        0xc Startup/startup_mk60d10.o
                0x000000000000ce40                SPI2_IRQHandler
 .text.CAN0_ORed_Message_buffer_IRQHandler
                0x000000000000ce4c        0xc Startup/startup_mk60d10.o
                0x000000000000ce4c                CAN0_ORed_Message_buffer_IRQHandler
 .text.CAN0_Bus_Off_IRQHandler
                0x000000000000ce58        0xc Startup/startup_mk60d10.o
                0x000000000000ce58                CAN0_Bus_Off_IRQHandler
 .text.CAN0_Error_IRQHandler
                0x000000000000ce64        0xc Startup/startup_mk60d10.o
                0x000000000000ce64                CAN0_Error_IRQHandler
 .text.CAN0_Tx_Warning_IRQHandler
                0x000000000000ce70        0xc Startup/startup_mk60d10.o
                0x000000000000ce70                CAN0_Tx_Warning_IRQHandler
 .text.CAN0_Rx_Warning_IRQHandler
                0x000000000000ce7c        0xc Startup/startup_mk60d10.o
                0x000000000000ce7c                CAN0_Rx_Warning_IRQHandler
 .text.CAN0_Wake_Up_IRQHandler
                0x000000000000ce88        0xc Startup/startup_mk60d10.o
                0x000000000000ce88                CAN0_Wake_Up_IRQHandler
 .text.I2S0_Tx_IRQHandler
                0x000000000000ce94        0xc Startup/startup_mk60d10.o
                0x000000000000ce94                I2S0_Tx_IRQHandler
 .text.I2S0_Rx_IRQHandler
                0x000000000000cea0        0xc Startup/startup_mk60d10.o
                0x000000000000cea0                I2S0_Rx_IRQHandler
 .text.CAN1_ORed_Message_buffer_IRQHandler
                0x000000000000ceac        0xc Startup/startup_mk60d10.o
                0x000000000000ceac                CAN1_ORed_Message_buffer_IRQHandler
 .text.CAN1_Bus_Off_IRQHandler
                0x000000000000ceb8        0xc Startup/startup_mk60d10.o
                0x000000000000ceb8                CAN1_Bus_Off_IRQHandler
 .text.CAN1_Error_IRQHandler
                0x000000000000cec4        0xc Startup/startup_mk60d10.o
                0x000000000000cec4                CAN1_Error_IRQHandler
 .text.CAN1_Tx_Warning_IRQHandler
                0x000000000000ced0        0xc Startup/startup_mk60d10.o
                0x000000000000ced0                CAN1_Tx_Warning_IRQHandler
 .text.CAN1_Rx_Warning_IRQHandler
                0x000000000000cedc        0xc Startup/startup_mk60d10.o
                0x000000000000cedc                CAN1_Rx_Warning_IRQHandler
 .text.CAN1_Wake_Up_IRQHandler
                0x000000000000cee8        0xc Startup/startup_mk60d10.o
                0x000000000000cee8                CAN1_Wake_Up_IRQHandler
 .text.Reserved59_IRQHandler
                0x000000000000cef4        0xc Startup/startup_mk60d10.o
                0x000000000000cef4                Reserved59_IRQHandler
 .text.UART0_LON_IRQHandler
                0x000000000000cf00        0xc Startup/startup_mk60d10.o
                0x000000000000cf00                UART0_LON_IRQHandler
 .text.UART0_ERR_IRQHandler
                0x000000000000cf0c        0xc Startup/startup_mk60d10.o
                0x000000000000cf0c                UART0_ERR_IRQHandler
 .text.UART1_RX_TX_IRQHandler
                0x000000000000cf18        0xc Startup/startup_mk60d10.o
                0x000000000000cf18                UART1_RX_TX_IRQHandler
 .text.UART1_ERR_IRQHandler
                0x000000000000cf24        0xc Startup/startup_mk60d10.o
                0x000000000000cf24                UART1_ERR_IRQHandler
 .text.UART2_RX_TX_IRQHandler
                0x000000000000cf30        0xc Startup/startup_mk60d10.o
                0x000000000000cf30                UART2_RX_TX_IRQHandler
 .text.UART2_ERR_IRQHandler
                0x000000000000cf3c        0xc Startup/startup_mk60d10.o
                0x000000000000cf3c                UART2_ERR_IRQHandler
 .text.UART3_RX_TX_IRQHandler
                0x000000000000cf48        0xc Startup/startup_mk60d10.o
                0x000000000000cf48                UART3_RX_TX_IRQHandler
 .text.UART3_ERR_IRQHandler
                0x000000000000cf54        0xc Startup/startup_mk60d10.o
                0x000000000000cf54                UART3_ERR_IRQHandler
 .text.UART4_RX_TX_IRQHandler
                0x000000000000cf60        0xc Startup/startup_mk60d10.o
                0x000000000000cf60                UART4_RX_TX_IRQHandler
 .text.UART4_ERR_IRQHandler
                0x000000000000cf6c        0xc Startup/startup_mk60d10.o
                0x000000000000cf6c                UART4_ERR_IRQHandler
 .text.UART5_RX_TX_IRQHandler
                0x000000000000cf78        0xc Startup/startup_mk60d10.o
                0x000000000000cf78                UART5_RX_TX_IRQHandler
 .text.UART5_ERR_IRQHandler
                0x000000000000cf84        0xc Startup/startup_mk60d10.o
                0x000000000000cf84                UART5_ERR_IRQHandler
 .text.ADC0_IRQHandler
                0x000000000000cf90        0xc Startup/startup_mk60d10.o
                0x000000000000cf90                ADC0_IRQHandler
 .text.ADC1_IRQHandler
                0x000000000000cf9c        0xc Startup/startup_mk60d10.o
                0x000000000000cf9c                ADC1_IRQHandler
 .text.CMP0_IRQHandler
                0x000000000000cfa8        0xc Startup/startup_mk60d10.o
                0x000000000000cfa8                CMP0_IRQHandler
 .text.CMP1_IRQHandler
                0x000000000000cfb4        0xc Startup/startup_mk60d10.o
                0x000000000000cfb4                CMP1_IRQHandler
 .text.CMP2_IRQHandler
                0x000000000000cfc0        0xc Startup/startup_mk60d10.o
                0x000000000000cfc0                CMP2_IRQHandler
 .text.FTM0_IRQHandler
                0x000000000000cfcc        0xc Startup/startup_mk60d10.o
                0x000000000000cfcc                FTM0_IRQHandler
 .text.FTM1_IRQHandler
                0x000000000000cfd8        0xc Startup/startup_mk60d10.o
                0x000000000000cfd8                FTM1_IRQHandler
 .text.FTM2_IRQHandler
                0x000000000000cfe4        0xc Startup/startup_mk60d10.o
                0x000000000000cfe4                FTM2_IRQHandler
 .text.CMT_IRQHandler
                0x000000000000cff0        0xc Startup/startup_mk60d10.o
                0x000000000000cff0                CMT_IRQHandler
 .text.RTC_IRQHandler
                0x000000000000cffc        0xc Startup/startup_mk60d10.o
                0x000000000000cffc                RTC_IRQHandler
 .text.RTC_Seconds_IRQHandler
                0x000000000000d008        0xc Startup/startup_mk60d10.o
                0x000000000000d008                RTC_Seconds_IRQHandler
 .text.PIT1_IRQHandler
                0x000000000000d014        0xc Startup/startup_mk60d10.o
                0x000000000000d014                PIT1_IRQHandler
 .text.PIT2_IRQHandler
                0x000000000000d020        0xc Startup/startup_mk60d10.o
                0x000000000000d020                PIT2_IRQHandler
 .text.PIT3_IRQHandler
                0x000000000000d02c        0xc Startup/startup_mk60d10.o
                0x000000000000d02c                PIT3_IRQHandler
 .text.PDB0_IRQHandler
                0x000000000000d038        0xc Startup/startup_mk60d10.o
                0x000000000000d038                PDB0_IRQHandler
 .text.USB0_IRQHandler
                0x000000000000d044        0xc Startup/startup_mk60d10.o
                0x000000000000d044                USB0_IRQHandler
 .text.USBDCD_IRQHandler
                0x000000000000d050        0xc Startup/startup_mk60d10.o
                0x000000000000d050                USBDCD_IRQHandler
 .text.ENET_1588_Timer_IRQHandler
                0x000000000000d05c        0xc Startup/startup_mk60d10.o
                0x000000000000d05c                ENET_1588_Timer_IRQHandler
 .text.ENET_Transmit_IRQHandler
                0x000000000000d068        0xc Startup/startup_mk60d10.o
                0x000000000000d068                ENET_Transmit_IRQHandler
 .text.ENET_Receive_IRQHandler
                0x000000000000d074        0xc Startup/startup_mk60d10.o
                0x000000000000d074                ENET_Receive_IRQHandler
 .text.ENET_Error_IRQHandler
                0x000000000000d080        0xc Startup/startup_mk60d10.o
                0x000000000000d080                ENET_Error_IRQHandler
 .text.Reserved95_IRQHandler
                0x000000000000d08c        0xc Startup/startup_mk60d10.o
                0x000000000000d08c                Reserved95_IRQHandler
 .text.SDHC_IRQHandler
                0x000000000000d098        0xc Startup/startup_mk60d10.o
                0x000000000000d098                SDHC_IRQHandler
 .text.DAC0_IRQHandler
                0x000000000000d0a4        0xc Startup/startup_mk60d10.o
                0x000000000000d0a4                DAC0_IRQHandler
 .text.DAC1_IRQHandler
                0x000000000000d0b0        0xc Startup/startup_mk60d10.o
                0x000000000000d0b0                DAC1_IRQHandler
 .text.TSI0_IRQHandler
                0x000000000000d0bc        0xc Startup/startup_mk60d10.o
                0x000000000000d0bc                TSI0_IRQHandler
 .text.MCG_IRQHandler
                0x000000000000d0c8        0xc Startup/startup_mk60d10.o
                0x000000000000d0c8                MCG_IRQHandler
 .text.LPTMR0_IRQHandler
                0x000000000000d0d4        0xc Startup/startup_mk60d10.o
                0x000000000000d0d4                LPTMR0_IRQHandler
 .text.Reserved102_IRQHandler
                0x000000000000d0e0        0xc Startup/startup_mk60d10.o
                0x000000000000d0e0                Reserved102_IRQHandler
 .text.Reserved108_IRQHandler
                0x000000000000d0ec        0xc Startup/startup_mk60d10.o
                0x000000000000d0ec                Reserved108_IRQHandler
 .text.Reserved109_IRQHandler
                0x000000000000d0f8        0xc Startup/startup_mk60d10.o
                0x000000000000d0f8                Reserved109_IRQHandler
 .text.SWI_IRQHandler
                0x000000000000d104        0xc Startup/startup_mk60d10.o
                0x000000000000d104                SWI_IRQHandler
 .text._ZN8FEHMotorC2ENS_12FEHMotorPortEf
                0x000000000000d110       0x7c Libraries/FEHMotor.o
                0x000000000000d110                FEHMotor::FEHMotor(FEHMotor::FEHMotorPort, float)
                0x000000000000d110                FEHMotor::FEHMotor(FEHMotor::FEHMotorPort, float)
 .text._ZN8FEHMotor4StopEv
                0x000000000000d18c       0x30 Libraries/FEHMotor.o
                0x000000000000d18c                FEHMotor::Stop()
 .text._ZN8FEHMotor8SetPowerEi
                0x000000000000d1bc       0x54 Libraries/FEHMotor.o
                0x000000000000d1bc                FEHMotor::SetPower(int)
 .text._ZN8FEHMotor10SetPercentEf
                0x000000000000d210       0xf8 Libraries/FEHMotor.o
                0x000000000000d210                FEHMotor::SetPercent(float)
 .text._Z21IIC_StartTransmissionhh
                0x000000000000d308       0x6c Drivers/i2c.o
                0x000000000000d308                IIC_StartTransmission(unsigned char, unsigned char)
 .text._Z5Pausev
                0x000000000000d374       0x24 Drivers/i2c.o
                0x000000000000d374                Pause()
 .text._Z21MMA8451QWriteRegisterhh
                0x000000000000d398       0x68 Drivers/i2c.o
                0x000000000000d398                MMA8451QWriteRegister(unsigned char, unsigned char)
 .text._Z8i2c_Waitv
                0x000000000000d400       0x6c Drivers/i2c.o
                0x000000000000d400                i2c_Wait()
 .text._Z12SPI_SendCharh
                0x000000000000d46c       0x1a Drivers/spi.o
                0x000000000000d46c                SPI_SendChar(unsigned char)
 .text._Z16SPI_WriteCommandhh
                0x000000000000d486       0x34 Drivers/spi.o
                0x000000000000d486                SPI_WriteCommand(unsigned char, unsigned char)
 .text._Z11SPI_GetCharv
                0x000000000000d4ba       0x10 Drivers/spi.o
                0x000000000000d4ba                SPI_GetChar()
 .text._Z15SPI_ReadCommandh
                0x000000000000d4ca       0x38 Drivers/spi.o
                0x000000000000d4ca                SPI_ReadCommand(unsigned char)
 *fill*         0x000000000000d502        0x2 
 .text._Z13SPI_CS_Assertv
                0x000000000000d504       0x1c Drivers/spi.o
                0x000000000000d504                SPI_CS_Assert()
 .text._Z15SPI_CS_Deassertv
                0x000000000000d520       0x1c Drivers/spi.o
                0x000000000000d520                SPI_CS_Deassert()
 .text._Z12SPI_Transferh
                0x000000000000d53c       0x6c Drivers/spi.o
                0x000000000000d53c                SPI_Transfer(unsigned char)
 .text._Z8SPI_Initv
                0x000000000000d5a8       0xa0 Drivers/spi.o
                0x000000000000d5a8                SPI_Init()
 .text._Z9uart_initPV11UART_MemMapii
                0x000000000000d648      0x174 Drivers/uart.o
                0x000000000000d648                uart_init(UART_MemMap volatile*, int, int)
 .text._Z12uart_getcharPV11UART_MemMap
                0x000000000000d7bc       0x32 Drivers/uart.o
                0x000000000000d7bc                uart_getchar(UART_MemMap volatile*)
 .text._Z12uart_putcharPV11UART_MemMapc
                0x000000000000d7ee       0x32 Drivers/uart.o
                0x000000000000d7ee                uart_putchar(UART_MemMap volatile*, char)
 .text._ZL7mem_setPvij
                0x000000000000d820       0x3c Drivers/ff.o
 .text._ZL11move_windowP5FATFSm
                0x000000000000d85c       0xc8 Drivers/ff.o
 .text._ZL4syncP5FATFS
                0x000000000000d924      0x14c Drivers/ff.o
 .text._ZL8validateP5FATFSt
                0x000000000000da70       0x54 Drivers/ff.o
 .text._Z6f_syncP3FIL
                0x000000000000dac4      0x186 Drivers/ff.o
                0x000000000000dac4                f_sync(FIL*)
 .text._Z7f_closeP3FIL
                0x000000000000dc4a       0x28 Drivers/ff.o
                0x000000000000dc4a                f_close(FIL*)
 *fill*         0x000000000000dc72        0x2 
 .text._ZL17SDHC_set_baudratemm
                0x000000000000dc74       0xe8 Drivers/SDHC.o
 .text._Z9SDHC_initP17esdhc_info_structPK17esdhc_init_struct
                0x000000000000dd5c      0x130 Drivers/SDHC.o
                0x000000000000dd5c                SDHC_init(esdhc_info_struct*, esdhc_init_struct const*)
 .text._ZL15SDHC_is_runningv
                0x000000000000de8c       0x24 Drivers/SDHC.o
 .text._ZL16SDHC_status_waitm
                0x000000000000deb0       0x2c Drivers/SDHC.o
 .text._ZL17SDHC_send_commandP20esdhc_command_struct
                0x000000000000dedc      0x1f8 Drivers/SDHC.o
 .text._Z10SDHC_ioctlmPv
                0x000000000000e0d4      0x6f0 Drivers/SDHC.o
                0x000000000000e0d4                SDHC_ioctl(unsigned long, void*)
 .text._ZL14rcvr_datablockPhm
                0x000000000000e7c4       0xf0 Drivers/SDHC.o
 .text._Z9disk_readhPhmh
                0x000000000000e8b4      0x124 Drivers/SDHC.o
                0x000000000000e8b4                disk_read(unsigned char, unsigned char*, unsigned long, unsigned char)
 .text._ZL14xmit_datablockPKhm
                0x000000000000e9d8       0xa4 Drivers/SDHC.o
 .text._Z10disk_writehPKhmh
                0x000000000000ea7c      0x198 Drivers/SDHC.o
                0x000000000000ea7c                disk_write(unsigned char, unsigned char const*, unsigned long, unsigned char)
 .text._Z10disk_ioctlhhPv
                0x000000000000ec14      0x104 Drivers/SDHC.o
                0x000000000000ec14                disk_ioctl(unsigned char, unsigned char, void*)
 .text._Z11disk_statush
                0x000000000000ed18       0x28 Drivers/SDHC.o
                0x000000000000ed18                disk_status(unsigned char)
 .text._Z13time_delay_msm
                0x000000000000ed40       0x6c Drivers/lptmr.o
                0x000000000000ed40                time_delay_ms(unsigned long)
 .text._Z41__static_initialization_and_destruction_0ii
                0x000000000000edac       0x2c FEHProteus.o
 .text._GLOBAL__sub_I_Propeller
                0x000000000000edd8       0x10 FEHProteus.o
 .text._ZN12FEHPropellerC2Ev
                0x000000000000ede8       0x1a Drivers/FEHPropeller.o
                0x000000000000ede8                FEHPropeller::FEHPropeller()
                0x000000000000ede8                FEHPropeller::FEHPropeller()
 *fill*         0x000000000000ee02        0x2 
 .text._ZN12FEHPropeller10InitializeEv
                0x000000000000ee04       0x74 Drivers/FEHPropeller.o
                0x000000000000ee04                FEHPropeller::Initialize()
 .text._ZN12FEHPropeller12SetMotorRateEhhh
                0x000000000000ee78       0x5c Drivers/FEHPropeller.o
                0x000000000000ee78                FEHPropeller::SetMotorRate(unsigned char, unsigned char, unsigned char)
 .text._ZL5Delaymjj
                0x000000000000eed4       0x94 Libraries/FEHUtility.o
 .text._Z5Sleepi
                0x000000000000ef68       0x2c Libraries/FEHUtility.o
                0x000000000000ef68                Sleep(int)
 .text._Z5Sleepd
                0x000000000000ef94       0x4c Libraries/FEHUtility.o
                0x000000000000ef94                Sleep(double)
 .text._Z11TimeNowMSecv
                0x000000000000efe0       0x38 Libraries/FEHUtility.o
                0x000000000000efe0                TimeNowMSec()
 .text._ZN14DigitalEncoderC2EN5FEHIO8FEHIOPinE
                0x000000000000f018       0x26 Libraries/FEHIO.o
                0x000000000000f018                DigitalEncoder::DigitalEncoder(FEHIO::FEHIOPin)
                0x000000000000f018                DigitalEncoder::DigitalEncoder(FEHIO::FEHIOPin)
 *fill*         0x000000000000f03e        0x2 
 .text._Z10enable_irqi
                0x000000000000f040      0x11c Libraries/FEHIO.o
                0x000000000000f040                enable_irq(int)
 .text._ZN14DigitalEncoder10InitializeEN5FEHIO8FEHIOPinENS0_21FEHIOInterruptTriggerE
                0x000000000000f15c      0x1a8 Libraries/FEHIO.o
                0x000000000000f15c                DigitalEncoder::Initialize(FEHIO::FEHIOPin, FEHIO::FEHIOInterruptTrigger)
 .text._Z16PORTB_IRQHandlerv
                0x000000000000f304       0x9c Libraries/FEHIO.o
                0x000000000000f304                PORTB_IRQHandler()
 .text._Z16PORTC_IRQHandlerv
                0x000000000000f3a0       0x9c Libraries/FEHIO.o
                0x000000000000f3a0                PORTC_IRQHandler()
 .text._Z16PORTA_IRQHandlerv
                0x000000000000f43c       0xa0 Libraries/FEHIO.o
                0x000000000000f43c                PORTA_IRQHandler()
 .text._Z16PORTE_IRQHandlerv
                0x000000000000f4dc       0x98 Libraries/FEHIO.o
                0x000000000000f4dc                PORTE_IRQHandler()
 .text._ZN14DigitalEncoder6CountsEv
                0x000000000000f574       0x24 Libraries/FEHIO.o
                0x000000000000f574                DigitalEncoder::Counts()
 .text._ZN14DigitalEncoder11ResetCountsEv
                0x000000000000f598       0x24 Libraries/FEHIO.o
                0x000000000000f598                DigitalEncoder::ResetCounts()
 .text._ZN14AnalogInputPinC2EN5FEHIO8FEHIOPinE
                0x000000000000f5bc       0x1e Libraries/FEHIO.o
                0x000000000000f5bc                AnalogInputPin::AnalogInputPin(FEHIO::FEHIOPin)
                0x000000000000f5bc                AnalogInputPin::AnalogInputPin(FEHIO::FEHIOPin)
 *fill*         0x000000000000f5da        0x6 
 .text._ZN14AnalogInputPin5ValueEv
                0x000000000000f5e0      0x120 Libraries/FEHIO.o
                0x000000000000f5e0                AnalogInputPin::Value()
 .text._ZN13AnalogEncoder12EncoderValueEv
                0x000000000000f700       0xb0 Libraries/FEHIO.o
                0x000000000000f700                AnalogEncoder::EncoderValue()
 .text._ZN14AnalogInputPin8InitADCsEv
                0x000000000000f7b0       0x98 Libraries/FEHIO.o
                0x000000000000f7b0                AnalogInputPin::InitADCs()
 .text._Z15PIT0_IRQHandlerv
                0x000000000000f848       0x28 Libraries/FEHIO.o
                0x000000000000f848                PIT0_IRQHandler()
 .text._ZN13AnalogEncoder4InitEv
                0x000000000000f870       0x44 Libraries/FEHIO.o
                0x000000000000f870                AnalogEncoder::Init()
 .text._ZN13AnalogEncoder14SetCounterInitEj
                0x000000000000f8b4       0x20 Libraries/FEHIO.o
                0x000000000000f8b4                AnalogEncoder::SetCounterInit(unsigned int)
 .text._ZN13AnalogEncoder10ProcessIntEv
                0x000000000000f8d4       0x68 Libraries/FEHIO.o
                0x000000000000f8d4                AnalogEncoder::ProcessInt()
 .text._ZN13AnalogEncoder14ProcessIntSelfEv
                0x000000000000f93c       0x6e Libraries/FEHIO.o
                0x000000000000f93c                AnalogEncoder::ProcessIntSelf()
 .text._Z7ADC_CalPV10ADC_MemMap
                0x000000000000f9aa      0x13e Drivers/adc16.o
                0x000000000000f9aa                ADC_Cal(ADC_MemMap volatile*)
 .text._Z14ADC_Config_AltPV10ADC_MemMapP7adc_cfg
                0x000000000000fae8       0x6c Drivers/adc16.o
                0x000000000000fae8                ADC_Config_Alt(ADC_MemMap volatile*, adc_cfg*)
 .text._ZN9FEHBuzzerC2Ev
                0x000000000000fb54       0x14 Libraries/FEHBuzzer.o
                0x000000000000fb54                FEHBuzzer::FEHBuzzer()
                0x000000000000fb54                FEHBuzzer::FEHBuzzer()
 .text._Z41__static_initialization_and_destruction_0ii
                0x000000000000fb68       0x2c Libraries/FEHBuzzer.o
 .text._GLOBAL__sub_I_Buzzer
                0x000000000000fb94       0x10 Libraries/FEHBuzzer.o
 .text._ZN6FEHLCD11_InitializeEv
                0x000000000000fba4      0x410 Libraries/FEHLCD.o
                0x000000000000fba4                FEHLCD::_Initialize()
 .text._ZN6FEHLCDC2Ev
                0x000000000000ffb4       0x50 Libraries/FEHLCD.o
                0x000000000000ffb4                FEHLCD::FEHLCD()
                0x000000000000ffb4                FEHLCD::FEHLCD()
 .text._ZN6FEHLCD10InitializeEv
                0x0000000000010004       0x28 Libraries/FEHLCD.o
                0x0000000000010004                FEHLCD::Initialize()
 .text._ZN6FEHLCD10PrintImageEii
                0x000000000001002c       0xbc Libraries/FEHLCD.o
                0x000000000001002c                FEHLCD::PrintImage(int, int)
 .text._ZN6FEHLCD9PrintLogoEii
                0x00000000000100e8       0xbc Libraries/FEHLCD.o
                0x00000000000100e8                FEHLCD::PrintLogo(int, int)
 .text._ZN6FEHLCD22ConvertFEHColorTo24BitENS_11FEHLCDColorE
                0x00000000000101a4       0x78 Libraries/FEHLCD.o
                0x00000000000101a4                FEHLCD::ConvertFEHColorTo24Bit(FEHLCD::FEHLCDColor)
 .text._ZN6FEHLCD24Convert24BitColorTo16BitEj
                0x000000000001021c       0x30 Libraries/FEHLCD.o
                0x000000000001021c                FEHLCD::Convert24BitColorTo16Bit(unsigned int)
 .text._ZN6FEHLCD22ConvertRGBColorTo16BitEhhh
                0x000000000001024c       0x4a Libraries/FEHLCD.o
                0x000000000001024c                FEHLCD::ConvertRGBColorTo16Bit(unsigned char, unsigned char, unsigned char)
 .text._ZN6FEHLCD5ClearENS_11FEHLCDColorE
                0x0000000000010296       0x28 Libraries/FEHLCD.o
                0x0000000000010296                FEHLCD::Clear(FEHLCD::FEHLCDColor)
 .text._ZN6FEHLCD5ClearEj
                0x00000000000102be       0x2c Libraries/FEHLCD.o
                0x00000000000102be                FEHLCD::Clear(unsigned int)
 .text._ZN6FEHLCD5ClearEv
                0x00000000000102ea       0x16 Libraries/FEHLCD.o
                0x00000000000102ea                FEHLCD::Clear()
 .text._ZN6FEHLCD18SetBackgroundColorENS_11FEHLCDColorE
                0x0000000000010300       0x28 Libraries/FEHLCD.o
                0x0000000000010300                FEHLCD::SetBackgroundColor(FEHLCD::FEHLCDColor)
 .text._ZN6FEHLCD18SetBackgroundColorEj
                0x0000000000010328       0x26 Libraries/FEHLCD.o
                0x0000000000010328                FEHLCD::SetBackgroundColor(unsigned int)
 .text._ZN6FEHLCD12SetFontColorENS_11FEHLCDColorE
                0x000000000001034e       0x28 Libraries/FEHLCD.o
                0x000000000001034e                FEHLCD::SetFontColor(FEHLCD::FEHLCDColor)
 .text._ZN6FEHLCD12SetFontColorEj
                0x0000000000010376       0x26 Libraries/FEHLCD.o
                0x0000000000010376                FEHLCD::SetFontColor(unsigned int)
 .text._ZN6FEHLCD7WriteAtEPKcii
                0x000000000001039c       0x46 Libraries/FEHLCD.o
                0x000000000001039c                FEHLCD::WriteAt(char const*, int, int)
 .text._ZN6FEHLCD11TS_SPI_InitEv
                0x00000000000103e2       0x7c Libraries/FEHLCD.o
                0x00000000000103e2                FEHLCD::TS_SPI_Init()
 *fill*         0x000000000001045e        0x2 
 .text._ZN6FEHLCD5TouchEPfS0_
                0x0000000000010460      0x1fc Libraries/FEHLCD.o
                0x0000000000010460                FEHLCD::Touch(float*, float*)
 .text._ZN6FEHLCD3absEi
                0x000000000001065c       0x22 Libraries/FEHLCD.o
                0x000000000001065c                FEHLCD::abs(int)
 .text._ZN6FEHLCD5WriteEPKc
                0x000000000001067e       0x4e Libraries/FEHLCD.o
                0x000000000001067e                FEHLCD::Write(char const*)
 .text._ZN6FEHLCD5WriteEi
                0x00000000000106cc       0x30 Libraries/FEHLCD.o
                0x00000000000106cc                FEHLCD::Write(int)
 .text._ZN6FEHLCD5WriteEf
                0x00000000000106fc       0xc0 Libraries/FEHLCD.o
                0x00000000000106fc                FEHLCD::Write(float)
 .text._ZN6FEHLCD5WriteEc
                0x00000000000107bc       0x30 Libraries/FEHLCD.o
                0x00000000000107bc                FEHLCD::Write(char)
 .text._ZN6FEHLCD9WriteLineEPKc
                0x00000000000107ec       0x26 Libraries/FEHLCD.o
                0x00000000000107ec                FEHLCD::WriteLine(char const*)
 .text._ZN6FEHLCD9WriteLineEf
                0x0000000000010812       0x26 Libraries/FEHLCD.o
                0x0000000000010812                FEHLCD::WriteLine(float)
 .text._ZN6FEHLCD9WriteLineEc
                0x0000000000010838       0x2a Libraries/FEHLCD.o
                0x0000000000010838                FEHLCD::WriteLine(char)
 *fill*         0x0000000000010862        0x2 
 .text._ZN6FEHLCD10WriteIndexEh
                0x0000000000010864      0x14c Libraries/FEHLCD.o
                0x0000000000010864                FEHLCD::WriteIndex(unsigned char)
 .text._ZN6FEHLCD14WriteParameterEh
                0x00000000000109b0      0x130 Libraries/FEHLCD.o
                0x00000000000109b0                FEHLCD::WriteParameter(unsigned char)
 .text._ZN6FEHLCD6_ClearEv
                0x0000000000010ae0      0x15c Libraries/FEHLCD.o
                0x0000000000010ae0                FEHLCD::_Clear()
 .text._ZN6FEHLCD8NextLineEv
                0x0000000000010c3c       0x2a Libraries/FEHLCD.o
                0x0000000000010c3c                FEHLCD::NextLine()
 .text._ZN6FEHLCD9CheckLineEv
                0x0000000000010c66       0x28 Libraries/FEHLCD.o
                0x0000000000010c66                FEHLCD::CheckLine()
 .text._ZN6FEHLCD8NextCharEv
                0x0000000000010c8e       0x32 Libraries/FEHLCD.o
                0x0000000000010c8e                FEHLCD::NextChar()
 .text._ZN6FEHLCD9DrawPixelEii
                0x0000000000010cc0       0x2a Libraries/FEHLCD.o
                0x0000000000010cc0                FEHLCD::DrawPixel(int, int)
 .text._Z4SwapRiS_
                0x0000000000010cea       0x28 Libraries/FEHLCD.o
                0x0000000000010cea                Swap(int&, int&)
 .text._ZN6FEHLCD13DrawRectangleEiiii
                0x0000000000010d12       0x7c Libraries/FEHLCD.o
                0x0000000000010d12                FEHLCD::DrawRectangle(int, int, int, int)
 .text._ZN6FEHLCD13SetDrawRegionEiiii
                0x0000000000010d8e       0xfe Libraries/FEHLCD.o
                0x0000000000010d8e                FEHLCD::SetDrawRegion(int, int, int, int)
 .text._ZN6FEHLCD8DrawLineEiiii
                0x0000000000010e8c      0x14c Libraries/FEHLCD.o
                0x0000000000010e8c                FEHLCD::DrawLine(int, int, int, int)
 .text._ZN6FEHLCD9WriteCharEiic
                0x0000000000010fd8       0x34 Libraries/FEHLCD.o
                0x0000000000010fd8                FEHLCD::WriteChar(int, int, char)
 .text._ZN6FEHLCD11WriteCharAtEiic
                0x000000000001100c      0x214 Libraries/FEHLCD.o
                0x000000000001100c                FEHLCD::WriteCharAt(int, int, char)
 .text._ZN6FEHLCD11RepeatColorEv
                0x0000000000011220       0x70 Libraries/FEHLCD.o
                0x0000000000011220                FEHLCD::RepeatColor()
 .text._ZN6FEHLCD10_ForePixelEv
                0x0000000000011290       0xc4 Libraries/FEHLCD.o
                0x0000000000011290                FEHLCD::_ForePixel()
 .text._ZN6FEHLCD10_BackPixelEv
                0x0000000000011354       0xc4 Libraries/FEHLCD.o
                0x0000000000011354                FEHLCD::_BackPixel()
 .text._ZN6FEHLCD22SetRegisterColorValuesEv
                0x0000000000011418      0x336 Libraries/FEHLCD.o
                0x0000000000011418                FEHLCD::SetRegisterColorValues()
 .text._ZN7FEHIcon4IconC2Ev
                0x000000000001174e       0x14 Libraries/FEHLCD.o
                0x000000000001174e                FEHIcon::Icon::Icon()
                0x000000000001174e                FEHIcon::Icon::Icon()
 .text._ZN7FEHIcon4Icon13SetPropertiesEPciiiijj
                0x0000000000011762       0x6a Libraries/FEHLCD.o
                0x0000000000011762                FEHIcon::Icon::SetProperties(char*, int, int, int, int, unsigned int, unsigned int)
 .text._ZN7FEHIcon4Icon4DrawEv
                0x00000000000117cc       0x90 Libraries/FEHLCD.o
                0x00000000000117cc                FEHIcon::Icon::Draw()
 .text._ZN7FEHIcon4Icon6SelectEv
                0x000000000001185c       0x90 Libraries/FEHLCD.o
                0x000000000001185c                FEHIcon::Icon::Select()
 .text._ZN7FEHIcon4Icon8DeselectEv
                0x00000000000118ec       0x8c Libraries/FEHLCD.o
                0x00000000000118ec                FEHIcon::Icon::Deselect()
 .text._ZN7FEHIcon4Icon7PressedEffi
                0x0000000000011978      0x13c Libraries/FEHLCD.o
                0x0000000000011978                FEHIcon::Icon::Pressed(float, float, int)
 .text._ZN7FEHIcon4Icon12WhilePressedEff
                0x0000000000011ab4       0x50 Libraries/FEHLCD.o
                0x0000000000011ab4                FEHIcon::Icon::WhilePressed(float, float)
 .text._ZN7FEHIcon13DrawIconArrayEPNS_4IconEiiiiiiPA20_cjj
                0x0000000000011b04      0x168 Libraries/FEHLCD.o
                0x0000000000011b04                FEHIcon::DrawIconArray(FEHIcon::Icon*, int, int, int, int, int, int, char (*) [20], unsigned int, unsigned int)
 .text._Z41__static_initialization_and_destruction_0ii
                0x0000000000011c6c       0x2c Libraries/FEHLCD.o
 .text._GLOBAL__sub_I_image
                0x0000000000011c98       0x10 Libraries/FEHLCD.o
 .text._ZN8FEHAccelC2Ev
                0x0000000000011ca8       0x70 Libraries/FEHAccel.o
                0x0000000000011ca8                FEHAccel::FEHAccel()
                0x0000000000011ca8                FEHAccel::FEHAccel()
 .text._Z41__static_initialization_and_destruction_0ii
                0x0000000000011d18       0x2c Libraries/FEHAccel.o
 .text._GLOBAL__sub_I_Accel
                0x0000000000011d44       0x10 Libraries/FEHAccel.o
 *fill*         0x0000000000011d54        0x4 
 .text._ZN10FEHBattery7VoltageEv
                0x0000000000011d58       0x54 Libraries/FEHBattery.o
                0x0000000000011d58                FEHBattery::Voltage()
 .text._ZN10FEHBatteryC2EN5FEHIO8FEHIOPinE
                0x0000000000011dac       0x22 Libraries/FEHBattery.o
                0x0000000000011dac                FEHBattery::FEHBattery(FEHIO::FEHIOPin)
                0x0000000000011dac                FEHBattery::FEHBattery(FEHIO::FEHIOPin)
 *fill*         0x0000000000011dce        0x2 
 .text._Z41__static_initialization_and_destruction_0ii
                0x0000000000011dd0       0x30 Libraries/FEHBattery.o
 .text._GLOBAL__sub_I_Battery
                0x0000000000011e00       0x10 Libraries/FEHBattery.o
 .text._ZN7FEHXBeeC2Ev
                0x0000000000011e10       0x1a Drivers/FEHXBee.o
                0x0000000000011e10                FEHXBee::FEHXBee()
                0x0000000000011e10                FEHXBee::FEHXBee()
 *fill*         0x0000000000011e2a        0x2 
 .text._ZN7FEHXBee10InitializeEv
                0x0000000000011e2c       0xdc Drivers/FEHXBee.o
                0x0000000000011e2c                FEHXBee::Initialize()
 .text._ZN7FEHXBee13IsInitializedEv
                0x0000000000011f08       0x16 Drivers/FEHXBee.o
                0x0000000000011f08                FEHXBee::IsInitialized()
 *fill*         0x0000000000011f1e        0x2 
 .text._ZN7FEHXBee17ReceiveDataSearchEPcjh
                0x0000000000011f20       0x8c Drivers/FEHXBee.o
                0x0000000000011f20                FEHXBee::ReceiveDataSearch(char*, unsigned int, unsigned char)
 .text._ZN7FEHXBee8SendDataEPcj
                0x0000000000011fac       0x40 Drivers/FEHXBee.o
                0x0000000000011fac                FEHXBee::SendData(char*, unsigned int)
 .text._ZN7FEHXBee17SetPacketCallBackEPFvPhhE
                0x0000000000011fec       0x20 Drivers/FEHXBee.o
                0x0000000000011fec                FEHXBee::SetPacketCallBack(void (*)(unsigned char*, unsigned char))
 .text._Z22UART0_RX_TX_IRQHandlerv
                0x000000000001200c       0xec Drivers/FEHXBee.o
                0x000000000001200c                UART0_RX_TX_IRQHandler()
 .text._ZN6FEHRCSC2Ev
                0x00000000000120f8       0x74 Libraries/FEHRCS.o
                0x00000000000120f8                FEHRCS::FEHRCS()
                0x00000000000120f8                FEHRCS::FEHRCS()
 .text._ZN6FEHRCS10InitializeEiPKc
                0x000000000001216c      0x7a0 Libraries/FEHRCS.o
                0x000000000001216c                FEHRCS::Initialize(int, char const*)
 .text._ZN6FEHRCS10InitializeEcPKc
                0x000000000001290c       0x4c Libraries/FEHRCS.o
                0x000000000001290c                FEHRCS::Initialize(char, char const*)
 .text._ZN6FEHRCS19InitializeTouchMenuEPKc
                0x0000000000012958      0x438 Libraries/FEHRCS.o
                0x0000000000012958                FEHRCS::InitializeTouchMenu(char const*)
 .text._ZN6FEHRCS19CurrentRegionLetterEv
                0x0000000000012d90       0x1c Libraries/FEHRCS.o
                0x0000000000012d90                FEHRCS::CurrentRegionLetter()
 .text._ZN6FEHRCS13WaitForPacketEv
                0x0000000000012dac       0x58 Libraries/FEHRCS.o
                0x0000000000012dac                FEHRCS::WaitForPacket()
 .text._Z14RCSDataProcessPhh
                0x0000000000012e04       0xa0 Libraries/FEHRCS.o
                0x0000000000012e04                RCSDataProcess(unsigned char*, unsigned char)
 .text._Z41__static_initialization_and_destruction_0ii
                0x0000000000012ea4       0x2c Libraries/FEHRCS.o
 .text._GLOBAL__sub_I_RCS
                0x0000000000012ed0       0x10 Libraries/FEHRCS.o
 .text._ZN5FEHSDC2Ev
                0x0000000000012ee0       0x24 Libraries/FEHSD.o
                0x0000000000012ee0                FEHSD::FEHSD()
                0x0000000000012ee0                FEHSD::FEHSD()
 .text._ZN5FEHSD9FCloseAllEv
                0x0000000000012f04       0x6c Libraries/FEHSD.o
                0x0000000000012f04                FEHSD::FCloseAll()
 .text._Z41__static_initialization_and_destruction_0ii
                0x0000000000012f70       0x2c Libraries/FEHSD.o
 .text._GLOBAL__sub_I_SD
                0x0000000000012f9c       0x10 Libraries/FEHSD.o
 .text._ZN9FEHRandom10InitializeEv
                0x0000000000012fac       0x3c Libraries/FEHRandom.o
                0x0000000000012fac                FEHRandom::Initialize()
 .text.startup._GLOBAL__sub_I__ZN9__gnu_cxx9__freeresEv
                0x0000000000012fe8       0x28 /Applications/FEH_ARM/bin/../lib/gcc/arm-none-eabi/10.3.1/../../../../arm-none-eabi/lib/thumb/v7e-m/nofp/libstdc++.a(eh_alloc.o)
 .text          0x0000000000013010      0x378 /Applications/FEH_ARM/bin/../lib/gcc/arm-none-eabi/10.3.1/thumb/v7e-m/nofp/libgcc.a(_arm_addsubdf3.o)
                0x0000000000013010                __aeabi_drsub
                0x0000000000013018                __subdf3
                0x0000000000013018                __aeabi_dsub
                0x000000000001301c                __aeabi_dadd
                0x000000000001301c                __adddf3
                0x0000000000013294                __aeabi_ui2d
                0x0000000000013294                __floatunsidf
                0x00000000000132b4                __floatsidf
                0x00000000000132b4                __aeabi_i2d
                0x00000000000132d8                __extendsfdf2
                0x00000000000132d8                __aeabi_f2d
                0x000000000001331c                __aeabi_ul2d
                0x000000000001331c                __floatundidf
                0x000000000001332c                __aeabi_l2d
                0x000000000001332c                __floatdidf
 .text          0x0000000000013388      0x424 /Applications/FEH_ARM/bin/../lib/gcc/arm-none-eabi/10.3.1/thumb/v7e-m/nofp/libgcc.a(_arm_muldivdf3.o)
                0x0000000000013388                __aeabi_dmul
                0x0000000000013388                __muldf3
                0x00000000000135dc                __aeabi_ddiv
                0x00000000000135dc                __divdf3
 .text          0x00000000000137ac      0x110 /Applications/FEH_ARM/bin/../lib/gcc/arm-none-eabi/10.3.1/thumb/v7e-m/nofp/libgcc.a(_arm_cmpdf2.o)
                0x00000000000137ac                __gedf2
                0x00000000000137ac                __gtdf2
                0x00000000000137b4                __ledf2
                0x00000000000137b4                __ltdf2
                0x00000000000137bc                __cmpdf2
                0x00000000000137bc                __eqdf2
                0x00000000000137bc                __nedf2
                0x0000000000013838                __aeabi_cdrcmple
                0x0000000000013848                __aeabi_cdcmple
                0x0000000000013848                __aeabi_cdcmpeq
                0x0000000000013858                __aeabi_dcmpeq
                0x000000000001386c                __aeabi_dcmplt
                0x0000000000013880                __aeabi_dcmple
                0x0000000000013894                __aeabi_dcmpge
                0x00000000000138a8                __aeabi_dcmpgt
 .text          0x00000000000138bc       0x50 /Applications/FEH_ARM/bin/../lib/gcc/arm-none-eabi/10.3.1/thumb/v7e-m/nofp/libgcc.a(_arm_fixdfsi.o)
                0x00000000000138bc                __fixdfsi
                0x00000000000138bc                __aeabi_d2iz
 .text          0x000000000001390c       0x40 /Applications/FEH_ARM/bin/../lib/gcc/arm-none-eabi/10.3.1/thumb/v7e-m/nofp/libgcc.a(_arm_fixunsdfsi.o)
                0x000000000001390c                __fixunsdfsi
                0x000000000001390c                __aeabi_d2uiz
 .text          0x000000000001394c       0xa0 /Applications/FEH_ARM/bin/../lib/gcc/arm-none-eabi/10.3.1/thumb/v7e-m/nofp/libgcc.a(_arm_truncdfsf2.o)
                0x000000000001394c                __aeabi_d2f
                0x000000000001394c                __truncdfsf2
 .text          0x00000000000139ec      0x21c /Applications/FEH_ARM/bin/../lib/gcc/arm-none-eabi/10.3.1/thumb/v7e-m/nofp/libgcc.a(_arm_addsubsf3.o)
                0x00000000000139ec                __aeabi_frsub
                0x00000000000139f4                __aeabi_fsub
                0x00000000000139f4                __subsf3
                0x00000000000139f8                __aeabi_fadd
                0x00000000000139f8                __addsf3
                0x0000000000013b58                __aeabi_ui2f
                0x0000000000013b58                __floatunsisf
                0x0000000000013b60                __floatsisf
                0x0000000000013b60                __aeabi_i2f
                0x0000000000013b7c                __aeabi_ul2f
                0x0000000000013b7c                __floatundisf
                0x0000000000013b8c                __aeabi_l2f
                0x0000000000013b8c                __floatdisf
 .text          0x0000000000013c08      0x2a0 /Applications/FEH_ARM/bin/../lib/gcc/arm-none-eabi/10.3.1/thumb/v7e-m/nofp/libgcc.a(_arm_muldivsf3.o)
                0x0000000000013c08                __mulsf3
                0x0000000000013c08                __aeabi_fmul
                0x0000000000013d70                __divsf3
                0x0000000000013d70                __aeabi_fdiv
 .text          0x0000000000013ea8       0xec /Applications/FEH_ARM/bin/../lib/gcc/arm-none-eabi/10.3.1/thumb/v7e-m/nofp/libgcc.a(_arm_cmpsf2.o)
                0x0000000000013ea8                __gesf2
                0x0000000000013ea8                __gtsf2
                0x0000000000013eb0                __ltsf2
                0x0000000000013eb0                __lesf2
                0x0000000000013eb8                __nesf2
                0x0000000000013eb8                __eqsf2
                0x0000000000013eb8                __cmpsf2
                0x0000000000013f18                __aeabi_cfrcmple
                0x0000000000013f20                __aeabi_cfcmpeq
                0x0000000000013f20                __aeabi_cfcmple
                0x0000000000013f30                __aeabi_fcmpeq
                0x0000000000013f44                __aeabi_fcmplt
                0x0000000000013f58                __aeabi_fcmple
                0x0000000000013f6c                __aeabi_fcmpge
                0x0000000000013f80                __aeabi_fcmpgt
 .text          0x0000000000013f94       0x4c /Applications/FEH_ARM/bin/../lib/gcc/arm-none-eabi/10.3.1/thumb/v7e-m/nofp/libgcc.a(_arm_fixsfsi.o)
                0x0000000000013f94                __fixsfsi
                0x0000000000013f94                __aeabi_f2iz
 .text.abort    0x0000000000013fe0       0x10 /Applications/FEH_ARM/bin/../lib/gcc/arm-none-eabi/10.3.1/../../../../arm-none-eabi/lib/thumb/v7e-m/nofp/libg.a(lib_a-abort.o)
                0x0000000000013fe0                abort
 .text.__sfvwrite_r
                0x0000000000013ff0      0x2e8 /Applications/FEH_ARM/bin/../lib/gcc/arm-none-eabi/10.3.1/../../../../arm-none-eabi/lib/thumb/v7e-m/nofp/libg.a(lib_a-fvwrite.o)
                0x0000000000013ff0                __sfvwrite_r
 .text.__libc_init_array
                0x00000000000142d8       0x48 /Applications/FEH_ARM/bin/../lib/gcc/arm-none-eabi/10.3.1/../../../../arm-none-eabi/lib/thumb/v7e-m/nofp/libg.a(lib_a-init.o)
                0x00000000000142d8                __libc_init_array
 .text.__retarget_lock_init_recursive
                0x0000000000014320        0x4 /Applications/FEH_ARM/bin/../lib/gcc/arm-none-eabi/10.3.1/../../../../arm-none-eabi/lib/thumb/v7e-m/nofp/libg.a(lib_a-lock.o)
                0x0000000000014320                __retarget_lock_init_recursive
 .text.__retarget_lock_close_recursive
                0x0000000000014324        0x4 /Applications/FEH_ARM/bin/../lib/gcc/arm-none-eabi/10.3.1/../../../../arm-none-eabi/lib/thumb/v7e-m/nofp/libg.a(lib_a-lock.o)
                0x0000000000014324                __retarget_lock_close_recursive
 .text.__retarget_lock_acquire_recursive
                0x0000000000014328        0x4 /Applications/FEH_ARM/bin/../lib/gcc/arm-none-eabi/10.3.1/../../../../arm-none-eabi/lib/thumb/v7e-m/nofp/libg.a(lib_a-lock.o)
                0x0000000000014328                __retarget_lock_acquire_recursive
 .text.__retarget_lock_release_recursive
                0x000000000001432c        0x4 /Applications/FEH_ARM/bin/../lib/gcc/arm-none-eabi/10.3.1/../../../../arm-none-eabi/lib/thumb/v7e-m/nofp/libg.a(lib_a-lock.o)
                0x000000000001432c                __retarget_lock_release_recursive
 .text.malloc   0x0000000000014330       0x10 /Applications/FEH_ARM/bin/../lib/gcc/arm-none-eabi/10.3.1/../../../../arm-none-eabi/lib/thumb/v7e-m/nofp/libg.a(lib_a-malloc.o)
                0x0000000000014330                malloc
 .text._malloc_r
                0x0000000000014340      0x560 /Applications/FEH_ARM/bin/../lib/gcc/arm-none-eabi/10.3.1/../../../../arm-none-eabi/lib/thumb/v7e-m/nofp/libg.a(lib_a-mallocr.o)
                0x0000000000014340                _malloc_r
 .text          0x00000000000148a0       0xa0 /Applications/FEH_ARM/bin/../lib/gcc/arm-none-eabi/10.3.1/../../../../arm-none-eabi/lib/thumb/v7e-m/nofp/libg.a(lib_a-memchr.o)
                0x00000000000148a0                memchr
 .text          0x0000000000014940      0x134 /Applications/FEH_ARM/bin/../lib/gcc/arm-none-eabi/10.3.1/../../../../arm-none-eabi/lib/thumb/v7e-m/nofp/libg.a(lib_a-memcpy.o)
                0x0000000000014940                memcpy
 .text.memmove  0x0000000000014a74       0xf8 /Applications/FEH_ARM/bin/../lib/gcc/arm-none-eabi/10.3.1/../../../../arm-none-eabi/lib/thumb/v7e-m/nofp/libg.a(lib_a-memmove.o)
                0x0000000000014a74                memmove
 .text.memset   0x0000000000014b6c       0xa4 /Applications/FEH_ARM/bin/../lib/gcc/arm-none-eabi/10.3.1/../../../../arm-none-eabi/lib/thumb/v7e-m/nofp/libg.a(lib_a-memset.o)
                0x0000000000014b6c                memset
 .text.__malloc_lock
                0x0000000000014c10        0xc /Applications/FEH_ARM/bin/../lib/gcc/arm-none-eabi/10.3.1/../../../../arm-none-eabi/lib/thumb/v7e-m/nofp/libg.a(lib_a-mlock.o)
                0x0000000000014c10                __malloc_lock
 .text.__malloc_unlock
                0x0000000000014c1c        0xc /Applications/FEH_ARM/bin/../lib/gcc/arm-none-eabi/10.3.1/../../../../arm-none-eabi/lib/thumb/v7e-m/nofp/libg.a(lib_a-mlock.o)
                0x0000000000014c1c                __malloc_unlock
 .text._realloc_r
                0x0000000000014c28      0x3d8 /Applications/FEH_ARM/bin/../lib/gcc/arm-none-eabi/10.3.1/../../../../arm-none-eabi/lib/thumb/v7e-m/nofp/libg.a(lib_a-reallocr.o)
                0x0000000000014c28                _realloc_r
 .text._sbrk_r  0x0000000000015000       0x24 /Applications/FEH_ARM/bin/../lib/gcc/arm-none-eabi/10.3.1/../../../../arm-none-eabi/lib/thumb/v7e-m/nofp/libg.a(lib_a-sbrkr.o)
                0x0000000000015000                _sbrk_r
 .text.raise    0x0000000000015024       0x5c /Applications/FEH_ARM/bin/../lib/gcc/arm-none-eabi/10.3.1/../../../../arm-none-eabi/lib/thumb/v7e-m/nofp/libg.a(lib_a-signal.o)
                0x0000000000015024                raise
 .text._kill_r  0x0000000000015080       0x2c /Applications/FEH_ARM/bin/../lib/gcc/arm-none-eabi/10.3.1/../../../../arm-none-eabi/lib/thumb/v7e-m/nofp/libg.a(lib_a-signalr.o)
                0x0000000000015080                _kill_r
 .text._getpid_r
                0x00000000000150ac        0x4 /Applications/FEH_ARM/bin/../lib/gcc/arm-none-eabi/10.3.1/../../../../arm-none-eabi/lib/thumb/v7e-m/nofp/libg.a(lib_a-signalr.o)
                0x00000000000150ac                _getpid_r
 .text.sprintf  0x00000000000150b0       0x40 /Applications/FEH_ARM/bin/../lib/gcc/arm-none-eabi/10.3.1/../../../../arm-none-eabi/lib/thumb/v7e-m/nofp/libg.a(lib_a-sprintf.o)
                0x00000000000150b0                sprintf
 .text.strcpy   0x00000000000150f0       0xbc /Applications/FEH_ARM/bin/../lib/gcc/arm-none-eabi/10.3.1/../../../../arm-none-eabi/lib/thumb/v7e-m/nofp/libg.a(lib_a-strcpy.o)
                0x00000000000150f0                strcpy
 *fill*         0x00000000000151ac       0x14 
 .text          0x00000000000151c0       0xdc /Applications/FEH_ARM/bin/../lib/gcc/arm-none-eabi/10.3.1/../../../../arm-none-eabi/lib/thumb/v7e-m/nofp/libg.a(lib_a-strlen.o)
                0x00000000000151c0                strlen
 .text._svfprintf_r
                0x000000000001529c     0x1a3c /Applications/FEH_ARM/bin/../lib/gcc/arm-none-eabi/10.3.1/../../../../arm-none-eabi/lib/thumb/v7e-m/nofp/libg.a(lib_a-svfprintf.o)
                0x000000000001529c                _svfprintf_r
 .text.__swbuf_r
                0x0000000000016cd8       0xb0 /Applications/FEH_ARM/bin/../lib/gcc/arm-none-eabi/10.3.1/../../../../arm-none-eabi/lib/thumb/v7e-m/nofp/libg.a(lib_a-wbuf.o)
                0x0000000000016cd8                __swbuf_r
 .text._write_r
                0x0000000000016d88       0x2c /Applications/FEH_ARM/bin/../lib/gcc/arm-none-eabi/10.3.1/../../../../arm-none-eabi/lib/thumb/v7e-m/nofp/libg.a(lib_a-writer.o)
                0x0000000000016d88                _write_r
 .text.__swsetup_r
                0x0000000000016db4       0xd4 /Applications/FEH_ARM/bin/../lib/gcc/arm-none-eabi/10.3.1/../../../../arm-none-eabi/lib/thumb/v7e-m/nofp/libg.a(lib_a-wsetup.o)
                0x0000000000016db4                __swsetup_r
 .text.startup.register_fini
                0x0000000000016e88       0x14 /Applications/FEH_ARM/bin/../lib/gcc/arm-none-eabi/10.3.1/../../../../arm-none-eabi/lib/thumb/v7e-m/nofp/libg.a(lib_a-__call_atexit.o)
 .text.atexit   0x0000000000016e9c        0xc /Applications/FEH_ARM/bin/../lib/gcc/arm-none-eabi/10.3.1/../../../../arm-none-eabi/lib/thumb/v7e-m/nofp/libg.a(lib_a-atexit.o)
                0x0000000000016e9c                atexit
 .text.quorem   0x0000000000016ea8      0x124 /Applications/FEH_ARM/bin/../lib/gcc/arm-none-eabi/10.3.1/../../../../arm-none-eabi/lib/thumb/v7e-m/nofp/libg.a(lib_a-dtoa.o)
 *fill*         0x0000000000016fcc        0x4 
 .text._dtoa_r  0x0000000000016fd0      0xec4 /Applications/FEH_ARM/bin/../lib/gcc/arm-none-eabi/10.3.1/../../../../arm-none-eabi/lib/thumb/v7e-m/nofp/libg.a(lib_a-dtoa.o)
                0x0000000000016fd0                _dtoa_r
 .text.__sflush_r
                0x0000000000017e94      0x120 /Applications/FEH_ARM/bin/../lib/gcc/arm-none-eabi/10.3.1/../../../../arm-none-eabi/lib/thumb/v7e-m/nofp/libg.a(lib_a-fflush.o)
                0x0000000000017e94                __sflush_r
 .text._fflush_r
                0x0000000000017fb4       0x5c /Applications/FEH_ARM/bin/../lib/gcc/arm-none-eabi/10.3.1/../../../../arm-none-eabi/lib/thumb/v7e-m/nofp/libg.a(lib_a-fflush.o)
                0x0000000000017fb4                _fflush_r
 .text._cleanup_r
                0x0000000000018010        0xc /Applications/FEH_ARM/bin/../lib/gcc/arm-none-eabi/10.3.1/../../../../arm-none-eabi/lib/thumb/v7e-m/nofp/libg.a(lib_a-findfp.o)
                0x0000000000018010                _cleanup_r
 .text.__sinit  0x000000000001801c      0x10c /Applications/FEH_ARM/bin/../lib/gcc/arm-none-eabi/10.3.1/../../../../arm-none-eabi/lib/thumb/v7e-m/nofp/libg.a(lib_a-findfp.o)
                0x000000000001801c                __sinit
 .text.__sfp_lock_acquire
                0x0000000000018128        0xc /Applications/FEH_ARM/bin/../lib/gcc/arm-none-eabi/10.3.1/../../../../arm-none-eabi/lib/thumb/v7e-m/nofp/libg.a(lib_a-findfp.o)
                0x0000000000018128                __sfp_lock_acquire
 .text.__sfp_lock_release
                0x0000000000018134        0xc /Applications/FEH_ARM/bin/../lib/gcc/arm-none-eabi/10.3.1/../../../../arm-none-eabi/lib/thumb/v7e-m/nofp/libg.a(lib_a-findfp.o)
                0x0000000000018134                __sfp_lock_release
 .text.__libc_fini_array
                0x0000000000018140       0x2c /Applications/FEH_ARM/bin/../lib/gcc/arm-none-eabi/10.3.1/../../../../arm-none-eabi/lib/thumb/v7e-m/nofp/libg.a(lib_a-fini.o)
                0x0000000000018140                __libc_fini_array
 .text._malloc_trim_r
                0x000000000001816c       0xa0 /Applications/FEH_ARM/bin/../lib/gcc/arm-none-eabi/10.3.1/../../../../arm-none-eabi/lib/thumb/v7e-m/nofp/libg.a(lib_a-freer.o)
                0x000000000001816c                _malloc_trim_r
 .text._free_r  0x000000000001820c      0x20c /Applications/FEH_ARM/bin/../lib/gcc/arm-none-eabi/10.3.1/../../../../arm-none-eabi/lib/thumb/v7e-m/nofp/libg.a(lib_a-freer.o)
                0x000000000001820c                _free_r
 .text._fwalk_reent
                0x0000000000018418       0x48 /Applications/FEH_ARM/bin/../lib/gcc/arm-none-eabi/10.3.1/../../../../arm-none-eabi/lib/thumb/v7e-m/nofp/libg.a(lib_a-fwalk.o)
                0x0000000000018418                _fwalk_reent
 .text._localeconv_r
                0x0000000000018460        0x8 /Applications/FEH_ARM/bin/../lib/gcc/arm-none-eabi/10.3.1/../../../../arm-none-eabi/lib/thumb/v7e-m/nofp/libg.a(lib_a-localeconv.o)
                0x0000000000018460                _localeconv_r
 .text.__smakebuf_r
                0x0000000000018468       0xe0 /Applications/FEH_ARM/bin/../lib/gcc/arm-none-eabi/10.3.1/../../../../arm-none-eabi/lib/thumb/v7e-m/nofp/libg.a(lib_a-makebuf.o)
                0x0000000000018468                __smakebuf_r
 .text._Balloc  0x0000000000018548       0x4c /Applications/FEH_ARM/bin/../lib/gcc/arm-none-eabi/10.3.1/../../../../arm-none-eabi/lib/thumb/v7e-m/nofp/libg.a(lib_a-mprec.o)
                0x0000000000018548                _Balloc
 .text._Bfree   0x0000000000018594       0x14 /Applications/FEH_ARM/bin/../lib/gcc/arm-none-eabi/10.3.1/../../../../arm-none-eabi/lib/thumb/v7e-m/nofp/libg.a(lib_a-mprec.o)
                0x0000000000018594                _Bfree
 .text.__multadd
                0x00000000000185a8       0xa0 /Applications/FEH_ARM/bin/../lib/gcc/arm-none-eabi/10.3.1/../../../../arm-none-eabi/lib/thumb/v7e-m/nofp/libg.a(lib_a-mprec.o)
                0x00000000000185a8                __multadd
 .text.__hi0bits
                0x0000000000018648       0x40 /Applications/FEH_ARM/bin/../lib/gcc/arm-none-eabi/10.3.1/../../../../arm-none-eabi/lib/thumb/v7e-m/nofp/libg.a(lib_a-mprec.o)
                0x0000000000018648                __hi0bits
 .text.__lo0bits
                0x0000000000018688       0x5c /Applications/FEH_ARM/bin/../lib/gcc/arm-none-eabi/10.3.1/../../../../arm-none-eabi/lib/thumb/v7e-m/nofp/libg.a(lib_a-mprec.o)
                0x0000000000018688                __lo0bits
 .text.__i2b    0x00000000000186e4       0x5c /Applications/FEH_ARM/bin/../lib/gcc/arm-none-eabi/10.3.1/../../../../arm-none-eabi/lib/thumb/v7e-m/nofp/libg.a(lib_a-mprec.o)
                0x00000000000186e4                __i2b
 .text.__multiply
                0x0000000000018740      0x15c /Applications/FEH_ARM/bin/../lib/gcc/arm-none-eabi/10.3.1/../../../../arm-none-eabi/lib/thumb/v7e-m/nofp/libg.a(lib_a-mprec.o)
                0x0000000000018740                __multiply
 .text.__pow5mult
                0x000000000001889c       0xc0 /Applications/FEH_ARM/bin/../lib/gcc/arm-none-eabi/10.3.1/../../../../arm-none-eabi/lib/thumb/v7e-m/nofp/libg.a(lib_a-mprec.o)
                0x000000000001889c                __pow5mult
 .text.__lshift
                0x000000000001895c       0xf0 /Applications/FEH_ARM/bin/../lib/gcc/arm-none-eabi/10.3.1/../../../../arm-none-eabi/lib/thumb/v7e-m/nofp/libg.a(lib_a-mprec.o)
                0x000000000001895c                __lshift
 .text.__mcmp   0x0000000000018a4c       0x40 /Applications/FEH_ARM/bin/../lib/gcc/arm-none-eabi/10.3.1/../../../../arm-none-eabi/lib/thumb/v7e-m/nofp/libg.a(lib_a-mprec.o)
                0x0000000000018a4c                __mcmp
 .text.__mdiff  0x0000000000018a8c      0x14c /Applications/FEH_ARM/bin/../lib/gcc/arm-none-eabi/10.3.1/../../../../arm-none-eabi/lib/thumb/v7e-m/nofp/libg.a(lib_a-mprec.o)
                0x0000000000018a8c                __mdiff
 .text.__d2b    0x0000000000018bd8       0xc4 /Applications/FEH_ARM/bin/../lib/gcc/arm-none-eabi/10.3.1/../../../../arm-none-eabi/lib/thumb/v7e-m/nofp/libg.a(lib_a-mprec.o)
                0x0000000000018bd8                __d2b
 .text.frexp    0x0000000000018c9c       0x70 /Applications/FEH_ARM/bin/../lib/gcc/arm-none-eabi/10.3.1/../../../../arm-none-eabi/lib/thumb/v7e-m/nofp/libg.a(lib_a-s_frexp.o)
                0x0000000000018c9c                frexp
 .text.__sread  0x0000000000018d0c       0x24 /Applications/FEH_ARM/bin/../lib/gcc/arm-none-eabi/10.3.1/../../../../arm-none-eabi/lib/thumb/v7e-m/nofp/libg.a(lib_a-stdio.o)
                0x0000000000018d0c                __sread
 .text.__swrite
                0x0000000000018d30       0x40 /Applications/FEH_ARM/bin/../lib/gcc/arm-none-eabi/10.3.1/../../../../arm-none-eabi/lib/thumb/v7e-m/nofp/libg.a(lib_a-stdio.o)
                0x0000000000018d30                __swrite
 .text.__sseek  0x0000000000018d70       0x20 /Applications/FEH_ARM/bin/../lib/gcc/arm-none-eabi/10.3.1/../../../../arm-none-eabi/lib/thumb/v7e-m/nofp/libg.a(lib_a-stdio.o)
                0x0000000000018d70                __sseek
 .text.__sclose
                0x0000000000018d90        0x8 /Applications/FEH_ARM/bin/../lib/gcc/arm-none-eabi/10.3.1/../../../../arm-none-eabi/lib/thumb/v7e-m/nofp/libg.a(lib_a-stdio.o)
                0x0000000000018d90                __sclose
 .text.strncpy  0x0000000000018d98       0x64 /Applications/FEH_ARM/bin/../lib/gcc/arm-none-eabi/10.3.1/../../../../arm-none-eabi/lib/thumb/v7e-m/nofp/libg.a(lib_a-strncpy.o)
                0x0000000000018d98                strncpy
 .text.__ssprint_r
                0x0000000000018dfc       0xf8 /Applications/FEH_ARM/bin/../lib/gcc/arm-none-eabi/10.3.1/../../../../arm-none-eabi/lib/thumb/v7e-m/nofp/libg.a(lib_a-svfiprintf.o)
                0x0000000000018dfc                __ssprint_r
 .text.__register_exitproc
                0x0000000000018ef4       0x8c /Applications/FEH_ARM/bin/../lib/gcc/arm-none-eabi/10.3.1/../../../../arm-none-eabi/lib/thumb/v7e-m/nofp/libg.a(lib_a-__atexit.o)
                0x0000000000018ef4                __register_exitproc
 .text.__assert_func
                0x0000000000018f80       0x40 /Applications/FEH_ARM/bin/../lib/gcc/arm-none-eabi/10.3.1/../../../../arm-none-eabi/lib/thumb/v7e-m/nofp/libg.a(lib_a-assert.o)
                0x0000000000018f80                __assert_func
 .text._calloc_r
                0x0000000000018fc0       0x78 /Applications/FEH_ARM/bin/../lib/gcc/arm-none-eabi/10.3.1/../../../../arm-none-eabi/lib/thumb/v7e-m/nofp/libg.a(lib_a-callocr.o)
                0x0000000000018fc0                _calloc_r
 .text._close_r
                0x0000000000019038       0x24 /Applications/FEH_ARM/bin/../lib/gcc/arm-none-eabi/10.3.1/../../../../arm-none-eabi/lib/thumb/v7e-m/nofp/libg.a(lib_a-closer.o)
                0x0000000000019038                _close_r
 .text.__errno  0x000000000001905c        0xc /Applications/FEH_ARM/bin/../lib/gcc/arm-none-eabi/10.3.1/../../../../arm-none-eabi/lib/thumb/v7e-m/nofp/libg.a(lib_a-errno.o)
                0x000000000001905c                __errno
 .text._fclose_r
                0x0000000000019068       0xcc /Applications/FEH_ARM/bin/../lib/gcc/arm-none-eabi/10.3.1/../../../../arm-none-eabi/lib/thumb/v7e-m/nofp/libg.a(lib_a-fclose.o)
                0x0000000000019068                _fclose_r
 .text.fiprintf
                0x0000000000019134       0x28 /Applications/FEH_ARM/bin/../lib/gcc/arm-none-eabi/10.3.1/../../../../arm-none-eabi/lib/thumb/v7e-m/nofp/libg.a(lib_a-fiprintf.o)
                0x0000000000019134                fiprintf
 .text._fstat_r
                0x000000000001915c       0x2c /Applications/FEH_ARM/bin/../lib/gcc/arm-none-eabi/10.3.1/../../../../arm-none-eabi/lib/thumb/v7e-m/nofp/libg.a(lib_a-fstatr.o)
                0x000000000001915c                _fstat_r
 .text._isatty_r
                0x0000000000019188       0x24 /Applications/FEH_ARM/bin/../lib/gcc/arm-none-eabi/10.3.1/../../../../arm-none-eabi/lib/thumb/v7e-m/nofp/libg.a(lib_a-isattyr.o)
                0x0000000000019188                _isatty_r
 .text.__locale_mb_cur_max
                0x00000000000191ac        0xc /Applications/FEH_ARM/bin/../lib/gcc/arm-none-eabi/10.3.1/../../../../arm-none-eabi/lib/thumb/v7e-m/nofp/libg.a(lib_a-locale.o)
                0x00000000000191ac                __locale_mb_cur_max
 .text._lseek_r
                0x00000000000191b8       0x2c /Applications/FEH_ARM/bin/../lib/gcc/arm-none-eabi/10.3.1/../../../../arm-none-eabi/lib/thumb/v7e-m/nofp/libg.a(lib_a-lseekr.o)
                0x00000000000191b8                _lseek_r
 .text.__ascii_mbtowc
                0x00000000000191e4       0x2c /Applications/FEH_ARM/bin/../lib/gcc/arm-none-eabi/10.3.1/../../../../arm-none-eabi/lib/thumb/v7e-m/nofp/libg.a(lib_a-mbtowc_r.o)
                0x00000000000191e4                __ascii_mbtowc
 .text._read_r  0x0000000000019210       0x2c /Applications/FEH_ARM/bin/../lib/gcc/arm-none-eabi/10.3.1/../../../../arm-none-eabi/lib/thumb/v7e-m/nofp/libg.a(lib_a-readr.o)
                0x0000000000019210                _read_r
 .text.__sprint_r.part.0
                0x000000000001923c       0x78 /Applications/FEH_ARM/bin/../lib/gcc/arm-none-eabi/10.3.1/../../../../arm-none-eabi/lib/thumb/v7e-m/nofp/libg.a(lib_a-vfiprintf.o)
 .text._vfiprintf_r
                0x00000000000192b4      0xda0 /Applications/FEH_ARM/bin/../lib/gcc/arm-none-eabi/10.3.1/../../../../arm-none-eabi/lib/thumb/v7e-m/nofp/libg.a(lib_a-vfiprintf.o)
                0x00000000000192b4                _vfiprintf_r
 .text.__sbprintf
                0x000000000001a054       0x80 /Applications/FEH_ARM/bin/../lib/gcc/arm-none-eabi/10.3.1/../../../../arm-none-eabi/lib/thumb/v7e-m/nofp/libg.a(lib_a-vfiprintf.o)
 .text.__ascii_wctomb
                0x000000000001a0d4       0x1c /Applications/FEH_ARM/bin/../lib/gcc/arm-none-eabi/10.3.1/../../../../arm-none-eabi/lib/thumb/v7e-m/nofp/libg.a(lib_a-wctomb_r.o)
                0x000000000001a0d4                __ascii_wctomb
 .text.__fputwc
                0x000000000001a0f0       0xa8 /Applications/FEH_ARM/bin/../lib/gcc/arm-none-eabi/10.3.1/../../../../arm-none-eabi/lib/thumb/v7e-m/nofp/libg.a(lib_a-fputwc.o)
                0x000000000001a0f0                __fputwc
 .text._fputwc_r
                0x000000000001a198       0x68 /Applications/FEH_ARM/bin/../lib/gcc/arm-none-eabi/10.3.1/../../../../arm-none-eabi/lib/thumb/v7e-m/nofp/libg.a(lib_a-fputwc.o)
                0x000000000001a198                _fputwc_r
 .text._wcrtomb_r
                0x000000000001a200       0x3c /Applications/FEH_ARM/bin/../lib/gcc/arm-none-eabi/10.3.1/../../../../arm-none-eabi/lib/thumb/v7e-m/nofp/libg.a(lib_a-wcrtomb.o)
                0x000000000001a200                _wcrtomb_r
 .text          0x000000000001a23c       0x2c /Applications/FEH_ARM/bin/../lib/gcc/arm-none-eabi/10.3.1/thumb/v7e-m/nofp/libgcc.a(_arm_unorddf2.o)
                0x000000000001a23c                __aeabi_dcmpun
                0x000000000001a23c                __unorddf2
 .text          0x000000000001a268       0x30 /Applications/FEH_ARM/bin/../lib/gcc/arm-none-eabi/10.3.1/thumb/v7e-m/nofp/libgcc.a(_aeabi_uldivmod.o)
                0x000000000001a268                __aeabi_uldivmod
 .text          0x000000000001a298      0x2d0 /Applications/FEH_ARM/bin/../lib/gcc/arm-none-eabi/10.3.1/thumb/v7e-m/nofp/libgcc.a(_udivmoddi4.o)
                0x000000000001a298                __udivmoddi4
 .text          0x000000000001a568        0x4 /Applications/FEH_ARM/bin/../lib/gcc/arm-none-eabi/10.3.1/thumb/v7e-m/nofp/libgcc.a(_dvmd_tls.o)
                0x000000000001a568                __aeabi_ldiv0
                0x000000000001a568                __aeabi_idiv0
 .text._close   0x000000000001a56c       0x10 /Applications/FEH_ARM/bin/../lib/gcc/arm-none-eabi/10.3.1/../../../../arm-none-eabi/lib/thumb/v7e-m/nofp/libnosys.a(close.o)
                0x000000000001a56c                _close
 .text._fstat   0x000000000001a57c       0x10 /Applications/FEH_ARM/bin/../lib/gcc/arm-none-eabi/10.3.1/../../../../arm-none-eabi/lib/thumb/v7e-m/nofp/libnosys.a(fstat.o)
                0x000000000001a57c                _fstat
 .text._getpid  0x000000000001a58c       0x10 /Applications/FEH_ARM/bin/../lib/gcc/arm-none-eabi/10.3.1/../../../../arm-none-eabi/lib/thumb/v7e-m/nofp/libnosys.a(getpid.o)
                0x000000000001a58c                _getpid
 .text._isatty  0x000000000001a59c       0x10 /Applications/FEH_ARM/bin/../lib/gcc/arm-none-eabi/10.3.1/../../../../arm-none-eabi/lib/thumb/v7e-m/nofp/libnosys.a(isatty.o)
                0x000000000001a59c                _isatty
 .text._kill    0x000000000001a5ac       0x10 /Applications/FEH_ARM/bin/../lib/gcc/arm-none-eabi/10.3.1/../../../../arm-none-eabi/lib/thumb/v7e-m/nofp/libnosys.a(kill.o)
                0x000000000001a5ac                _kill
 .text._lseek   0x000000000001a5bc       0x10 /Applications/FEH_ARM/bin/../lib/gcc/arm-none-eabi/10.3.1/../../../../arm-none-eabi/lib/thumb/v7e-m/nofp/libnosys.a(lseek.o)
                0x000000000001a5bc                _lseek
 .text._read    0x000000000001a5cc       0x10 /Applications/FEH_ARM/bin/../lib/gcc/arm-none-eabi/10.3.1/../../../../arm-none-eabi/lib/thumb/v7e-m/nofp/libnosys.a(read.o)
                0x000000000001a5cc                _read
 .text._sbrk    0x000000000001a5dc       0x1c /Applications/FEH_ARM/bin/../lib/gcc/arm-none-eabi/10.3.1/../../../../arm-none-eabi/lib/thumb/v7e-m/nofp/libnosys.a(sbrk.o)
                0x000000000001a5dc                _sbrk
 .text._write   0x000000000001a5f8       0x10 /Applications/FEH_ARM/bin/../lib/gcc/arm-none-eabi/10.3.1/../../../../arm-none-eabi/lib/thumb/v7e-m/nofp/libnosys.a(write.o)
                0x000000000001a5f8                _write
 .text._exit    0x000000000001a608        0x4 /Applications/FEH_ARM/bin/../lib/gcc/arm-none-eabi/10.3.1/../../../../arm-none-eabi/lib/thumb/v7e-m/nofp/libnosys.a(_exit.o)
                0x000000000001a608                _exit
 *(.rodata .rodata.* .constdata .constdata.*)
 .rodata        0x000000000001a60c       0x36 ../main.o
 *fill*         0x000000000001a642        0x2 
 .rodata.K60_SDHC0_init
                0x000000000001a644        0xc Drivers/SDHC.o
                0x000000000001a644                K60_SDHC0_init
 .rodata._ZL21ESDHC_COMMAND_XFERTYP
                0x000000000001a650      0x100 Drivers/SDHC.o
 .rodata._ZL9GPIOPorts
                0x000000000001a750       0x20 Libraries/FEHIO.o
 .rodata._ZL10ADCNumbers
                0x000000000001a770       0x21 Libraries/FEHIO.o
 *fill*         0x000000000001a791        0x3 
 .rodata._ZL14GPIOPinNumbers
                0x000000000001a794       0x80 Libraries/FEHIO.o
 .rodata._ZL16AnalogPinNumbers
                0x000000000001a814       0x84 Libraries/FEHIO.o
 .rodata        0x000000000001a898       0x78 Libraries/FEHIO.o
 .rodata        0x000000000001a910       0x32 Libraries/FEHLCD.o
 *fill*         0x000000000001a942        0x2 
 .rodata        0x000000000001a944      0x3f4 Libraries/FEHRCS.o
 .rodata._global_impure_ptr
                0x000000000001ad38        0x4 /Applications/FEH_ARM/bin/../lib/gcc/arm-none-eabi/10.3.1/../../../../arm-none-eabi/lib/thumb/v7e-m/nofp/libg.a(lib_a-impure.o)
                0x000000000001ad38                _global_impure_ptr
 .rodata._svfprintf_r.str1.4
                0x000000000001ad3c       0x42 /Applications/FEH_ARM/bin/../lib/gcc/arm-none-eabi/10.3.1/../../../../arm-none-eabi/lib/thumb/v7e-m/nofp/libg.a(lib_a-svfprintf.o)
 *fill*         0x000000000001ad7e        0x2 
 .rodata.blanks.1
                0x000000000001ad80       0x10 /Applications/FEH_ARM/bin/../lib/gcc/arm-none-eabi/10.3.1/../../../../arm-none-eabi/lib/thumb/v7e-m/nofp/libg.a(lib_a-svfprintf.o)
 .rodata.zeroes.0
                0x000000000001ad90       0x10 /Applications/FEH_ARM/bin/../lib/gcc/arm-none-eabi/10.3.1/../../../../arm-none-eabi/lib/thumb/v7e-m/nofp/libg.a(lib_a-svfprintf.o)
 .rodata._dtoa_r.str1.4
                0x000000000001ada0       0x7e /Applications/FEH_ARM/bin/../lib/gcc/arm-none-eabi/10.3.1/../../../../arm-none-eabi/lib/thumb/v7e-m/nofp/libg.a(lib_a-dtoa.o)
                                         0x82 (size before relaxing)
 *fill*         0x000000000001ae1e        0x2 
 .rodata.__multadd.str1.4
                0x000000000001ae20       0x5b /Applications/FEH_ARM/bin/../lib/gcc/arm-none-eabi/10.3.1/../../../../arm-none-eabi/lib/thumb/v7e-m/nofp/libg.a(lib_a-mprec.o)
                                         0x6f (size before relaxing)
 *fill*         0x000000000001ae7b        0x5 
 .rodata.__mprec_bigtens
                0x000000000001ae80       0x28 /Applications/FEH_ARM/bin/../lib/gcc/arm-none-eabi/10.3.1/../../../../arm-none-eabi/lib/thumb/v7e-m/nofp/libg.a(lib_a-mprec.o)
                0x000000000001ae80                __mprec_bigtens
 .rodata.__mprec_tens
                0x000000000001aea8       0xc8 /Applications/FEH_ARM/bin/../lib/gcc/arm-none-eabi/10.3.1/../../../../arm-none-eabi/lib/thumb/v7e-m/nofp/libg.a(lib_a-mprec.o)
                0x000000000001aea8                __mprec_tens
 .rodata.p05.0  0x000000000001af70        0xc /Applications/FEH_ARM/bin/../lib/gcc/arm-none-eabi/10.3.1/../../../../arm-none-eabi/lib/thumb/v7e-m/nofp/libg.a(lib_a-mprec.o)
 .rodata.__assert_func.str1.4
                0x000000000001af7c       0x3f /Applications/FEH_ARM/bin/../lib/gcc/arm-none-eabi/10.3.1/../../../../arm-none-eabi/lib/thumb/v7e-m/nofp/libg.a(lib_a-assert.o)
                                         0x43 (size before relaxing)
 *fill*         0x000000000001afbb        0x1 
 .rodata._ctype_
                0x000000000001afbc      0x101 /Applications/FEH_ARM/bin/../lib/gcc/arm-none-eabi/10.3.1/../../../../arm-none-eabi/lib/thumb/v7e-m/nofp/libg.a(lib_a-ctype_.o)
                0x000000000001afbc                _ctype_
 *fill*         0x000000000001b0bd        0x3 
 .rodata._setlocale_r.str1.4
                0x000000000001b0c0        0xa /Applications/FEH_ARM/bin/../lib/gcc/arm-none-eabi/10.3.1/../../../../arm-none-eabi/lib/thumb/v7e-m/nofp/libg.a(lib_a-locale.o)
                                          0xd (size before relaxing)
 *fill*         0x000000000001b0ca        0x2 
 .rodata.str1.4
                0x000000000001b0cc        0x2 /Applications/FEH_ARM/bin/../lib/gcc/arm-none-eabi/10.3.1/../../../../arm-none-eabi/lib/thumb/v7e-m/nofp/libg.a(lib_a-locale.o)
 .rodata._vfiprintf_r.str1.4
                0x000000000001b0ce       0x2f /Applications/FEH_ARM/bin/../lib/gcc/arm-none-eabi/10.3.1/../../../../arm-none-eabi/lib/thumb/v7e-m/nofp/libg.a(lib_a-vfiprintf.o)
 *fill*         0x000000000001b0ce        0x2 
 .rodata.blanks.1
                0x000000000001b0d0       0x10 /Applications/FEH_ARM/bin/../lib/gcc/arm-none-eabi/10.3.1/../../../../arm-none-eabi/lib/thumb/v7e-m/nofp/libg.a(lib_a-vfiprintf.o)
 .rodata.zeroes.0
                0x000000000001b0e0       0x10 /Applications/FEH_ARM/bin/../lib/gcc/arm-none-eabi/10.3.1/../../../../arm-none-eabi/lib/thumb/v7e-m/nofp/libg.a(lib_a-vfiprintf.o)
                0x000000000001b0f0                . = ALIGN (0x4)
                0x000000000001b0f0                . = ALIGN (0x4)
 *(.init)
 .init          0x000000000001b0f0        0x4 /Applications/FEH_ARM/bin/../lib/gcc/arm-none-eabi/10.3.1/thumb/v7e-m/nofp/crti.o
                0x000000000001b0f0                _init
 .init          0x000000000001b0f4        0x8 /Applications/FEH_ARM/bin/../lib/gcc/arm-none-eabi/10.3.1/thumb/v7e-m/nofp/crtn.o
                0x000000000001b0fc                . = ALIGN (0x4)
                0x000000000001b0fc                __preinit_array_start = .
 *(.preinit_array)
                0x000000000001b0fc                __preinit_array_end = .
                0x000000000001b0fc                . = ALIGN (0x4)
                0x000000000001b0fc                __init_array_start = .
 *(SORT_BY_NAME(.init_array.*))
 .init_array.00000
                0x000000000001b0fc        0x4 /Applications/FEH_ARM/bin/../lib/gcc/arm-none-eabi/10.3.1/../../../../arm-none-eabi/lib/thumb/v7e-m/nofp/libg.a(lib_a-__call_atexit.o)
 *(.init_array)
 .init_array    0x000000000001b100        0x4 /Applications/FEH_ARM/bin/../lib/gcc/arm-none-eabi/10.3.1/thumb/v7e-m/nofp/crtbegin.o
 .init_array    0x000000000001b104        0x4 ../main.o
 .init_array    0x000000000001b108        0x4 FEHProteus.o
 .init_array    0x000000000001b10c        0x4 Libraries/FEHBuzzer.o
 .init_array    0x000000000001b110        0x4 Libraries/FEHLCD.o
 .init_array    0x000000000001b114        0x4 Libraries/FEHAccel.o
 .init_array    0x000000000001b118        0x4 Libraries/FEHBattery.o
 .init_array    0x000000000001b11c        0x4 Libraries/FEHRCS.o
 .init_array    0x000000000001b120        0x4 Libraries/FEHSD.o
 .init_array    0x000000000001b124        0x4 /Applications/FEH_ARM/bin/../lib/gcc/arm-none-eabi/10.3.1/../../../../arm-none-eabi/lib/thumb/v7e-m/nofp/libstdc++.a(eh_alloc.o)
                0x000000000001b128                __init_array_end = .
 *(.fini)
 .fini          0x000000000001b128        0x4 /Applications/FEH_ARM/bin/../lib/gcc/arm-none-eabi/10.3.1/thumb/v7e-m/nofp/crti.o
                0x000000000001b128                _fini
 .fini          0x000000000001b12c        0x8 /Applications/FEH_ARM/bin/../lib/gcc/arm-none-eabi/10.3.1/thumb/v7e-m/nofp/crtn.o
                0x000000000001b134                . = ALIGN (0x4)
 *crtbegin.o(.ctors)
 *(EXCLUDE_FILE(*crtend.o) .ctors)
 *(SORT_BY_NAME(.ctors.*))
 *crtend.o(.ctors)
                0x000000000001b134                . = ALIGN (0x4)
 *crtbegin.o(.dtors)
 *(EXCLUDE_FILE(*crtend.o) .dtors)
 *(SORT_BY_NAME(.dtors.*))
 *crtend.o(.dtors)
                0x000000000001b134                . = ALIGN (0x4)

.ARM.extab
 *(.ARM.extab* .gnu.linkonce.armextab.*)
                0x000000000001b134                __exidx_start = .

.ARM.exidx      0x000000000001b134        0x8
 *(.ARM.exidx* .gnu.linkonce.armexidx.*)
 .ARM.exidx.text.startup._GLOBAL__sub_I__ZN9__gnu_cxx9__freeresEv