Archive member included to satisfy reference by file (symbol)

/Applications/FEH_ARM/bin/../lib/gcc/arm-none-eabi/10.3.1/../../../../arm-none-eabi/lib/thumb/v7e-m/nofp/libstdc++.a(del_ops.o)
                              Libraries/FEHIO.o (operator delete(void*, unsigned int))
/Applications/FEH_ARM/bin/../lib/gcc/arm-none-eabi/10.3.1/../../../../arm-none-eabi/lib/thumb/v7e-m/nofp/libstdc++.a(new_op.o)
                              Libraries/FEHIO.o (operator new(unsigned int))
/Applications/FEH_ARM/bin/../lib/gcc/arm-none-eabi/10.3.1/../../../../arm-none-eabi/lib/thumb/v7e-m/nofp/libstdc++.a(bad_alloc.o)
                              /Applications/FEH_ARM/bin/../lib/gcc/arm-none-eabi/10.3.1/../../../../arm-none-eabi/lib/thumb/v7e-m/nofp/libstdc++.a(new_op.o) (std::bad_alloc::~bad_alloc())
/Applications/FEH_ARM/bin/../lib/gcc/arm-none-eabi/10.3.1/../../../../arm-none-eabi/lib/thumb/v7e-m/nofp/libstdc++.a(del_op.o)
                              /Applications/FEH_ARM/bin/../lib/gcc/arm-none-eabi/10.3.1/../../../../arm-none-eabi/lib/thumb/v7e-m/nofp/libstdc++.a(del_ops.o) (operator delete(void*))
/Applications/FEH_ARM/bin/../lib/gcc/arm-none-eabi/10.3.1/../../../../arm-none-eabi/lib/thumb/v7e-m/nofp/libstdc++.a(eh_alloc.o)
                              /Applications/FEH_ARM/bin/../lib/gcc/arm-none-eabi/10.3.1/../../../../arm-none-eabi/lib/thumb/v7e-m/nofp/libstdc++.a(new_op.o) (__cxa_allocate_exception)
/Applications/FEH_ARM/bin/../lib/gcc/arm-none-eabi/10.3.1/../../../../arm-none-eabi/lib/thumb/v7e-m/nofp/libstdc++.a(eh_exception.o)
                              /Applications/FEH_ARM/bin/../lib/gcc/arm-none-eabi/10.3.1/../../../../arm-none-eabi/lib/thumb/v7e-m/nofp/libstdc++.a(bad_alloc.o) (std::exception::~exception())
/Applications/FEH_ARM/bin/../lib/gcc/arm-none-eabi/10.3.1/../../../../arm-none-eabi/lib/thumb/v7e-m/nofp/libstdc++.a(eh_terminate.o)
                              /Applications/FEH_ARM/bin/../lib/gcc/arm-none-eabi/10.3.1/../../../../arm-none-eabi/lib/thumb/v7e-m/nofp/libstdc++.a(eh_alloc.o) (std::terminate())
/Applications/FEH_ARM/bin/../lib/gcc/arm-none-eabi/10.3.1/../../../../arm-none-eabi/lib/thumb/v7e-m/nofp/libstdc++.a(eh_throw.o)
                              /Applications/FEH_ARM/bin/../lib/gcc/arm-none-eabi/10.3.1/../../../../arm-none-eabi/lib/thumb/v7e-m/nofp/libstdc++.a(new_op.o) (__cxa_throw)
/Applications/FEH_ARM/bin/../lib/gcc/arm-none-eabi/10.3.1/../../../../arm-none-eabi/lib/thumb/v7e-m/nofp/libstdc++.a(eh_unex_handler.o)
                              /Applications/FEH_ARM/bin/../lib/gcc/arm-none-eabi/10.3.1/../../../../arm-none-eabi/lib/thumb/v7e-m/nofp/libstdc++.a(eh_terminate.o) (__cxxabiv1::__unexpected_handler)
/Applications/FEH_ARM/bin/../lib/gcc/arm-none-eabi/10.3.1/../../../../arm-none-eabi/lib/thumb/v7e-m/nofp/libstdc++.a(new_handler.o)
                              /Applications/FEH_ARM/bin/../lib/gcc/arm-none-eabi/10.3.1/../../../../arm-none-eabi/lib/thumb/v7e-m/nofp/libstdc++.a(new_op.o) (std::get_new_handler())
/Applications/FEH_ARM/bin/../lib/gcc/arm-none-eabi/10.3.1/../../../../arm-none-eabi/lib/thumb/v7e-m/nofp/libstdc++.a(pure.o)
                              /Applications/FEH_ARM/bin/../lib/gcc/arm-none-eabi/10.3.1/../../../../arm-none-eabi/lib/thumb/v7e-m/nofp/libstdc++.a(eh_exception.o) (__cxa_pure_virtual)
/Applications/FEH_ARM/bin/../lib/gcc/arm-none-eabi/10.3.1/../../../../arm-none-eabi/lib/thumb/v7e-m/nofp/libstdc++.a(si_class_type_info.o)
                              /Applications/FEH_ARM/bin/../lib/gcc/arm-none-eabi/10.3.1/../../../../arm-none-eabi/lib/thumb/v7e-m/nofp/libstdc++.a(bad_alloc.o) (vtable for __cxxabiv1::__si_class_type_info)
/Applications/FEH_ARM/bin/../lib/gcc/arm-none-eabi/10.3.1/../../../../arm-none-eabi/lib/thumb/v7e-m/nofp/libstdc++.a(tinfo.o)
                              /Applications/FEH_ARM/bin/../lib/gcc/arm-none-eabi/10.3.1/../../../../arm-none-eabi/lib/thumb/v7e-m/nofp/libstdc++.a(si_class_type_info.o) (std::type_info::__is_pointer_p() const)
/Applications/FEH_ARM/bin/../lib/gcc/arm-none-eabi/10.3.1/../../../../arm-none-eabi/lib/thumb/v7e-m/nofp/libstdc++.a(vterminate.o)
                              /Applications/FEH_ARM/bin/../lib/gcc/arm-none-eabi/10.3.1/../../../../arm-none-eabi/lib/thumb/v7e-m/nofp/libstdc++.a(eh_terminate.o) (__gnu_cxx::__verbose_terminate_handler())
/Applications/FEH_ARM/bin/../lib/gcc/arm-none-eabi/10.3.1/../../../../arm-none-eabi/lib/thumb/v7e-m/nofp/libstdc++.a(class_type_info.o)
                              /Applications/FEH_ARM/bin/../lib/gcc/arm-none-eabi/10.3.1/../../../../arm-none-eabi/lib/thumb/v7e-m/nofp/libstdc++.a(si_class_type_info.o) (__cxxabiv1::__class_type_info::__do_upcast(__cxxabiv1::__class_type_info const*, void**) const)
/Applications/FEH_ARM/bin/../lib/gcc/arm-none-eabi/10.3.1/../../../../arm-none-eabi/lib/thumb/v7e-m/nofp/libstdc++.a(cp-demangle.o)
[...]
Memory Configuration

Name             Origin             Length             Attributes
PROGRAM_FLASH    0x000000000000c000 0x0000000000073c00 xr
SRAM_UPPER       0x0000000020000000 0x0000000000010000 xrw
SRAM_LOWER       0x000000001fff0000 0x0000000000010000 xrw
*default*        0x0000000000000000 0xffffffffffffffff

Linker script and memory map

LOAD /Applications/FEH_ARM/bin/../lib/gcc/arm-none-eabi/10.3.1/thumb/v7e-m/nofp/crti.o
LOAD /Applications/FEH_ARM/bin/../lib/gcc/arm-none-eabi/10.3.1/thumb/v7e-m/nofp/crtbegin.o
LOAD /Applications/FEH_ARM/bin/../lib/gcc/arm-none-eabi/10.3.1/../../../../arm-none-eabi/lib/thumb/v7e-m/nofp/crt0.o
LOAD ../main.o
LOAD Startup/startup_mk60d10.o
LOAD Libraries/FEHMotor.o
LOAD Drivers/mcg.o
LOAD Drivers/i2c.o
LOAD Drivers/spi.o
LOAD Drivers/uart.o
LOAD Drivers/ff.o
LOAD Drivers/SDHC.o
LOAD Drivers/lptmr.o
LOAD FEHProteus.o
LOAD Drivers/FEHPropeller.o
LOAD Libraries/FEHUtility.o
LOAD Libraries/FEHIO.o
LOAD Drivers/adc16.o
LOAD Libraries/FEHBuzzer.o
LOAD Libraries/FEHServo.o
LOAD Libraries/FEHLCD.o
LOAD Libraries/FEHAccel.o
LOAD Libraries/FEHBattery.o
LOAD Drivers/FEHXBee.o
LOAD Libraries/FEHRCS.o
LOAD Libraries/FEHSD.o
LOAD Libraries/FEHRandom.o
LOAD /Applications/FEH_ARM/bin/../lib/gcc/arm-none-eabi/10.3.1/../../../../arm-none-eabi/lib/thumb/v7e-m/nofp/libstdc++.a
LOAD /Applications/FEH_ARM/bin/../lib/gcc/arm-none-eabi/10.3.1/../../../../arm-none-eabi/lib/thumb/v7e-m/nofp/libm.a
START GROUP
LOAD /Applications/FEH_ARM/bin/../lib/gcc/arm-none-eabi/10.3.1/thumb/v7e-m/nofp/libgcc.a
LOAD /Applications/FEH_ARM/bin/../lib/gcc/arm-none-eabi/10.3.1/../../../../arm-none-eabi/lib/thumb/v7e-m/nofp/libg.a
LOAD /Applications/FEH_ARM/bin/../lib/gcc/arm-none-eabi/10.3.1/../../../../arm-none-eabi/lib/thumb/v7e-m/nofp/libc.a
END GROUP
START GROUP
LOAD /Applications/FEH_ARM/bin/../lib/gcc/arm-none-eabi/10.3.1/thumb/v7e-m/nofp/libgcc.a
LOAD /Applications/FEH_ARM/bin/../lib/gcc/arm-none-eabi/10.3.1/../../../../arm-none-eabi/lib/thumb/v7e-m/nofp/libc.a
LOAD /Applications/FEH_ARM/bin/../lib/gcc/arm-none-eabi/10.3.1/../../../../arm-none-eabi/lib/thumb/v7e-m/nofp/libnosys.a
END GROUP
LOAD /Applications/FEH_ARM/bin/../lib/gcc/arm-none-eabi/10.3.1/thumb/v7e-m/nofp/crtend.o
LOAD /Applications/FEH_ARM/bin/../lib/gcc/arm-none-eabi/10.3.1/thumb/v7e-m/nofp/crtn.o
                0x000000000000c000                __base_PROGRAM_FLASH = 0xc000
                0x000000000000c000                __base_Flash = 0xc000
                0x000000000007fc00                __top_PROGRAM_FLASH = 0x7fc00
                0x000000000007fc00                __top_Flash = 0x7fc00
                0x0000000020000000                __base_SRAM_UPPER = 0x20000000
                0x0000000020000000                __base_RAM = 0x20000000
                0x0000000020010000                __top_SRAM_UPPER = 0x20010000
                0x0000000020010000                __top_RAM = 0x20010000
                0x000000001fff0000                __base_SRAM_LOWER = 0x1fff0000
                0x000000001fff0000                __base_RAM2 = 0x1fff0000
                0x0000000020000000                __top_SRAM_LOWER = 0x20000000
                0x0000000020000000                __top_RAM2 = 0x20000000

.text           0x000000000000c000      0x410
 FILL mask 0xff
                0x000000000000c000                __vectors_start__ = ABSOLUTE (.)
 *(.isr_vector)
 .isr_vector    0x000000000000c000      0x1bc Startup/startup_mk60d10.o
                0x000000000000c000                __Vectors
                0x000000000000c000                g_pfnVectors
                0x000000000000c1bc                . = ALIGN (0x4)
                0x000000000000c1bc                __section_table_start = .
                0x000000000000c1bc                __data_section_table = .
                0x000000000000c1bc        0x4 LONG 0x1b29c LOADADDR (.data)
                0x000000000000c1c0        0x4 LONG 0x20000000 ADDR (.data)
                0x000000000000c1c4        0x4 LONG 0x16c8 SIZEOF (.data)
                0x000000000000c1c8        0x4 LONG 0x1b29c LOADADDR (.data_RAM2)
                0x000000000000c1cc        0x4 LONG 0x1fff0000 ADDR (.data_RAM2)
                0x000000000000c1d0        0x4 LONG 0x0 SIZEOF (.data_RAM2)
                0x000000000000c1d4                __data_section_table_end = .
                0x000000000000c1d4                __bss_section_table = .
                0x000000000000c1d4        0x4 LONG 0x200016c8 ADDR (.bss)
                0x000000000000c1d8        0x4 LONG 0x474 SIZEOF (.bss)
                0x000000000000c1dc        0x4 LONG 0x1fff0000 ADDR (.bss_RAM2)
                0x000000000000c1e0        0x4 LONG 0x0 SIZEOF (.bss_RAM2)
                0x000000000000c1e4                __bss_section_table_end = .
                0x000000000000c1e4                __section_table_end = .
 *(.after_vectors*)
 .after_vectors.init_data
                0x000000000000c1e4       0x42 Startup/startup_mk60d10.o
                0x000000000000c1e4                data_init(unsigned int, unsigned int, unsigned int)
 .after_vectors.init_bss
                0x000000000000c226       0x36 Startup/startup_mk60d10.o
                0x000000000000c226                bss_init(unsigned int, unsigned int)
 .after_vectors.reset
                0x000000000000c25c       0xb4 Startup/startup_mk60d10.o
                0x000000000000c25c                ResetISR
 .after_vectors
                0x000000000000c310       0x3c Startup/startup_mk60d10.o
                0x000000000000c310                NMI_Handler
                0x000000000000c316                HardFault_Handler
                0x000000000000c31c                MemManage_Handler
                0x000000000000c322                BusFault_Handler
                0x000000000000c328                UsageFault_Handler
                0x000000000000c32e                SVC_Handler
                0x000000000000c334                DebugMon_Handler
                0x000000000000c33a                PendSV_Handler
                0x000000000000c340                SysTick_Handler
                0x000000000000c346                PIT2_DriverIRQHandler
                0x000000000000c346                SDHC_DriverIRQHandler
                0x000000000000c346                I2S0_Tx_DriverIRQHandler
                0x000000000000c346                TSI0_DriverIRQHandler
                0x000000000000c346                RTC_Seconds_DriverIRQHandler
                0x000000000000c346                Reserved109_DriverIRQHandler
                0x000000000000c346                DMA6_DriverIRQHandler
                0x000000000000c346                LLWU_DriverIRQHandler
                0x000000000000c346                MCM_DriverIRQHandler
                0x000000000000c346                MCG_DriverIRQHandler
                0x000000000000c346                ENET_1588_Timer_DriverIRQHandler
                0x000000000000c346                DAC1_DriverIRQHandler
                0x000000000000c346                CMP1_DriverIRQHandler
                0x000000000000c346                UART5_RX_TX_DriverIRQHandler
                0x000000000000c346                FTM0_DriverIRQHandler
                0x000000000000c346                IntDefaultHandler
                0x000000000000c346                USB0_DriverIRQHandler
                0x000000000000c346                UART5_ERR_DriverIRQHandler
                0x000000000000c346                DMA11_DriverIRQHandler
                0x000000000000c346                DAC0_DriverIRQHandler
                0x000000000000c346                DMA10_DriverIRQHandler
                0x000000000000c346                CMP2_DriverIRQHandler
                0x000000000000c346                UART2_ERR_DriverIRQHandler
                0x000000000000c346                SPI2_DriverIRQHandler
                0x000000000000c346                LVD_LVW_DriverIRQHandler
                0x000000000000c346                RNG_DriverIRQHandler
                0x000000000000c346                DMA5_DriverIRQHandler
                0x000000000000c346                DMA4_DriverIRQHandler
                0x000000000000c346                UART2_RX_TX_DriverIRQHandler
                0x000000000000c346                USBDCD_DriverIRQHandler
                0x000000000000c346                UART3_ERR_DriverIRQHandler
                0x000000000000c346                DMA3_DriverIRQHandler
                0x000000000000c346                DMA8_DriverIRQHandler
                0x000000000000c346                DMA9_DriverIRQHandler
                0x000000000000c346                UART0_ERR_DriverIRQHandler
                0x000000000000c346                CMT_DriverIRQHandler
                0x000000000000c346                ADC1_DriverIRQHandler
                0x000000000000c346                DMA14_DriverIRQHandler
                0x000000000000c346                PIT3_DriverIRQHandler
                0x000000000000c346                PIT1_DriverIRQHandler
                0x000000000000c346                WDOG_EWM_DriverIRQHandler
                0x000000000000c346                PDB0_DriverIRQHandler
                0x000000000000c346                Reserved95_DriverIRQHandler
                0x000000000000c346                RTC_DriverIRQHandler
                0x000000000000c346                I2S0_Rx_DriverIRQHandler
                0x000000000000c346                Read_Collision_DriverIRQHandler
                0x000000000000c346                SWI_DriverIRQHandler
                0x000000000000c346                UART4_RX_TX_DriverIRQHandler
                0x000000000000c346                UART4_ERR_DriverIRQHandler
                0x000000000000c346                UART0_LON_DriverIRQHandler
                0x000000000000c346                DMA1_DriverIRQHandler
                0x000000000000c346                I2C1_DriverIRQHandler
                0x000000000000c346                UART3_RX_TX_DriverIRQHandler
                0x000000000000c346                ENET_Receive_DriverIRQHandler
                0x000000000000c346                DMA13_DriverIRQHandler
                0x000000000000c346                ENET_Error_DriverIRQHandler
                0x000000000000c346                DMA15_DriverIRQHandler
                0x000000000000c346                SPI0_DriverIRQHandler
                0x000000000000c346                ADC0_DriverIRQHandler
                0x000000000000c346                FTFL_DriverIRQHandler
                0x000000000000c346                CMP0_DriverIRQHandler
                0x000000000000c346                CAN0_DriverIRQHandler
                0x000000000000c346                Reserved59_DriverIRQHandler
                0x000000000000c346                UART1_ERR_DriverIRQHandler
                0x000000000000c346                DMA2_DriverIRQHandler
                0x000000000000c346                ENET_Transmit_DriverIRQHandler
                0x000000000000c346                I2C0_DriverIRQHandler
                0x000000000000c346                CAN1_DriverIRQHandler
                0x000000000000c346                DMA7_DriverIRQHandler
                0x000000000000c346                UART1_RX_TX_DriverIRQHandler
                0x000000000000c346                Reserved108_DriverIRQHandler
                0x000000000000c346                Reserved102_DriverIRQHandler
                0x000000000000c346                DMA0_DriverIRQHandler
                0x000000000000c346                DMA12_DriverIRQHandler
                0x000000000000c346                SPI1_DriverIRQHandler
                0x000000000000c346                LPTMR0_DriverIRQHandler
                0x000000000000c346                DMA_Error_DriverIRQHandler
                0x000000000000c346                FTM1_DriverIRQHandler
                0x000000000000c346                FTM2_DriverIRQHandler
                0x0000000000000400                . = 0x400
 *fill*         0x000000000000c34c       0xb4 ff
                0x000000000000c400                PROVIDE (__FLASH_CONFIG_START__ = .)
 *(.FlashConfig)
 .FlashConfig   0x000000000000c400       0x10 Startup/startup_mk60d10.o
                0x000000000000c410                PROVIDE (__FLASH_CONFIG_END__ = .)
                0x0000000000000001                ASSERT (! ((__FLASH_CONFIG_START__ == __FLASH_CONFIG_END__)), Linker Flash Config Support Enabled, but no .FlashConfig section provided within application)

.eh_frame       0x000000000000c410        0x0
 .eh_frame      0x000000000000c410        0x0 /Applications/FEH_ARM/bin/../lib/gcc/arm-none-eabi/10.3.1/thumb/v7e-m/nofp/crtbegin.o

.glue_7         0x000000000000c410        0x0
 .glue_7        0x000000000000c410        0x0 linker stubs

.glue_7t        0x000000000000c410        0x0
 .glue_7t       0x000000000000c410        0x0 linker stubs

.vfp11_veneer   0x000000000000c410        0x0
 .vfp11_veneer  0x000000000000c410        0x0 linker stubs

.v4_bx          0x000000000000c410        0x0
 .v4_bx         0x000000000000c410        0x0 linker stubs

.iplt           0x000000000000c410        0x0
 .iplt          0x000000000000c410        0x0 /Applications/FEH_ARM/bin/../lib/gcc/arm-none-eabi/10.3.1/thumb/v7e-m/nofp/crtbegin.o

.text           0x000000000000c440     0xee54
 *(.text*)
 .text          0x000000000000c440       0x40 /Applications/FEH_ARM/bin/../lib/gcc/arm-none-eabi/10.3.1/thumb/v7e-m/nofp/crtbegin.o
 .text._ZSt3absf
                0x000000000000c480       0x18 ../main.o
                0x000000000000c480                std::abs(float)
 .text.main     0x000000000000c498      0x16c ../main.o
                0x000000000000c498                main
 .text._Z11spinCompost9Direction
                0x000000000000c604       0x70 ../main.o
                0x000000000000c604                spinCompost(Direction)
 *fill*         0x000000000000c674        0x4 
 .text._Z5drivefd
                0x000000000000c678       0x98 ../main.o
                0x000000000000c678                drive(float, double)
 .text._Z10motorSpeedf
                0x000000000000c710       0x5c ../main.o
                0x000000000000c710                motorSpeed(float)
 *fill*         0x000000000000c76c        0x4 
 .text._Z6rotateff9Direction
                0x000000000000c770       0xe8 ../main.o
                0x000000000000c770                rotate(float, float, Direction)
 .text._Z4stopv
                0x000000000000c858       0x2c ../main.o
                0x000000000000c858                stop()
 .text._Z8straightf
                0x000000000000c884       0x28 ../main.o
                0x000000000000c884                straight(float)
 .text._Z8toDegreef
                0x000000000000c8ac       0xbc ../main.o
                0x000000000000c8ac                toDegree(float)
 .text._Z4turnff9Direction
                0x000000000000c968       0xd0 ../main.o
                0x000000000000c968                turn(float, float, Direction)
 .text._Z41__static_initialization_and_destruction_0ii
                0x000000000000ca38       0x9c ../main.o
 .text._GLOBAL__sub_I_cds
                0x000000000000cad4       0x10 ../main.o
 .text.PORTD_IRQHandler
                0x000000000000cae4       0x50 Startup/startup_mk60d10.o
                0x000000000000cae4                PORTD_IRQHandler
 .text._Z15InitPowerButtonv
                0x000000000000cb34       0x60 Startup/startup_mk60d10.o
                0x000000000000cb34                InitPowerButton()
 .text._ZL11pll_init_blv
                0x000000000000cb94       0xe0 Startup/startup_mk60d10.o
 .text._Z14InitFEHProteusv
                0x000000000000cc74       0xec Startup/startup_mk60d10.o
                0x000000000000cc74                InitFEHProteus()
 .text.DMA0_IRQHandler
                0x000000000000cd60        0xc Startup/startup_mk60d10.o
                0x000000000000cd60                DMA0_IRQHandler
 .text.DMA1_IRQHandler
                0x000000000000cd6c        0xc Startup/startup_mk60d10.o
                0x000000000000cd6c                DMA1_IRQHandler
 .text.DMA2_IRQHandler
                0x000000000000cd78        0xc Startup/startup_mk60d10.o
                0x000000000000cd78                DMA2_IRQHandler
 .text.DMA3_IRQHandler
                0x000000000000cd84        0xc Startup/startup_mk60d10.o
                0x000000000000cd84                DMA3_IRQHandler
 .text.DMA4_IRQHandler
                0x000000000000cd90        0xc Startup/startup_mk60d10.o
                0x000000000000cd90                DMA4_IRQHandler
 .text.DMA5_IRQHandler
                0x000000000000cd9c        0xc Startup/startup_mk60d10.o
                0x000000000000cd9c                DMA5_IRQHandler
 .text.DMA6_IRQHandler
                0x000000000000cda8        0xc Startup/startup_mk60d10.o
                0x000000000000cda8                DMA6_IRQHandler
 .text.DMA7_IRQHandler
                0x000000000000cdb4        0xc Startup/startup_mk60d10.o
                0x000000000000cdb4                DMA7_IRQHandler
 .text.DMA8_IRQHandler
                0x000000000000cdc0        0xc Startup/startup_mk60d10.o
                0x000000000000cdc0                DMA8_IRQHandler
 .text.DMA9_IRQHandler
                0x000000000000cdcc        0xc Startup/startup_mk60d10.o
                0x000000000000cdcc                DMA9_IRQHandler
 .text.DMA10_IRQHandler
                0x000000000000cdd8        0xc Startup/startup_mk60d10.o
                0x000000000000cdd8                DMA10_IRQHandler
 .text.DMA11_IRQHandler
                0x000000000000cde4        0xc Startup/startup_mk60d10.o
                0x000000000000cde4                DMA11_IRQHandler
 .text.DMA12_IRQHandler
                0x000000000000cdf0        0xc Startup/startup_mk60d10.o
                0x000000000000cdf0                DMA12_IRQHandler
 .text.DMA13_IRQHandler
                0x000000000000cdfc        0xc Startup/startup_mk60d10.o
                0x000000000000cdfc                DMA13_IRQHandler
 .text.DMA14_IRQHandler
                0x000000000000ce08        0xc Startup/startup_mk60d10.o
                0x000000000000ce08                DMA14_IRQHandler
 .text.DMA15_IRQHandler
                0x000000000000ce14        0xc Startup/startup_mk60d10.o
                0x000000000000ce14                DMA15_IRQHandler
 .text.DMA_Error_IRQHandler
                0x000000000000ce20        0xc Startup/startup_mk60d10.o
                0x000000000000ce20                DMA_Error_IRQHandler
 .text.MCM_IRQHandler
                0x000000000000ce2c        0xc Startup/startup_mk60d10.o
                0x000000000000ce2c                MCM_IRQHandler
 .text.FTFL_IRQHandler
                0x000000000000ce38        0xc Startup/startup_mk60d10.o
                0x000000000000ce38                FTFL_IRQHandler
 .text.Read_Collision_IRQHandler
                0x000000000000ce44        0xc Startup/startup_mk60d10.o
                0x000000000000ce44                Read_Collision_IRQHandler
 .text.LVD_LVW_IRQHandler
                0x000000000000ce50        0xc Startup/startup_mk60d10.o
                0x000000000000ce50                LVD_LVW_IRQHandler
 .text.LLWU_IRQHandler
                0x000000000000ce5c        0xc Startup/startup_mk60d10.o
                0x000000000000ce5c                LLWU_IRQHandler
 .text.WDOG_EWM_IRQHandler
                0x000000000000ce68        0xc Startup/startup_mk60d10.o
                0x000000000000ce68                WDOG_EWM_IRQHandler
 .text.RNG_IRQHandler
                0x000000000000ce74        0xc Startup/startup_mk60d10.o
                0x000000000000ce74                RNG_IRQHandler
 .text.I2C0_IRQHandler
                0x000000000000ce80        0xc Startup/startup_mk60d10.o
                0x000000000000ce80                I2C0_IRQHandler
 .text.I2C1_IRQHandler
                0x000000000000ce8c        0xc Startup/startup_mk60d10.o
                0x000000000000ce8c                I2C1_IRQHandler
 .text.SPI0_IRQHandler
                0x000000000000ce98        0xc Startup/startup_mk60d10.o
                0x000000000000ce98                SPI0_IRQHandler
 .text.SPI1_IRQHandler
                0x000000000000cea4        0xc Startup/startup_mk60d10.o
                0x000000000000cea4                SPI1_IRQHandler
 .text.SPI2_IRQHandler
                0x000000000000ceb0        0xc Startup/startup_mk60d10.o
                0x000000000000ceb0                SPI2_IRQHandler
 .text.CAN0_ORed_Message_buffer_IRQHandler
                0x000000000000cebc        0xc Startup/startup_mk60d10.o
                0x000000000000cebc                CAN0_ORed_Message_buffer_IRQHandler
 .text.CAN0_Bus_Off_IRQHandler
                0x000000000000cec8        0xc Startup/startup_mk60d10.o
                0x000000000000cec8                CAN0_Bus_Off_IRQHandler
 .text.CAN0_Error_IRQHandler
                0x000000000000ced4        0xc Startup/startup_mk60d10.o
                0x000000000000ced4                CAN0_Error_IRQHandler
 .text.CAN0_Tx_Warning_IRQHandler
                0x000000000000cee0        0xc Startup/startup_mk60d10.o
                0x000000000000cee0                CAN0_Tx_Warning_IRQHandler
 .text.CAN0_Rx_Warning_IRQHandler
                0x000000000000ceec        0xc Startup/startup_mk60d10.o
                0x000000000000ceec                CAN0_Rx_Warning_IRQHandler
 .text.CAN0_Wake_Up_IRQHandler
                0x000000000000cef8        0xc Startup/startup_mk60d10.o
                0x000000000000cef8                CAN0_Wake_Up_IRQHandler
 .text.I2S0_Tx_IRQHandler
                0x000000000000cf04        0xc Startup/startup_mk60d10.o
                0x000000000000cf04                I2S0_Tx_IRQHandler
 .text.I2S0_Rx_IRQHandler
                0x000000000000cf10        0xc Startup/startup_mk60d10.o
                0x000000000000cf10                I2S0_Rx_IRQHandler
 .text.CAN1_ORed_Message_buffer_IRQHandler
                0x000000000000cf1c        0xc Startup/startup_mk60d10.o
                0x000000000000cf1c                CAN1_ORed_Message_buffer_IRQHandler
 .text.CAN1_Bus_Off_IRQHandler
                0x000000000000cf28        0xc Startup/startup_mk60d10.o
                0x000000000000cf28                CAN1_Bus_Off_IRQHandler
 .text.CAN1_Error_IRQHandler
                0x000000000000cf34        0xc Startup/startup_mk60d10.o
                0x000000000000cf34                CAN1_Error_IRQHandler
 .text.CAN1_Tx_Warning_IRQHandler
                0x000000000000cf40        0xc Startup/startup_mk60d10.o
                0x000000000000cf40                CAN1_Tx_Warning_IRQHandler
 .text.CAN1_Rx_Warning_IRQHandler
                0x000000000000cf4c        0xc Startup/startup_mk60d10.o
                0x000000000000cf4c                CAN1_Rx_Warning_IRQHandler
 .text.CAN1_Wake_Up_IRQHandler
                0x000000000000cf58        0xc Startup/startup_mk60d10.o
                0x000000000000cf58                CAN1_Wake_Up_IRQHandler
 .text.Reserved59_IRQHandler
                0x000000000000cf64        0xc Startup/startup_mk60d10.o
                0x000000000000cf64                Reserved59_IRQHandler
 .text.UART0_LON_IRQHandler
                0x000000000000cf70        0xc Startup/startup_mk60d10.o
                0x000000000000cf70                UART0_LON_IRQHandler
 .text.UART0_ERR_IRQHandler
                0x000000000000cf7c        0xc Startup/startup_mk60d10.o
                0x000000000000cf7c                UART0_ERR_IRQHandler
 .text.UART1_RX_TX_IRQHandler
                0x000000000000cf88        0xc Startup/startup_mk60d10.o
                0x000000000000cf88                UART1_RX_TX_IRQHandler
 .text.UART1_ERR_IRQHandler
                0x000000000000cf94        0xc Startup/startup_mk60d10.o
                0x000000000000cf94                UART1_ERR_IRQHandler
 .text.UART2_RX_TX_IRQHandler
                0x000000000000cfa0        0xc Startup/startup_mk60d10.o
                0x000000000000cfa0                UART2_RX_TX_IRQHandler
 .text.UART2_ERR_IRQHandler
                0x000000000000cfac        0xc Startup/startup_mk60d10.o
                0x000000000000cfac                UART2_ERR_IRQHandler
 .text.UART3_RX_TX_IRQHandler
                0x000000000000cfb8        0xc Startup/startup_mk60d10.o
                0x000000000000cfb8                UART3_RX_TX_IRQHandler
 .text.UART3_ERR_IRQHandler
                0x000000000000cfc4        0xc Startup/startup_mk60d10.o
                0x000000000000cfc4                UART3_ERR_IRQHandler
 .text.UART4_RX_TX_IRQHandler
                0x000000000000cfd0        0xc Startup/startup_mk60d10.o
                0x000000000000cfd0                UART4_RX_TX_IRQHandler
 .text.UART4_ERR_IRQHandler
                0x000000000000cfdc        0xc Startup/startup_mk60d10.o
                0x000000000000cfdc                UART4_ERR_IRQHandler
 .text.UART5_RX_TX_IRQHandler
                0x000000000000cfe8        0xc Startup/startup_mk60d10.o
                0x000000000000cfe8                UART5_RX_TX_IRQHandler
 .text.UART5_ERR_IRQHandler
                0x000000000000cff4        0xc Startup/startup_mk60d10.o
                0x000000000000cff4                UART5_ERR_IRQHandler
 .text.ADC0_IRQHandler
                0x000000000000d000        0xc Startup/startup_mk60d10.o
                0x000000000000d000                ADC0_IRQHandler
 .text.ADC1_IRQHandler
                0x000000000000d00c        0xc Startup/startup_mk60d10.o
                0x000000000000d00c                ADC1_IRQHandler
 .text.CMP0_IRQHandler
                0x000000000000d018        0xc Startup/startup_mk60d10.o
                0x000000000000d018                CMP0_IRQHandler
 .text.CMP1_IRQHandler
                0x000000000000d024        0xc Startup/startup_mk60d10.o
                0x000000000000d024                CMP1_IRQHandler
 .text.CMP2_IRQHandler
                0x000000000000d030        0xc Startup/startup_mk60d10.o
                0x000000000000d030                CMP2_IRQHandler
 .text.FTM0_IRQHandler
                0x000000000000d03c        0xc Startup/startup_mk60d10.o
                0x000000000000d03c                FTM0_IRQHandler
 .text.FTM1_IRQHandler
                0x000000000000d048        0xc Startup/startup_mk60d10.o
                0x000000000000d048                FTM1_IRQHandler
 .text.FTM2_IRQHandler
                0x000000000000d054        0xc Startup/startup_mk60d10.o
                0x000000000000d054                FTM2_IRQHandler
 .text.CMT_IRQHandler
                0x000000000000d060        0xc Startup/startup_mk60d10.o
                0x000000000000d060                CMT_IRQHandler
 .text.RTC_IRQHandler
                0x000000000000d06c        0xc Startup/startup_mk60d10.o
                0x000000000000d06c                RTC_IRQHandler
 .text.RTC_Seconds_IRQHandler
                0x000000000000d078        0xc Startup/startup_mk60d10.o
                0x000000000000d078                RTC_Seconds_IRQHandler
 .text.PIT1_IRQHandler
                0x000000000000d084        0xc Startup/startup_mk60d10.o
                0x000000000000d084                PIT1_IRQHandler
 .text.PIT2_IRQHandler
                0x000000000000d090        0xc Startup/startup_mk60d10.o
                0x000000000000d090                PIT2_IRQHandler
 .text.PIT3_IRQHandler
                0x000000000000d09c        0xc Startup/startup_mk60d10.o
                0x000000000000d09c                PIT3_IRQHandler
 .text.PDB0_IRQHandler
                0x000000000000d0a8        0xc Startup/startup_mk60d10.o
                0x000000000000d0a8                PDB0_IRQHandler
 .text.USB0_IRQHandler
                0x000000000000d0b4        0xc Startup/startup_mk60d10.o
                0x000000000000d0b4                USB0_IRQHandler
 .text.USBDCD_IRQHandler
                0x000000000000d0c0        0xc Startup/startup_mk60d10.o
                0x000000000000d0c0                USBDCD_IRQHandler
 .text.ENET_1588_Timer_IRQHandler
                0x000000000000d0cc        0xc Startup/startup_mk60d10.o
                0x000000000000d0cc                ENET_1588_Timer_IRQHandler
 .text.ENET_Transmit_IRQHandler
                0x000000000000d0d8        0xc Startup/startup_mk60d10.o
                0x000000000000d0d8                ENET_Transmit_IRQHandler
 .text.ENET_Receive_IRQHandler
                0x000000000000d0e4        0xc Startup/startup_mk60d10.o
                0x000000000000d0e4                ENET_Receive_IRQHandler
 .text.ENET_Error_IRQHandler
                0x000000000000d0f0        0xc Startup/startup_mk60d10.o
                0x000000000000d0f0                ENET_Error_IRQHandler
 .text.Reserved95_IRQHandler
                0x000000000000d0fc        0xc Startup/startup_mk60d10.o
                0x000000000000d0fc                Reserved95_IRQHandler
 .text.SDHC_IRQHandler
                0x000000000000d108        0xc Startup/startup_mk60d10.o
                0x000000000000d108                SDHC_IRQHandler
 .text.DAC0_IRQHandler
                0x000000000000d114        0xc Startup/startup_mk60d10.o
                0x000000000000d114                DAC0_IRQHandler
 .text.DAC1_IRQHandler
                0x000000000000d120        0xc Startup/startup_mk60d10.o
                0x000000000000d120                DAC1_IRQHandler
 .text.TSI0_IRQHandler
                0x000000000000d12c        0xc Startup/startup_mk60d10.o
                0x000000000000d12c                TSI0_IRQHandler
 .text.MCG_IRQHandler
                0x000000000000d138        0xc Startup/startup_mk60d10.o
                0x000000000000d138                MCG_IRQHandler
 .text.LPTMR0_IRQHandler
                0x000000000000d144        0xc Startup/startup_mk60d10.o
                0x000000000000d144                LPTMR0_IRQHandler
 .text.Reserved102_IRQHandler
                0x000000000000d150        0xc Startup/startup_mk60d10.o
                0x000000000000d150                Reserved102_IRQHandler
 .text.Reserved108_IRQHandler
                0x000000000000d15c        0xc Startup/startup_mk60d10.o
                0x000000000000d15c                Reserved108_IRQHandler
 .text.Reserved109_IRQHandler
                0x000000000000d168        0xc Startup/startup_mk60d10.o
                0x000000000000d168                Reserved109_IRQHandler
 .text.SWI_IRQHandler
                0x000000000000d174        0xc Startup/startup_mk60d10.o
                0x000000000000d174                SWI_IRQHandler
 .text._ZN8FEHMotorC2ENS_12FEHMotorPortEf
                0x000000000000d180       0x7c Libraries/FEHMotor.o
                0x000000000000d180                FEHMotor::FEHMotor(FEHMotor::FEHMotorPort, float)
                0x000000000000d180                FEHMotor::FEHMotor(FEHMotor::FEHMotorPort, float)
 .text._ZN8FEHMotor4StopEv
                0x000000000000d1fc       0x30 Libraries/FEHMotor.o
                0x000000000000d1fc                FEHMotor::Stop()
 .text._ZN8FEHMotor8SetPowerEi
                0x000000000000d22c       0x54 Libraries/FEHMotor.o
                0x000000000000d22c                FEHMotor::SetPower(int)
 .text._ZN8FEHMotor10SetPercentEf
                0x000000000000d280       0xf8 Libraries/FEHMotor.o
                0x000000000000d280                FEHMotor::SetPercent(float)
 .text._Z21IIC_StartTransmissionhh
                0x000000000000d378       0x6c Drivers/i2c.o
                0x000000000000d378                IIC_StartTransmission(unsigned char, unsigned char)
 .text._Z5Pausev
                0x000000000000d3e4       0x24 Drivers/i2c.o
                0x000000000000d3e4                Pause()
 .text._Z21MMA8451QWriteRegisterhh
                0x000000000000d408       0x68 Drivers/i2c.o
                0x000000000000d408                MMA8451QWriteRegister(unsigned char, unsigned char)
 .text._Z8i2c_Waitv
                0x000000000000d470       0x6c Drivers/i2c.o
                0x000000000000d470                i2c_Wait()
 .text._Z12SPI_SendCharh
                0x000000000000d4dc       0x1a Drivers/spi.o
                0x000000000000d4dc                SPI_SendChar(unsigned char)
 .text._Z16SPI_WriteCommandhh
                0x000000000000d4f6       0x34 Drivers/spi.o
                0x000000000000d4f6                SPI_WriteCommand(unsigned char, unsigned char)
 .text._Z11SPI_GetCharv
                0x000000000000d52a       0x10 Drivers/spi.o
                0x000000000000d52a                SPI_GetChar()
 .text._Z15SPI_ReadCommandh
                0x000000000000d53a       0x38 Drivers/spi.o
                0x000000000000d53a                SPI_ReadCommand(unsigned char)
 *fill*         0x000000000000d572        0x2 
 .text._Z13SPI_CS_Assertv
                0x000000000000d574       0x1c Drivers/spi.o
                0x000000000000d574                SPI_CS_Assert()
 .text._Z15SPI_CS_Deassertv
                0x000000000000d590       0x1c Drivers/spi.o
                0x000000000000d590                SPI_CS_Deassert()
 .text._Z12SPI_Transferh
                0x000000000000d5ac       0x6c Drivers/spi.o
                0x000000000000d5ac                SPI_Transfer(unsigned char)
 .text._Z8SPI_Initv
                0x000000000000d618       0xa0 Drivers/spi.o
                0x000000000000d618                SPI_Init()
 .text._Z9uart_initPV11UART_MemMapii
                0x000000000000d6b8      0x174 Drivers/uart.o
                0x000000000000d6b8                uart_init(UART_MemMap volatile*, int, int)
 .text._Z12uart_getcharPV11UART_MemMap
                0x000000000000d82c       0x32 Drivers/uart.o
                0x000000000000d82c                uart_getchar(UART_MemMap volatile*)
 .text._Z12uart_putcharPV11UART_MemMapc
                0x000000000000d85e       0x32 Drivers/uart.o
                0x000000000000d85e                uart_putchar(UART_MemMap volatile*, char)
 .text._ZL7mem_setPvij
                0x000000000000d890       0x3c Drivers/ff.o
 .text._ZL11move_windowP5FATFSm
                0x000000000000d8cc       0xc8 Drivers/ff.o
 .text._ZL4syncP5FATFS
                0x000000000000d994      0x14c Drivers/ff.o
 .text._ZL8validateP5FATFSt
                0x000000000000dae0       0x54 Drivers/ff.o
 .text._Z6f_syncP3FIL
                0x000000000000db34      0x186 Drivers/ff.o
                0x000000000000db34                f_sync(FIL*)
 .text._Z7f_closeP3FIL
                0x000000000000dcba       0x28 Drivers/ff.o
                0x000000000000dcba                f_close(FIL*)
 *fill*         0x000000000000dce2        0x2 
 .text._ZL17SDHC_set_baudratemm
                0x000000000000dce4       0xe8 Drivers/SDHC.o
 .text._Z9SDHC_initP17esdhc_info_structPK17esdhc_init_struct
                0x000000000000ddcc      0x130 Drivers/SDHC.o
                0x000000000000ddcc                SDHC_init(esdhc_info_struct*, esdhc_init_struct const*)
 .text._ZL15SDHC_is_runningv
                0x000000000000defc       0x24 Drivers/SDHC.o
 .text._ZL16SDHC_status_waitm
                0x000000000000df20       0x2c Drivers/SDHC.o
 .text._ZL17SDHC_send_commandP20esdhc_command_struct
                0x000000000000df4c      0x1f8 Drivers/SDHC.o
 .text._Z10SDHC_ioctlmPv
                0x000000000000e144      0x6f0 Drivers/SDHC.o
                0x000000000000e144                SDHC_ioctl(unsigned long, void*)
 .text._ZL14rcvr_datablockPhm
                0x000000000000e834       0xf0 Drivers/SDHC.o
 .text._Z9disk_readhPhmh
                0x000000000000e924      0x124 Drivers/SDHC.o
                0x000000000000e924                disk_read(unsigned char, unsigned char*, unsigned long, unsigned char)
 .text._ZL14xmit_datablockPKhm
                0x000000000000ea48       0xa4 Drivers/SDHC.o
 .text._Z10disk_writehPKhmh
                0x000000000000eaec      0x198 Drivers/SDHC.o
                0x000000000000eaec                disk_write(unsigned char, unsigned char const*, unsigned long, unsigned char)
 .text._Z10disk_ioctlhhPv
                0x000000000000ec84      0x104 Drivers/SDHC.o
                0x000000000000ec84                disk_ioctl(unsigned char, unsigned char, void*)
 .text._Z11disk_statush
                0x000000000000ed88       0x28 Drivers/SDHC.o
                0x000000000000ed88                disk_status(unsigned char)
 .text._Z13time_delay_msm
                0x000000000000edb0       0x6c Drivers/lptmr.o
                0x000000000000edb0                time_delay_ms(unsigned long)
 .text._Z41__static_initialization_and_destruction_0ii
                0x000000000000ee1c       0x2c FEHProteus.o
 .text._GLOBAL__sub_I_Propeller
                0x000000000000ee48       0x10 FEHProteus.o
 .text._ZN12FEHPropellerC2Ev
                0x000000000000ee58       0x1a Drivers/FEHPropeller.o
                0x000000000000ee58                FEHPropeller::FEHPropeller()
                0x000000000000ee58                FEHPropeller::FEHPropeller()
 *fill*         0x000000000000ee72        0x2 
 .text._ZN12FEHPropeller10InitializeEv
                0x000000000000ee74       0x74 Drivers/FEHPropeller.o
                0x000000000000ee74                FEHPropeller::Initialize()
 .text._ZN12FEHPropeller12SetMotorRateEhhh
                0x000000000000eee8       0x5c Drivers/FEHPropeller.o
                0x000000000000eee8                FEHPropeller::SetMotorRate(unsigned char, unsigned char, unsigned char)
 .text._ZL5Delaymjj
                0x000000000000ef44       0x94 Libraries/FEHUtility.o
 .text._Z5Sleepi
                0x000000000000efd8       0x2c Libraries/FEHUtility.o
                0x000000000000efd8                Sleep(int)
 .text._Z5Sleepf
                0x000000000000f004       0x40 Libraries/FEHUtility.o
                0x000000000000f004                Sleep(float)
 .text._Z5Sleepd
                0x000000000000f044       0x4c Libraries/FEHUtility.o
                0x000000000000f044                Sleep(double)
 .text._Z7TimeNowv
                0x000000000000f090       0x5c Libraries/FEHUtility.o
                0x000000000000f090                TimeNow()
 .text._Z11TimeNowMSecv
                0x000000000000f0ec       0x38 Libraries/FEHUtility.o
                0x000000000000f0ec                TimeNowMSec()
 .text._ZN14DigitalEncoderC2EN5FEHIO8FEHIOPinE
                0x000000000000f124       0x26 Libraries/FEHIO.o
                0x000000000000f124                DigitalEncoder::DigitalEncoder(FEHIO::FEHIOPin)
                0x000000000000f124                DigitalEncoder::DigitalEncoder(FEHIO::FEHIOPin)
 *fill*         0x000000000000f14a        0x2 
 .text._Z10enable_irqi
                0x000000000000f14c      0x11c Libraries/FEHIO.o
                0x000000000000f14c                enable_irq(int)
 .text._ZN14DigitalEncoder10InitializeEN5FEHIO8FEHIOPinENS0_21FEHIOInterruptTriggerE
                0x000000000000f268      0x1a8 Libraries/FEHIO.o
                0x000000000000f268                DigitalEncoder::Initialize(FEHIO::FEHIOPin, FEHIO::FEHIOInterruptTrigger)
 .text._Z16PORTB_IRQHandlerv
                0x000000000000f410       0x9c Libraries/FEHIO.o
                0x000000000000f410                PORTB_IRQHandler()
 .text._Z16PORTC_IRQHandlerv
                0x000000000000f4ac       0x9c Libraries/FEHIO.o
                0x000000000000f4ac                PORTC_IRQHandler()
 .text._Z16PORTA_IRQHandlerv
                0x000000000000f548       0xa0 Libraries/FEHIO.o
                0x000000000000f548                PORTA_IRQHandler()
 .text._Z16PORTE_IRQHandlerv
                0x000000000000f5e8       0x98 Libraries/FEHIO.o
                0x000000000000f5e8                PORTE_IRQHandler()
 .text._ZN14DigitalEncoder6CountsEv
                0x000000000000f680       0x24 Libraries/FEHIO.o
                0x000000000000f680                DigitalEncoder::Counts()
 .text._ZN14DigitalEncoder11ResetCountsEv
                0x000000000000f6a4       0x24 Libraries/FEHIO.o
                0x000000000000f6a4                DigitalEncoder::ResetCounts()
 .text._ZN14AnalogInputPinC2EN5FEHIO8FEHIOPinE
                0x000000000000f6c8       0x1e Libraries/FEHIO.o
                0x000000000000f6c8                AnalogInputPin::AnalogInputPin(FEHIO::FEHIOPin)
                0x000000000000f6c8                AnalogInputPin::AnalogInputPin(FEHIO::FEHIOPin)
 *fill*         0x000000000000f6e6        0x2 
 .text._ZN14AnalogInputPin5ValueEv
                0x000000000000f6e8      0x120 Libraries/FEHIO.o
                0x000000000000f6e8                AnalogInputPin::Value()
 .text._ZN13AnalogEncoder12EncoderValueEv
                0x000000000000f808       0xb0 Libraries/FEHIO.o
                0x000000000000f808                AnalogEncoder::EncoderValue()
 .text._ZN14AnalogInputPin8InitADCsEv
                0x000000000000f8b8       0x98 Libraries/FEHIO.o
                0x000000000000f8b8                AnalogInputPin::InitADCs()
 .text._Z15PIT0_IRQHandlerv
                0x000000000000f950       0x28 Libraries/FEHIO.o
                0x000000000000f950                PIT0_IRQHandler()
 .text._ZN13AnalogEncoder4InitEv
                0x000000000000f978       0x44 Libraries/FEHIO.o
                0x000000000000f978                AnalogEncoder::Init()
 .text._ZN13AnalogEncoder14SetCounterInitEj
                0x000000000000f9bc       0x20 Libraries/FEHIO.o
                0x000000000000f9bc                AnalogEncoder::SetCounterInit(unsigned int)
 .text._ZN13AnalogEncoder10ProcessIntEv
                0x000000000000f9dc       0x68 Libraries/FEHIO.o
                0x000000000000f9dc                AnalogEncoder::ProcessInt()
 .text._ZN13AnalogEncoder14ProcessIntSelfEv
                0x000000000000fa44       0x6e Libraries/FEHIO.o
                0x000000000000fa44                AnalogEncoder::ProcessIntSelf()
 .text._Z7ADC_CalPV10ADC_MemMap
                0x000000000000fab2      0x13e Drivers/adc16.o
                0x000000000000fab2                ADC_Cal(ADC_MemMap volatile*)
 .text._Z14ADC_Config_AltPV10ADC_MemMapP7adc_cfg
                0x000000000000fbf0       0x6c Drivers/adc16.o
                0x000000000000fbf0                ADC_Config_Alt(ADC_MemMap volatile*, adc_cfg*)
 .text._ZN9FEHBuzzerC2Ev
                0x000000000000fc5c       0x14 Libraries/FEHBuzzer.o
                0x000000000000fc5c                FEHBuzzer::FEHBuzzer()
                0x000000000000fc5c                FEHBuzzer::FEHBuzzer()
 .text._Z41__static_initialization_and_destruction_0ii
                0x000000000000fc70       0x2c Libraries/FEHBuzzer.o
 .text._GLOBAL__sub_I_Buzzer
                0x000000000000fc9c       0x10 Libraries/FEHBuzzer.o
 .text._ZN6FEHLCD11_InitializeEv
                0x000000000000fcac      0x410 Libraries/FEHLCD.o
                0x000000000000fcac                FEHLCD::_Initialize()
 .text._ZN6FEHLCDC2Ev
                0x00000000000100bc       0x50 Libraries/FEHLCD.o
                0x00000000000100bc                FEHLCD::FEHLCD()
                0x00000000000100bc                FEHLCD::FEHLCD()
 .text._ZN6FEHLCD10InitializeEv
                0x000000000001010c       0x28 Libraries/FEHLCD.o
                0x000000000001010c                FEHLCD::Initialize()
 .text._ZN6FEHLCD10PrintImageEii
                0x0000000000010134       0xbc Libraries/FEHLCD.o
                0x0000000000010134                FEHLCD::PrintImage(int, int)
 .text._ZN6FEHLCD9PrintLogoEii
                0x00000000000101f0       0xbc Libraries/FEHLCD.o
                0x00000000000101f0                FEHLCD::PrintLogo(int, int)
 .text._ZN6FEHLCD22ConvertFEHColorTo24BitENS_11FEHLCDColorE
                0x00000000000102ac       0x78 Libraries/FEHLCD.o
                0x00000000000102ac                FEHLCD::ConvertFEHColorTo24Bit(FEHLCD::FEHLCDColor)
 .text._ZN6FEHLCD24Convert24BitColorTo16BitEj
                0x0000000000010324       0x30 Libraries/FEHLCD.o
                0x0000000000010324                FEHLCD::Convert24BitColorTo16Bit(unsigned int)
 .text._ZN6FEHLCD22ConvertRGBColorTo16BitEhhh
                0x0000000000010354       0x4a Libraries/FEHLCD.o
                0x0000000000010354                FEHLCD::ConvertRGBColorTo16Bit(unsigned char, unsigned char, unsigned char)
 .text._ZN6FEHLCD5ClearENS_11FEHLCDColorE
                0x000000000001039e       0x28 Libraries/FEHLCD.o
                0x000000000001039e                FEHLCD::Clear(FEHLCD::FEHLCDColor)
 .text._ZN6FEHLCD5ClearEj
                0x00000000000103c6       0x2c Libraries/FEHLCD.o
                0x00000000000103c6                FEHLCD::Clear(unsigned int)
 .text._ZN6FEHLCD5ClearEv
                0x00000000000103f2       0x16 Libraries/FEHLCD.o
                0x00000000000103f2                FEHLCD::Clear()
 .text._ZN6FEHLCD18SetBackgroundColorENS_11FEHLCDColorE
                0x0000000000010408       0x28 Libraries/FEHLCD.o
                0x0000000000010408                FEHLCD::SetBackgroundColor(FEHLCD::FEHLCDColor)
 .text._ZN6FEHLCD18SetBackgroundColorEj
                0x0000000000010430       0x26 Libraries/FEHLCD.o
                0x0000000000010430                FEHLCD::SetBackgroundColor(unsigned int)
 .text._ZN6FEHLCD12SetFontColorENS_11FEHLCDColorE
                0x0000000000010456       0x28 Libraries/FEHLCD.o
                0x0000000000010456                FEHLCD::SetFontColor(FEHLCD::FEHLCDColor)
 .text._ZN6FEHLCD12SetFontColorEj
                0x000000000001047e       0x26 Libraries/FEHLCD.o
                0x000000000001047e                FEHLCD::SetFontColor(unsigned int)
 .text._ZN6FEHLCD7WriteAtEPKcii
                0x00000000000104a4       0x46 Libraries/FEHLCD.o
                0x00000000000104a4                FEHLCD::WriteAt(char const*, int, int)
 .text._ZN6FEHLCD11TS_SPI_InitEv
                0x00000000000104ea       0x7c Libraries/FEHLCD.o
                0x00000000000104ea                FEHLCD::TS_SPI_Init()
 *fill*         0x0000000000010566        0x2 
 .text._ZN6FEHLCD5TouchEPfS0_
                0x0000000000010568      0x1fc Libraries/FEHLCD.o
                0x0000000000010568                FEHLCD::Touch(float*, float*)
 .text._ZN6FEHLCD3absEi
                0x0000000000010764       0x22 Libraries/FEHLCD.o
                0x0000000000010764                FEHLCD::abs(int)
 .text._ZN6FEHLCD5WriteEPKc
                0x0000000000010786       0x4e Libraries/FEHLCD.o
                0x0000000000010786                FEHLCD::Write(char const*)
 .text._ZN6FEHLCD5WriteEf
                0x00000000000107d4       0xc0 Libraries/FEHLCD.o
                0x00000000000107d4                FEHLCD::Write(float)
 .text._ZN6FEHLCD5WriteEd
                0x0000000000010894       0x26 Libraries/FEHLCD.o
                0x0000000000010894                FEHLCD::Write(double)
 .text._ZN6FEHLCD5WriteEc
                0x00000000000108ba       0x30 Libraries/FEHLCD.o
                0x00000000000108ba                FEHLCD::Write(char)
 .text._ZN6FEHLCD9WriteLineEPKc
                0x00000000000108ea       0x26 Libraries/FEHLCD.o
                0x00000000000108ea                FEHLCD::WriteLine(char const*)
 .text._ZN6FEHLCD9WriteLineEf
                0x0000000000010910       0x26 Libraries/FEHLCD.o
                0x0000000000010910                FEHLCD::WriteLine(float)
 .text._ZN6FEHLCD9WriteLineEd
                0x0000000000010936       0x2a Libraries/FEHLCD.o
                0x0000000000010936                FEHLCD::WriteLine(double)
 .text._ZN6FEHLCD9WriteLineEc
                0x0000000000010960       0x2a Libraries/FEHLCD.o
                0x0000000000010960                FEHLCD::WriteLine(char)
 *fill*         0x000000000001098a        0x2 
 .text._ZN6FEHLCD10WriteIndexEh
                0x000000000001098c      0x14c Libraries/FEHLCD.o
                0x000000000001098c                FEHLCD::WriteIndex(unsigned char)
 .text._ZN6FEHLCD14WriteParameterEh
                0x0000000000010ad8      0x130 Libraries/FEHLCD.o
                0x0000000000010ad8                FEHLCD::WriteParameter(unsigned char)
 .text._ZN6FEHLCD6_ClearEv
                0x0000000000010c08      0x15c Libraries/FEHLCD.o
                0x0000000000010c08                FEHLCD::_Clear()
 .text._ZN6FEHLCD8NextLineEv
                0x0000000000010d64       0x2a Libraries/FEHLCD.o
                0x0000000000010d64                FEHLCD::NextLine()
 .text._ZN6FEHLCD9CheckLineEv
                0x0000000000010d8e       0x28 Libraries/FEHLCD.o
                0x0000000000010d8e                FEHLCD::CheckLine()
 .text._ZN6FEHLCD8NextCharEv
                0x0000000000010db6       0x32 Libraries/FEHLCD.o
                0x0000000000010db6                FEHLCD::NextChar()
 .text._ZN6FEHLCD9DrawPixelEii
                0x0000000000010de8       0x2a Libraries/FEHLCD.o
                0x0000000000010de8                FEHLCD::DrawPixel(int, int)
 .text._Z4SwapRiS_
                0x0000000000010e12       0x28 Libraries/FEHLCD.o
                0x0000000000010e12                Swap(int&, int&)
 .text._ZN6FEHLCD13DrawRectangleEiiii
                0x0000000000010e3a       0x7c Libraries/FEHLCD.o
                0x0000000000010e3a                FEHLCD::DrawRectangle(int, int, int, int)
 .text._ZN6FEHLCD13SetDrawRegionEiiii
                0x0000000000010eb6       0xfe Libraries/FEHLCD.o
                0x0000000000010eb6                FEHLCD::SetDrawRegion(int, int, int, int)
 .text._ZN6FEHLCD8DrawLineEiiii
                0x0000000000010fb4      0x14c Libraries/FEHLCD.o
                0x0000000000010fb4                FEHLCD::DrawLine(int, int, int, int)
 .text._ZN6FEHLCD9WriteCharEiic
                0x0000000000011100       0x34 Libraries/FEHLCD.o
                0x0000000000011100                FEHLCD::WriteChar(int, int, char)
 .text._ZN6FEHLCD11WriteCharAtEiic
                0x0000000000011134      0x214 Libraries/FEHLCD.o
                0x0000000000011134                FEHLCD::WriteCharAt(int, int, char)
 .text._ZN6FEHLCD11RepeatColorEv
                0x0000000000011348       0x70 Libraries/FEHLCD.o
                0x0000000000011348                FEHLCD::RepeatColor()
 .text._ZN6FEHLCD10_ForePixelEv
                0x00000000000113b8       0xc4 Libraries/FEHLCD.o
                0x00000000000113b8                FEHLCD::_ForePixel()
 .text._ZN6FEHLCD10_BackPixelEv
                0x000000000001147c       0xc4 Libraries/FEHLCD.o
                0x000000000001147c                FEHLCD::_BackPixel()
 .text._ZN6FEHLCD22SetRegisterColorValuesEv
                0x0000000000011540      0x336 Libraries/FEHLCD.o
                0x0000000000011540                FEHLCD::SetRegisterColorValues()
 .text._ZN7FEHIcon4IconC2Ev
                0x0000000000011876       0x14 Libraries/FEHLCD.o
                0x0000000000011876                FEHIcon::Icon::Icon()
                0x0000000000011876                FEHIcon::Icon::Icon()
 .text._ZN7FEHIcon4Icon13SetPropertiesEPciiiijj
                0x000000000001188a       0x6a Libraries/FEHLCD.o
                0x000000000001188a                FEHIcon::Icon::SetProperties(char*, int, int, int, int, unsigned int, unsigned int)
 .text._ZN7FEHIcon4Icon4DrawEv
                0x00000000000118f4       0x90 Libraries/FEHLCD.o
                0x00000000000118f4                FEHIcon::Icon::Draw()
 .text._ZN7FEHIcon4Icon6SelectEv
                0x0000000000011984       0x90 Libraries/FEHLCD.o
                0x0000000000011984                FEHIcon::Icon::Select()
 .text._ZN7FEHIcon4Icon8DeselectEv
                0x0000000000011a14       0x8c Libraries/FEHLCD.o
                0x0000000000011a14                FEHIcon::Icon::Deselect()
 .text._ZN7FEHIcon4Icon7PressedEffi
                0x0000000000011aa0      0x13c Libraries/FEHLCD.o
                0x0000000000011aa0                FEHIcon::Icon::Pressed(float, float, int)
 .text._ZN7FEHIcon4Icon12WhilePressedEff
                0x0000000000011bdc       0x50 Libraries/FEHLCD.o
                0x0000000000011bdc                FEHIcon::Icon::WhilePressed(float, float)
 .text._ZN7FEHIcon13DrawIconArrayEPNS_4IconEiiiiiiPA20_cjj
                0x0000000000011c2c      0x168 Libraries/FEHLCD.o
                0x0000000000011c2c                FEHIcon::DrawIconArray(FEHIcon::Icon*, int, int, int, int, int, int, char (*) [20], unsigned int, unsigned int)
 .text._Z41__static_initialization_and_destruction_0ii
                0x0000000000011d94       0x2c Libraries/FEHLCD.o
 .text._GLOBAL__sub_I_image
                0x0000000000011dc0       0x10 Libraries/FEHLCD.o
 .text._ZN8FEHAccelC2Ev
                0x0000000000011dd0       0x70 Libraries/FEHAccel.o
                0x0000000000011dd0                FEHAccel::FEHAccel()
                0x0000000000011dd0                FEHAccel::FEHAccel()
 .text._Z41__static_initialization_and_destruction_0ii
                0x0000000000011e40       0x2c Libraries/FEHAccel.o
 .text._GLOBAL__sub_I_Accel
                0x0000000000011e6c       0x10 Libraries/FEHAccel.o
 *fill*         0x0000000000011e7c        0x4 
 .text._ZN10FEHBattery7VoltageEv
                0x0000000000011e80       0x54 Libraries/FEHBattery.o
                0x0000000000011e80                FEHBattery::Voltage()
 .text._ZN10FEHBatteryC2EN5FEHIO8FEHIOPinE
                0x0000000000011ed4       0x22 Libraries/FEHBattery.o
                0x0000000000011ed4                FEHBattery::FEHBattery(FEHIO::FEHIOPin)
                0x0000000000011ed4                FEHBattery::FEHBattery(FEHIO::FEHIOPin)
 *fill*         0x0000000000011ef6        0x2 
 .text._Z41__static_initialization_and_destruction_0ii
                0x0000000000011ef8       0x30 Libraries/FEHBattery.o
 .text._GLOBAL__sub_I_Battery
                0x0000000000011f28       0x10 Libraries/FEHBattery.o
 .text._ZN7FEHXBeeC2Ev
                0x0000000000011f38       0x1a Drivers/FEHXBee.o
                0x0000000000011f38                FEHXBee::FEHXBee()
                0x0000000000011f38                FEHXBee::FEHXBee()
 *fill*         0x0000000000011f52        0x2 
 .text._ZN7FEHXBee10InitializeEv
                0x0000000000011f54       0xdc Drivers/FEHXBee.o
                0x0000000000011f54                FEHXBee::Initialize()
 .text._ZN7FEHXBee13IsInitializedEv
                0x0000000000012030       0x16 Drivers/FEHXBee.o
                0x0000000000012030                FEHXBee::IsInitialized()
 *fill*         0x0000000000012046        0x2 
 .text._ZN7FEHXBee17ReceiveDataSearchEPcjh
                0x0000000000012048       0x8c Drivers/FEHXBee.o
                0x0000000000012048                FEHXBee::ReceiveDataSearch(char*, unsigned int, unsigned char)
 .text._ZN7FEHXBee8SendDataEPcj
                0x00000000000120d4       0x40 Drivers/FEHXBee.o
                0x00000000000120d4                FEHXBee::SendData(char*, unsigned int)
 .text._ZN7FEHXBee17SetPacketCallBackEPFvPhhE
                0x0000000000012114       0x20 Drivers/FEHXBee.o
                0x0000000000012114                FEHXBee::SetPacketCallBack(void (*)(unsigned char*, unsigned char))
 .text._Z22UART0_RX_TX_IRQHandlerv
                0x0000000000012134       0xec Drivers/FEHXBee.o
                0x0000000000012134                UART0_RX_TX_IRQHandler()
 .text._ZN6FEHRCSC2Ev
                0x0000000000012220       0x68 Libraries/FEHRCS.o
                0x0000000000012220                FEHRCS::FEHRCS()
                0x0000000000012220                FEHRCS::FEHRCS()
 .text._ZN6FEHRCS10InitializeEiPKc
                0x0000000000012288      0x7a8 Libraries/FEHRCS.o
                0x0000000000012288                FEHRCS::Initialize(int, char const*)
 .text._ZN6FEHRCS10InitializeEcPKc
                0x0000000000012a30       0x4c Libraries/FEHRCS.o
                0x0000000000012a30                FEHRCS::Initialize(char, char const*)
 .text._ZN6FEHRCS19InitializeTouchMenuEPKc
                0x0000000000012a7c      0x438 Libraries/FEHRCS.o
                0x0000000000012a7c                FEHRCS::InitializeTouchMenu(char const*)
 .text._ZN6FEHRCS19CurrentRegionLetterEv
                0x0000000000012eb4       0x20 Libraries/FEHRCS.o
                0x0000000000012eb4                FEHRCS::CurrentRegionLetter()
 .text._ZN6FEHRCS13WaitForPacketEv
                0x0000000000012ed4       0x58 Libraries/FEHRCS.o
                0x0000000000012ed4                FEHRCS::WaitForPacket()
 .text._Z14RCSDataProcessPhh
                0x0000000000012f2c       0x94 Libraries/FEHRCS.o
                0x0000000000012f2c                RCSDataProcess(unsigned char*, unsigned char)
 .text._Z41__static_initialization_and_destruction_0ii
                0x0000000000012fc0       0x2c Libraries/FEHRCS.o
 .text._GLOBAL__sub_I_RCS
                0x0000000000012fec       0x10 Libraries/FEHRCS.o
 .text._ZN5FEHSDC2Ev
                0x0000000000012ffc       0x24 Libraries/FEHSD.o
                0x0000000000012ffc                FEHSD::FEHSD()
                0x0000000000012ffc                FEHSD::FEHSD()
 .text._ZN5FEHSD9FCloseAllEv
                0x0000000000013020       0x6c Libraries/FEHSD.o
                0x0000000000013020                FEHSD::FCloseAll()
 .text._Z41__static_initialization_and_destruction_0ii
                0x000000000001308c       0x2c Libraries/FEHSD.o
 .text._GLOBAL__sub_I_SD
                0x00000000000130b8       0x10 Libraries/FEHSD.o
 .text._ZN9FEHRandom10InitializeEv
                0x00000000000130c8       0x3c Libraries/FEHRandom.o
                0x00000000000130c8                FEHRandom::Initialize()
 .text.startup._GLOBAL__sub_I__ZN9__gnu_cxx9__freeresEv
                0x0000000000013104       0x28 /Applications/FEH_ARM/bin/../lib/gcc/arm-none-eabi/10.3.1/../../../../arm-none-eabi/lib/thumb/v7e-m/nofp/libstdc++.a(eh_alloc.o)
 .text          0x000000000001312c      0x378 /Applications/FEH_ARM/bin/../lib/gcc/arm-none-eabi/10.3.1/thumb/v7e-m/nofp/libgcc.a(_arm_addsubdf3.o)
                0x000000000001312c                __aeabi_drsub
                0x0000000000013134                __subdf3
                0x0000000000013134                __aeabi_dsub
                0x0000000000013138                __aeabi_dadd
                0x0000000000013138                __adddf3
                0x00000000000133b0                __aeabi_ui2d
                0x00000000000133b0                __floatunsidf
                0x00000000000133d0                __floatsidf
                0x00000000000133d0                __aeabi_i2d
                0x00000000000133f4                __extendsfdf2
                0x00000000000133f4                __aeabi_f2d
                0x0000000000013438                __aeabi_ul2d
                0x0000000000013438                __floatundidf
                0x0000000000013448                __aeabi_l2d
                0x0000000000013448                __floatdidf
 .text          0x00000000000134a4      0x424 /Applications/FEH_ARM/bin/../lib/gcc/arm-none-eabi/10.3.1/thumb/v7e-m/nofp/libgcc.a(_arm_muldivdf3.o)
                0x00000000000134a4                __aeabi_dmul
                0x00000000000134a4                __muldf3
                0x00000000000136f8                __aeabi_ddiv
                0x00000000000136f8                __divdf3
 .text          0x00000000000138c8      0x110 /Applications/FEH_ARM/bin/../lib/gcc/arm-none-eabi/10.3.1/thumb/v7e-m/nofp/libgcc.a(_arm_cmpdf2.o)
                0x00000000000138c8                __gedf2
                0x00000000000138c8                __gtdf2
                0x00000000000138d0                __ledf2
                0x00000000000138d0                __ltdf2
                0x00000000000138d8                __cmpdf2
                0x00000000000138d8                __eqdf2
                0x00000000000138d8                __nedf2
                0x0000000000013954                __aeabi_cdrcmple
                0x0000000000013964                __aeabi_cdcmple
                0x0000000000013964                __aeabi_cdcmpeq
                0x0000000000013974                __aeabi_dcmpeq
                0x0000000000013988                __aeabi_dcmplt
                0x000000000001399c                __aeabi_dcmple
                0x00000000000139b0                __aeabi_dcmpge
                0x00000000000139c4                __aeabi_dcmpgt
 .text          0x00000000000139d8       0x2c /Applications/FEH_ARM/bin/../lib/gcc/arm-none-eabi/10.3.1/thumb/v7e-m/nofp/libgcc.a(_arm_unorddf2.o)
                0x00000000000139d8                __aeabi_dcmpun
                0x00000000000139d8                __unorddf2
 .text          0x0000000000013a04       0x50 /Applications/FEH_ARM/bin/../lib/gcc/arm-none-eabi/10.3.1/thumb/v7e-m/nofp/libgcc.a(_arm_fixdfsi.o)
                0x0000000000013a04                __fixdfsi
                0x0000000000013a04                __aeabi_d2iz
 .text          0x0000000000013a54       0x40 /Applications/FEH_ARM/bin/../lib/gcc/arm-none-eabi/10.3.1/thumb/v7e-m/nofp/libgcc.a(_arm_fixunsdfsi.o)
                0x0000000000013a54                __fixunsdfsi
                0x0000000000013a54                __aeabi_d2uiz
 .text          0x0000000000013a94       0xa0 /Applications/FEH_ARM/bin/../lib/gcc/arm-none-eabi/10.3.1/thumb/v7e-m/nofp/libgcc.a(_arm_truncdfsf2.o)
                0x0000000000013a94                __aeabi_d2f
                0x0000000000013a94                __truncdfsf2
 .text          0x0000000000013b34      0x21c /Applications/FEH_ARM/bin/../lib/gcc/arm-none-eabi/10.3.1/thumb/v7e-m/nofp/libgcc.a(_arm_addsubsf3.o)
                0x0000000000013b34                __aeabi_frsub
                0x0000000000013b3c                __aeabi_fsub
                0x0000000000013b3c                __subsf3
                0x0000000000013b40                __aeabi_fadd
                0x0000000000013b40                __addsf3
                0x0000000000013ca0                __aeabi_ui2f
                0x0000000000013ca0                __floatunsisf
                0x0000000000013ca8                __floatsisf
                0x0000000000013ca8                __aeabi_i2f
                0x0000000000013cc4                __aeabi_ul2f
                0x0000000000013cc4                __floatundisf
                0x0000000000013cd4                __aeabi_l2f
                0x0000000000013cd4                __floatdisf
 .text          0x0000000000013d50      0x2a0 /Applications/FEH_ARM/bin/../lib/gcc/arm-none-eabi/10.3.1/thumb/v7e-m/nofp/libgcc.a(_arm_muldivsf3.o)
                0x0000000000013d50                __mulsf3
                0x0000000000013d50                __aeabi_fmul
                0x0000000000013eb8                __divsf3
                0x0000000000013eb8                __aeabi_fdiv
 .text          0x0000000000013ff0       0xec /Applications/FEH_ARM/bin/../lib/gcc/arm-none-eabi/10.3.1/thumb/v7e-m/nofp/libgcc.a(_arm_cmpsf2.o)
                0x0000000000013ff0                __gesf2
                0x0000000000013ff0                __gtsf2
                0x0000000000013ff8                __ltsf2
                0x0000000000013ff8                __lesf2
                0x0000000000014000                __nesf2
                0x0000000000014000                __eqsf2
                0x0000000000014000                __cmpsf2
                0x0000000000014060                __aeabi_cfrcmple
                0x0000000000014068                __aeabi_cfcmpeq
                0x0000000000014068                __aeabi_cfcmple
                0x0000000000014078                __aeabi_fcmpeq
                0x000000000001408c                __aeabi_fcmplt
                0x00000000000140a0                __aeabi_fcmple
                0x00000000000140b4                __aeabi_fcmpge
                0x00000000000140c8                __aeabi_fcmpgt
 .text          0x00000000000140dc       0x4c /Applications/FEH_ARM/bin/../lib/gcc/arm-none-eabi/10.3.1/thumb/v7e-m/nofp/libgcc.a(_arm_fixsfsi.o)
                0x00000000000140dc                __fixsfsi
                0x00000000000140dc                __aeabi_f2iz
 .text          0x0000000000014128       0x40 /Applications/FEH_ARM/bin/../lib/gcc/arm-none-eabi/10.3.1/thumb/v7e-m/nofp/libgcc.a(_arm_fixunssfsi.o)
                0x0000000000014128                __aeabi_f2uiz
                0x0000000000014128                __fixunssfsi
 .text.abort    0x0000000000014168       0x10 /Applications/FEH_ARM/bin/../lib/gcc/arm-none-eabi/10.3.1/../../../../arm-none-eabi/lib/thumb/v7e-m/nofp/libg.a(lib_a-abort.o)
                0x0000000000014168                abort
 .text.__errno  0x0000000000014178        0xc /Applications/FEH_ARM/bin/../lib/gcc/arm-none-eabi/10.3.1/../../../../arm-none-eabi/lib/thumb/v7e-m/nofp/libg.a(lib_a-errno.o)
                0x0000000000014178                __errno
 .text.__sfvwrite_r
                0x0000000000014184      0x2e8 /Applications/FEH_ARM/bin/../lib/gcc/arm-none-eabi/10.3.1/../../../../arm-none-eabi/lib/thumb/v7e-m/nofp/libg.a(lib_a-fvwrite.o)
                0x0000000000014184                __sfvwrite_r
 .text.__libc_init_array
                0x000000000001446c       0x48 /Applications/FEH_ARM/bin/../lib/gcc/arm-none-eabi/10.3.1/../../../../arm-none-eabi/lib/thumb/v7e-m/nofp/libg.a(lib_a-init.o)
                0x000000000001446c                __libc_init_array
 .text.__retarget_lock_init_recursive
                0x00000000000144b4        0x4 /Applications/FEH_ARM/bin/../lib/gcc/arm-none-eabi/10.3.1/../../../../arm-none-eabi/lib/thumb/v7e-m/nofp/libg.a(lib_a-lock.o)
                0x00000000000144b4                __retarget_lock_init_recursive
 .text.__retarget_lock_close_recursive
                0x00000000000144b8        0x4 /Applications/FEH_ARM/bin/../lib/gcc/arm-none-eabi/10.3.1/../../../../arm-none-eabi/lib/thumb/v7e-m/nofp/libg.a(lib_a-lock.o)
                0x00000000000144b8                __retarget_lock_close_recursive
 .text.__retarget_lock_acquire_recursive
                0x00000000000144bc        0x4 /Applications/FEH_ARM/bin/../lib/gcc/arm-none-eabi/10.3.1/../../../../arm-none-eabi/lib/thumb/v7e-m/nofp/libg.a(lib_a-lock.o)
                0x00000000000144bc                __retarget_lock_acquire_recursive
 .text.__retarget_lock_release_recursive
                0x00000000000144c0        0x4 /Applications/FEH_ARM/bin/../lib/gcc/arm-none-eabi/10.3.1/../../../../arm-none-eabi/lib/thumb/v7e-m/nofp/libg.a(lib_a-lock.o)
                0x00000000000144c0                __retarget_lock_release_recursive
 .text.malloc   0x00000000000144c4       0x10 /Applications/FEH_ARM/bin/../lib/gcc/arm-none-eabi/10.3.1/../../../../arm-none-eabi/lib/thumb/v7e-m/nofp/libg.a(lib_a-malloc.o)
                0x00000000000144c4                malloc
 .text._malloc_r
                0x00000000000144d4      0x560 /Applications/FEH_ARM/bin/../lib/gcc/arm-none-eabi/10.3.1/../../../../arm-none-eabi/lib/thumb/v7e-m/nofp/libg.a(lib_a-mallocr.o)
                0x00000000000144d4                _malloc_r
 *fill*         0x0000000000014a34        0xc 
 .text          0x0000000000014a40       0xa0 /Applications/FEH_ARM/bin/../lib/gcc/arm-none-eabi/10.3.1/../../../../arm-none-eabi/lib/thumb/v7e-m/nofp/libg.a(lib_a-memchr.o)
                0x0000000000014a40                memchr
 .text          0x0000000000014ae0      0x134 /Applications/FEH_ARM/bin/../lib/gcc/arm-none-eabi/10.3.1/../../../../arm-none-eabi/lib/thumb/v7e-m/nofp/libg.a(lib_a-memcpy.o)
                0x0000000000014ae0                memcpy
 .text.memmove  0x0000000000014c14       0xf8 /Applications/FEH_ARM/bin/../lib/gcc/arm-none-eabi/10.3.1/../../../../arm-none-eabi/lib/thumb/v7e-m/nofp/libg.a(lib_a-memmove.o)
                0x0000000000014c14                memmove
 .text.memset   0x0000000000014d0c       0xa4 /Applications/FEH_ARM/bin/../lib/gcc/arm-none-eabi/10.3.1/../../../../arm-none-eabi/lib/thumb/v7e-m/nofp/libg.a(lib_a-memset.o)
                0x0000000000014d0c                memset
 .text.__malloc_lock
                0x0000000000014db0        0xc /Applications/FEH_ARM/bin/../lib/gcc/arm-none-eabi/10.3.1/../../../../arm-none-eabi/lib/thumb/v7e-m/nofp/libg.a(lib_a-mlock.o)
                0x0000000000014db0                __malloc_lock
 .text.__malloc_unlock
                0x0000000000014dbc        0xc /Applications/FEH_ARM/bin/../lib/gcc/arm-none-eabi/10.3.1/../../../../arm-none-eabi/lib/thumb/v7e-m/nofp/libg.a(lib_a-mlock.o)
                0x0000000000014dbc                __malloc_unlock
 .text._realloc_r
                0x0000000000014dc8      0x3d8 /Applications/FEH_ARM/bin/../lib/gcc/arm-none-eabi/10.3.1/../../../../arm-none-eabi/lib/thumb/v7e-m/nofp/libg.a(lib_a-reallocr.o)
                0x0000000000014dc8                _realloc_r
 .text._sbrk_r  0x00000000000151a0       0x24 /Applications/FEH_ARM/bin/../lib/gcc/arm-none-eabi/10.3.1/../../../../arm-none-eabi/lib/thumb/v7e-m/nofp/libg.a(lib_a-sbrkr.o)
                0x00000000000151a0                _sbrk_r
 .text.raise    0x00000000000151c4       0x5c /Applications/FEH_ARM/bin/../lib/gcc/arm-none-eabi/10.3.1/../../../../arm-none-eabi/lib/thumb/v7e-m/nofp/libg.a(lib_a-signal.o)
                0x00000000000151c4                raise
 .text._kill_r  0x0000000000015220       0x2c /Applications/FEH_ARM/bin/../lib/gcc/arm-none-eabi/10.3.1/../../../../arm-none-eabi/lib/thumb/v7e-m/nofp/libg.a(lib_a-signalr.o)
                0x0000000000015220                _kill_r
 .text._getpid_r
                0x000000000001524c        0x4 /Applications/FEH_ARM/bin/../lib/gcc/arm-none-eabi/10.3.1/../../../../arm-none-eabi/lib/thumb/v7e-m/nofp/libg.a(lib_a-signalr.o)
                0x000000000001524c                _getpid_r
 .text.sprintf  0x0000000000015250       0x40 /Applications/FEH_ARM/bin/../lib/gcc/arm-none-eabi/10.3.1/../../../../arm-none-eabi/lib/thumb/v7e-m/nofp/libg.a(lib_a-sprintf.o)
                0x0000000000015250                sprintf
 .text.strcpy   0x0000000000015290       0xbc /Applications/FEH_ARM/bin/../lib/gcc/arm-none-eabi/10.3.1/../../../../arm-none-eabi/lib/thumb/v7e-m/nofp/libg.a(lib_a-strcpy.o)
                0x0000000000015290                strcpy
 *fill*         0x000000000001534c       0x34 
 .text          0x0000000000015380       0xdc /Applications/FEH_ARM/bin/../lib/gcc/arm-none-eabi/10.3.1/../../../../arm-none-eabi/lib/thumb/v7e-m/nofp/libg.a(lib_a-strlen.o)
                0x0000000000015380                strlen
 .text._svfprintf_r
                0x000000000001545c     0x1a3c /Applications/FEH_ARM/bin/../lib/gcc/arm-none-eabi/10.3.1/../../../../arm-none-eabi/lib/thumb/v7e-m/nofp/libg.a(lib_a-svfprintf.o)
                0x000000000001545c                _svfprintf_r
 .text.__swbuf_r
                0x0000000000016e98       0xb0 /Applications/FEH_ARM/bin/../lib/gcc/arm-none-eabi/10.3.1/../../../../arm-none-eabi/lib/thumb/v7e-m/nofp/libg.a(lib_a-wbuf.o)
                0x0000000000016e98                __swbuf_r
 .text._write_r
                0x0000000000016f48       0x2c /Applications/FEH_ARM/bin/../lib/gcc/arm-none-eabi/10.3.1/../../../../arm-none-eabi/lib/thumb/v7e-m/nofp/libg.a(lib_a-writer.o)
                0x0000000000016f48                _write_r
 .text.__swsetup_r
                0x0000000000016f74       0xd4 /Applications/FEH_ARM/bin/../lib/gcc/arm-none-eabi/10.3.1/../../../../arm-none-eabi/lib/thumb/v7e-m/nofp/libg.a(lib_a-wsetup.o)
                0x0000000000016f74                __swsetup_r
 .text.startup.register_fini
                0x0000000000017048       0x14 /Applications/FEH_ARM/bin/../lib/gcc/arm-none-eabi/10.3.1/../../../../arm-none-eabi/lib/thumb/v7e-m/nofp/libg.a(lib_a-__call_atexit.o)
 .text.atexit   0x000000000001705c        0xc /Applications/FEH_ARM/bin/../lib/gcc/arm-none-eabi/10.3.1/../../../../arm-none-eabi/lib/thumb/v7e-m/nofp/libg.a(lib_a-atexit.o)
                0x000000000001705c                atexit
 .text.quorem   0x0000000000017068      0x124 /Applications/FEH_ARM/bin/../lib/gcc/arm-none-eabi/10.3.1/../../../../arm-none-eabi/lib/thumb/v7e-m/nofp/libg.a(lib_a-dtoa.o)
 *fill*         0x000000000001718c        0x4 
 .text._dtoa_r  0x0000000000017190      0xec4 /Applications/FEH_ARM/bin/../lib/gcc/arm-none-eabi/10.3.1/../../../../arm-none-eabi/lib/thumb/v7e-m/nofp/libg.a(lib_a-dtoa.o)
                0x0000000000017190                _dtoa_r
 .text.__sflush_r
                0x0000000000018054      0x120 /Applications/FEH_ARM/bin/../lib/gcc/arm-none-eabi/10.3.1/../../../../arm-none-eabi/lib/thumb/v7e-m/nofp/libg.a(lib_a-fflush.o)
                0x0000000000018054                __sflush_r
 .text._fflush_r
                0x0000000000018174       0x5c /Applications/FEH_ARM/bin/../lib/gcc/arm-none-eabi/10.3.1/../../../../arm-none-eabi/lib/thumb/v7e-m/nofp/libg.a(lib_a-fflush.o)
                0x0000000000018174                _fflush_r
 .text._cleanup_r
                0x00000000000181d0        0xc /Applications/FEH_ARM/bin/../lib/gcc/arm-none-eabi/10.3.1/../../../../arm-none-eabi/lib/thumb/v7e-m/nofp/libg.a(lib_a-findfp.o)
                0x00000000000181d0                _cleanup_r
 .text.__sinit  0x00000000000181dc      0x10c /Applications/FEH_ARM/bin/../lib/gcc/arm-none-eabi/10.3.1/../../../../arm-none-eabi/lib/thumb/v7e-m/nofp/libg.a(lib_a-findfp.o)
                0x00000000000181dc                __sinit
 .text.__sfp_lock_acquire
                0x00000000000182e8        0xc /Applications/FEH_ARM/bin/../lib/gcc/arm-none-eabi/10.3.1/../../../../arm-none-eabi/lib/thumb/v7e-m/nofp/libg.a(lib_a-findfp.o)
                0x00000000000182e8                __sfp_lock_acquire
 .text.__sfp_lock_release
                0x00000000000182f4        0xc /Applications/FEH_ARM/bin/../lib/gcc/arm-none-eabi/10.3.1/../../../../arm-none-eabi/lib/thumb/v7e-m/nofp/libg.a(lib_a-findfp.o)
                0x00000000000182f4                __sfp_lock_release
 .text.__libc_fini_array
                0x0000000000018300       0x2c /Applications/FEH_ARM/bin/../lib/gcc/arm-none-eabi/10.3.1/../../../../arm-none-eabi/lib/thumb/v7e-m/nofp/libg.a(lib_a-fini.o)
                0x0000000000018300                __libc_fini_array
 .text._malloc_trim_r
                0x000000000001832c       0xa0 /Applications/FEH_ARM/bin/../lib/gcc/arm-none-eabi/10.3.1/../../../../arm-none-eabi/lib/thumb/v7e-m/nofp/libg.a(lib_a-freer.o)
                0x000000000001832c                _malloc_trim_r
 .text._free_r  0x00000000000183cc      0x20c /Applications/FEH_ARM/bin/../lib/gcc/arm-none-eabi/10.3.1/../../../../arm-none-eabi/lib/thumb/v7e-m/nofp/libg.a(lib_a-freer.o)
                0x00000000000183cc                _free_r
 .text._fwalk_reent
                0x00000000000185d8       0x48 /Applications/FEH_ARM/bin/../lib/gcc/arm-none-eabi/10.3.1/../../../../arm-none-eabi/lib/thumb/v7e-m/nofp/libg.a(lib_a-fwalk.o)
                0x00000000000185d8                _fwalk_reent
 .text._localeconv_r
                0x0000000000018620        0x8 /Applications/FEH_ARM/bin/../lib/gcc/arm-none-eabi/10.3.1/../../../../arm-none-eabi/lib/thumb/v7e-m/nofp/libg.a(lib_a-localeconv.o)
                0x0000000000018620                _localeconv_r
 .text.__smakebuf_r
                0x0000000000018628       0xe0 /Applications/FEH_ARM/bin/../lib/gcc/arm-none-eabi/10.3.1/../../../../arm-none-eabi/lib/thumb/v7e-m/nofp/libg.a(lib_a-makebuf.o)
                0x0000000000018628                __smakebuf_r
 .text._Balloc  0x0000000000018708       0x4c /Applications/FEH_ARM/bin/../lib/gcc/arm-none-eabi/10.3.1/../../../../arm-none-eabi/lib/thumb/v7e-m/nofp/libg.a(lib_a-mprec.o)
                0x0000000000018708                _Balloc
 .text._Bfree   0x0000000000018754       0x14 /Applications/FEH_ARM/bin/../lib/gcc/arm-none-eabi/10.3.1/../../../../arm-none-eabi/lib/thumb/v7e-m/nofp/libg.a(lib_a-mprec.o)
                0x0000000000018754                _Bfree
 .text.__multadd
                0x0000000000018768       0xa0 /Applications/FEH_ARM/bin/../lib/gcc/arm-none-eabi/10.3.1/../../../../arm-none-eabi/lib/thumb/v7e-m/nofp/libg.a(lib_a-mprec.o)
                0x0000000000018768                __multadd
 .text.__hi0bits
                0x0000000000018808       0x40 /Applications/FEH_ARM/bin/../lib/gcc/arm-none-eabi/10.3.1/../../../../arm-none-eabi/lib/thumb/v7e-m/nofp/libg.a(lib_a-mprec.o)
                0x0000000000018808                __hi0bits
 .text.__lo0bits
                0x0000000000018848       0x5c /Applications/FEH_ARM/bin/../lib/gcc/arm-none-eabi/10.3.1/../../../../arm-none-eabi/lib/thumb/v7e-m/nofp/libg.a(lib_a-mprec.o)
                0x0000000000018848                __lo0bits
 .text.__i2b    0x00000000000188a4       0x5c /Applications/FEH_ARM/bin/../lib/gcc/arm-none-eabi/10.3.1/../../../../arm-none-eabi/lib/thumb/v7e-m/nofp/libg.a(lib_a-mprec.o)
                0x00000000000188a4                __i2b
 .text.__multiply
                0x0000000000018900      0x15c /Applications/FEH_ARM/bin/../lib/gcc/arm-none-eabi/10.3.1/../../../../arm-none-eabi/lib/thumb/v7e-m/nofp/libg.a(lib_a-mprec.o)
                0x0000000000018900                __multiply
 .text.__pow5mult
                0x0000000000018a5c       0xc0 /Applications/FEH_ARM/bin/../lib/gcc/arm-none-eabi/10.3.1/../../../../arm-none-eabi/lib/thumb/v7e-m/nofp/libg.a(lib_a-mprec.o)
                0x0000000000018a5c                __pow5mult
 .text.__lshift
                0x0000000000018b1c       0xf0 /Applications/FEH_ARM/bin/../lib/gcc/arm-none-eabi/10.3.1/../../../../arm-none-eabi/lib/thumb/v7e-m/nofp/libg.a(lib_a-mprec.o)
                0x0000000000018b1c                __lshift
 .text.__mcmp   0x0000000000018c0c       0x40 /Applications/FEH_ARM/bin/../lib/gcc/arm-none-eabi/10.3.1/../../../../arm-none-eabi/lib/thumb/v7e-m/nofp/libg.a(lib_a-mprec.o)
                0x0000000000018c0c                __mcmp
 .text.__mdiff  0x0000000000018c4c      0x14c /Applications/FEH_ARM/bin/../lib/gcc/arm-none-eabi/10.3.1/../../../../arm-none-eabi/lib/thumb/v7e-m/nofp/libg.a(lib_a-mprec.o)
                0x0000000000018c4c                __mdiff
 .text.__d2b    0x0000000000018d98       0xc4 /Applications/FEH_ARM/bin/../lib/gcc/arm-none-eabi/10.3.1/../../../../arm-none-eabi/lib/thumb/v7e-m/nofp/libg.a(lib_a-mprec.o)
                0x0000000000018d98                __d2b
 .text.frexp    0x0000000000018e5c       0x70 /Applications/FEH_ARM/bin/../lib/gcc/arm-none-eabi/10.3.1/../../../../arm-none-eabi/lib/thumb/v7e-m/nofp/libg.a(lib_a-s_frexp.o)
                0x0000000000018e5c                frexp
 .text.__sread  0x0000000000018ecc       0x24 /Applications/FEH_ARM/bin/../lib/gcc/arm-none-eabi/10.3.1/../../../../arm-none-eabi/lib/thumb/v7e-m/nofp/libg.a(lib_a-stdio.o)
                0x0000000000018ecc                __sread
 .text.__swrite
                0x0000000000018ef0       0x40 /Applications/FEH_ARM/bin/../lib/gcc/arm-none-eabi/10.3.1/../../../../arm-none-eabi/lib/thumb/v7e-m/nofp/libg.a(lib_a-stdio.o)
                0x0000000000018ef0                __swrite
 .text.__sseek  0x0000000000018f30       0x20 /Applications/FEH_ARM/bin/../lib/gcc/arm-none-eabi/10.3.1/../../../../arm-none-eabi/lib/thumb/v7e-m/nofp/libg.a(lib_a-stdio.o)
                0x0000000000018f30                __sseek
 .text.__sclose
                0x0000000000018f50        0x8 /Applications/FEH_ARM/bin/../lib/gcc/arm-none-eabi/10.3.1/../../../../arm-none-eabi/lib/thumb/v7e-m/nofp/libg.a(lib_a-stdio.o)
                0x0000000000018f50                __sclose
 .text.strncpy  0x0000000000018f58       0x64 /Applications/FEH_ARM/bin/../lib/gcc/arm-none-eabi/10.3.1/../../../../arm-none-eabi/lib/thumb/v7e-m/nofp/libg.a(lib_a-strncpy.o)
                0x0000000000018f58                strncpy
 .text.__ssprint_r
                0x0000000000018fbc       0xf8 /Applications/FEH_ARM/bin/../lib/gcc/arm-none-eabi/10.3.1/../../../../arm-none-eabi/lib/thumb/v7e-m/nofp/libg.a(lib_a-svfiprintf.o)
                0x0000000000018fbc                __ssprint_r
 .text.__register_exitproc
                0x00000000000190b4       0x8c /Applications/FEH_ARM/bin/../lib/gcc/arm-none-eabi/10.3.1/../../../../arm-none-eabi/lib/thumb/v7e-m/nofp/libg.a(lib_a-__atexit.o)
                0x00000000000190b4                __register_exitproc
 .text.__assert_func
                0x0000000000019140       0x40 /Applications/FEH_ARM/bin/../lib/gcc/arm-none-eabi/10.3.1/../../../../arm-none-eabi/lib/thumb/v7e-m/nofp/libg.a(lib_a-assert.o)
                0x0000000000019140                __assert_func
 .text._calloc_r
                0x0000000000019180       0x78 /Applications/FEH_ARM/bin/../lib/gcc/arm-none-eabi/10.3.1/../../../../arm-none-eabi/lib/thumb/v7e-m/nofp/libg.a(lib_a-callocr.o)
                0x0000000000019180                _calloc_r
 .text._close_r
                0x00000000000191f8       0x24 /Applications/FEH_ARM/bin/../lib/gcc/arm-none-eabi/10.3.1/../../../../arm-none-eabi/lib/thumb/v7e-m/nofp/libg.a(lib_a-closer.o)
                0x00000000000191f8                _close_r
 .text._fclose_r
                0x000000000001921c       0xcc /Applications/FEH_ARM/bin/../lib/gcc/arm-none-eabi/10.3.1/../../../../arm-none-eabi/lib/thumb/v7e-m/nofp/libg.a(lib_a-fclose.o)
                0x000000000001921c                _fclose_r
 .text.fiprintf
                0x00000000000192e8       0x28 /Applications/FEH_ARM/bin/../lib/gcc/arm-none-eabi/10.3.1/../../../../arm-none-eabi/lib/thumb/v7e-m/nofp/libg.a(lib_a-fiprintf.o)
                0x00000000000192e8                fiprintf
 .text._fstat_r
                0x0000000000019310       0x2c /Applications/FEH_ARM/bin/../lib/gcc/arm-none-eabi/10.3.1/../../../../arm-none-eabi/lib/thumb/v7e-m/nofp/libg.a(lib_a-fstatr.o)
                0x0000000000019310                _fstat_r
 .text._isatty_r
                0x000000000001933c       0x24 /Applications/FEH_ARM/bin/../lib/gcc/arm-none-eabi/10.3.1/../../../../arm-none-eabi/lib/thumb/v7e-m/nofp/libg.a(lib_a-isattyr.o)
                0x000000000001933c                _isatty_r
 .text.__locale_mb_cur_max
                0x0000000000019360        0xc /Applications/FEH_ARM/bin/../lib/gcc/arm-none-eabi/10.3.1/../../../../arm-none-eabi/lib/thumb/v7e-m/nofp/libg.a(lib_a-locale.o)
                0x0000000000019360                __locale_mb_cur_max
 .text._lseek_r
                0x000000000001936c       0x2c /Applications/FEH_ARM/bin/../lib/gcc/arm-none-eabi/10.3.1/../../../../arm-none-eabi/lib/thumb/v7e-m/nofp/libg.a(lib_a-lseekr.o)
                0x000000000001936c                _lseek_r
 .text.__ascii_mbtowc
                0x0000000000019398       0x2c /Applications/FEH_ARM/bin/../lib/gcc/arm-none-eabi/10.3.1/../../../../arm-none-eabi/lib/thumb/v7e-m/nofp/libg.a(lib_a-mbtowc_r.o)
                0x0000000000019398                __ascii_mbtowc
 .text._read_r  0x00000000000193c4       0x2c /Applications/FEH_ARM/bin/../lib/gcc/arm-none-eabi/10.3.1/../../../../arm-none-eabi/lib/thumb/v7e-m/nofp/libg.a(lib_a-readr.o)
                0x00000000000193c4                _read_r
 .text.__sprint_r.part.0
                0x00000000000193f0       0x78 /Applications/FEH_ARM/bin/../lib/gcc/arm-none-eabi/10.3.1/../../../../arm-none-eabi/lib/thumb/v7e-m/nofp/libg.a(lib_a-vfiprintf.o)
 .text._vfiprintf_r
                0x0000000000019468      0xda0 /Applications/FEH_ARM/bin/../lib/gcc/arm-none-eabi/10.3.1/../../../../arm-none-eabi/lib/thumb/v7e-m/nofp/libg.a(lib_a-vfiprintf.o)
                0x0000000000019468                _vfiprintf_r
 .text.__sbprintf
                0x000000000001a208       0x80 /Applications/FEH_ARM/bin/../lib/gcc/arm-none-eabi/10.3.1/../../../../arm-none-eabi/lib/thumb/v7e-m/nofp/libg.a(lib_a-vfiprintf.o)
 .text.__ascii_wctomb
                0x000000000001a288       0x1c /Applications/FEH_ARM/bin/../lib/gcc/arm-none-eabi/10.3.1/../../../../arm-none-eabi/lib/thumb/v7e-m/nofp/libg.a(lib_a-wctomb_r.o)
                0x000000000001a288                __ascii_wctomb
 .text.__fputwc
                0x000000000001a2a4       0xa8 /Applications/FEH_ARM/bin/../lib/gcc/arm-none-eabi/10.3.1/../../../../arm-none-eabi/lib/thumb/v7e-m/nofp/libg.a(lib_a-fputwc.o)
                0x000000000001a2a4                __fputwc
 .text._fputwc_r
                0x000000000001a34c       0x68 /Applications/FEH_ARM/bin/../lib/gcc/arm-none-eabi/10.3.1/../../../../arm-none-eabi/lib/thumb/v7e-m/nofp/libg.a(lib_a-fputwc.o)
                0x000000000001a34c                _fputwc_r
 .text._wcrtomb_r
                0x000000000001a3b4       0x3c /Applications/FEH_ARM/bin/../lib/gcc/arm-none-eabi/10.3.1/../../../../arm-none-eabi/lib/thumb/v7e-m/nofp/libg.a(lib_a-wcrtomb.o)
                0x000000000001a3b4                _wcrtomb_r
 .text          0x000000000001a3f0       0x30 /Applications/FEH_ARM/bin/../lib/gcc/arm-none-eabi/10.3.1/thumb/v7e-m/nofp/libgcc.a(_aeabi_uldivmod.o)
                0x000000000001a3f0                __aeabi_uldivmod
 .text          0x000000000001a420      0x2d0 /Applications/FEH_ARM/bin/../lib/gcc/arm-none-eabi/10.3.1/thumb/v7e-m/nofp/libgcc.a(_udivmoddi4.o)
                0x000000000001a420                __udivmoddi4
 .text          0x000000000001a6f0        0x4 /Applications/FEH_ARM/bin/../lib/gcc/arm-none-eabi/10.3.1/thumb/v7e-m/nofp/libgcc.a(_dvmd_tls.o)
                0x000000000001a6f0                __aeabi_ldiv0
                0x000000000001a6f0                __aeabi_idiv0
 .text._close   0x000000000001a6f4       0x10 /Applications/FEH_ARM/bin/../lib/gcc/arm-none-eabi/10.3.1/../../../../arm-none-eabi/lib/thumb/v7e-m/nofp/libnosys.a(close.o)
                0x000000000001a6f4                _close
 .text._fstat   0x000000000001a704       0x10 /Applications/FEH_ARM/bin/../lib/gcc/arm-none-eabi/10.3.1/../../../../arm-none-eabi/lib/thumb/v7e-m/nofp/libnosys.a(fstat.o)
                0x000000000001a704                _fstat
 .text._getpid  0x000000000001a714       0x10 /Applications/FEH_ARM/bin/../lib/gcc/arm-none-eabi/10.3.1/../../../../arm-none-eabi/lib/thumb/v7e-m/nofp/libnosys.a(getpid.o)
                0x000000000001a714                _getpid
 .text._isatty  0x000000000001a724       0x10 /Applications/FEH_ARM/bin/../lib/gcc/arm-none-eabi/10.3.1/../../../../arm-none-eabi/lib/thumb/v7e-m/nofp/libnosys.a(isatty.o)
                0x000000000001a724                _isatty
 .text._kill    0x000000000001a734       0x10 /Applications/FEH_ARM/bin/../lib/gcc/arm-none-eabi/10.3.1/../../../../arm-none-eabi/lib/thumb/v7e-m/nofp/libnosys.a(kill.o)
                0x000000000001a734                _kill
 .text._lseek   0x000000000001a744       0x10 /Applications/FEH_ARM/bin/../lib/gcc/arm-none-eabi/10.3.1/../../../../arm-none-eabi/lib/thumb/v7e-m/nofp/libnosys.a(lseek.o)
                0x000000000001a744                _lseek
 .text._read    0x000000000001a754       0x10 /Applications/FEH_ARM/bin/../lib/gcc/arm-none-eabi/10.3.1/../../../../arm-none-eabi/lib/thumb/v7e-m/nofp/libnosys.a(read.o)
                0x000000000001a754                _read
 .text._sbrk    0x000000000001a764       0x1c /Applications/FEH_ARM/bin/../lib/gcc/arm-none-eabi/10.3.1/../../../../arm-none-eabi/lib/thumb/v7e-m/nofp/libnosys.a(sbrk.o)
                0x000000000001a764                _sbrk
 .text._write   0x000000000001a780       0x10 /Applications/FEH_ARM/bin/../lib/gcc/arm-none-eabi/10.3.1/../../../../arm-none-eabi/lib/thumb/v7e-m/nofp/libnosys.a(write.o)
                0x000000000001a780                _write
 .text._exit    0x000000000001a790        0x4 /Applications/FEH_ARM/bin/../lib/gcc/arm-none-eabi/10.3.1/../../../../arm-none-eabi/lib/thumb/v7e-m/nofp/libnosys.a(_exit.o)
                0x000000000001a790                _exit
 *(.rodata .rodata.* .constdata .constdata.*)
 .rodata        0x000000000001a794       0x5b ../main.o
 *fill*         0x000000000001a7ef        0x1 
 .rodata.K60_SDHC0_init
                0x000000000001a7f0        0xc Drivers/SDHC.o
                0x000000000001a7f0                K60_SDHC0_init
 .rodata._ZL21ESDHC_COMMAND_XFERTYP
                0x000000000001a7fc      0x100 Drivers/SDHC.o
 .rodata._ZL9GPIOPorts
                0x000000000001a8fc       0x20 Libraries/FEHIO.o
 .rodata._ZL10ADCNumbers
                0x000000000001a91c       0x21 Libraries/FEHIO.o
 *fill*         0x000000000001a93d        0x3 
 .rodata._ZL14GPIOPinNumbers
                0x000000000001a940       0x80 Libraries/FEHIO.o
 .rodata._ZL16AnalogPinNumbers
                0x000000000001a9c0       0x84 Libraries/FEHIO.o
 .rodata        0x000000000001aa44       0x78 Libraries/FEHIO.o
 .rodata        0x000000000001aabc       0x32 Libraries/FEHLCD.o
 *fill*         0x000000000001aaee        0x2 
 .rodata        0x000000000001aaf0      0x3ac Libraries/FEHRCS.o
 .rodata._global_impure_ptr
                0x000000000001ae9c        0x4 /Applications/FEH_ARM/bin/../lib/gcc/arm-none-eabi/10.3.1/../../../../arm-none-eabi/lib/thumb/v7e-m/nofp/libg.a(lib_a-impure.o)
                0x000000000001ae9c                _global_impure_ptr
 .rodata._svfprintf_r.str1.4
                0x000000000001aea0       0x42 /Applications/FEH_ARM/bin/../lib/gcc/arm-none-eabi/10.3.1/../../../../arm-none-eabi/lib/thumb/v7e-m/nofp/libg.a(lib_a-svfprintf.o)
 *fill*         0x000000000001aee2        0x2 
 .rodata.blanks.1
                0x000000000001aee4       0x10 /Applications/FEH_ARM/bin/../lib/gcc/arm-none-eabi/10.3.1/../../../../arm-none-eabi/lib/thumb/v7e-m/nofp/libg.a(lib_a-svfprintf.o)
 .rodata.zeroes.0
                0x000000000001aef4       0x10 /Applications/FEH_ARM/bin/../lib/gcc/arm-none-eabi/10.3.1/../../../../arm-none-eabi/lib/thumb/v7e-m/nofp/libg.a(lib_a-svfprintf.o)
 .rodata._dtoa_r.str1.4
                0x000000000001af04       0x7e /Applications/FEH_ARM/bin/../lib/gcc/arm-none-eabi/10.3.1/../../../../arm-none-eabi/lib/thumb/v7e-m/nofp/libg.a(lib_a-dtoa.o)
                                         0x82 (size before relaxing)
 *fill*         0x000000000001af82        0x2 
 .rodata.__multadd.str1.4
                0x000000000001af84       0x5b /Applications/FEH_ARM/bin/../lib/gcc/arm-none-eabi/10.3.1/../../../../arm-none-eabi/lib/thumb/v7e-m/nofp/libg.a(lib_a-mprec.o)
                                         0x6f (size before relaxing)
 *fill*         0x000000000001afdf        0x1 
 .rodata.__mprec_bigtens
                0x000000000001afe0       0x28 /Applications/FEH_ARM/bin/../lib/gcc/arm-none-eabi/10.3.1/../../../../arm-none-eabi/lib/thumb/v7e-m/nofp/libg.a(lib_a-mprec.o)
                0x000000000001afe0                __mprec_bigtens
 .rodata.__mprec_tens
                0x000000000001b008       0xc8 /Applications/FEH_ARM/bin/../lib/gcc/arm-none-eabi/10.3.1/../../../../arm-none-eabi/lib/thumb/v7e-m/nofp/libg.a(lib_a-mprec.o)
                0x000000000001b008                __mprec_tens
 .rodata.p05.0  0x000000000001b0d0        0xc /Applications/FEH_ARM/bin/../lib/gcc/arm-none-eabi/10.3.1/../../../../arm-none-eabi/lib/thumb/v7e-m/nofp/libg.a(lib_a-mprec.o)
 .rodata.__assert_func.str1.4
                0x000000000001b0dc       0x3f /Applications/FEH_ARM/bin/../lib/gcc/arm-none-eabi/10.3.1/../../../../arm-none-eabi/lib/thumb/v7e-m/nofp/libg.a(lib_a-assert.o)
                                         0x43 (size before relaxing)
 *fill*         0x000000000001b11b        0x1 
 .rodata._ctype_
                0x000000000001b11c      0x101 /Applications/FEH_ARM/bin/../lib/gcc/arm-none-eabi/10.3.1/../../../../arm-none-eabi/lib/thumb/v7e-m/nofp/libg.a(lib_a-ctype_.o)
                0x000000000001b11c                _ctype_
 *fill*         0x000000000001b21d        0x3 
 .rodata._setlocale_r.str1.4
                0x000000000001b220        0xa /Applications/FEH_ARM/bin/../lib/gcc/arm-none-eabi/10.3.1/../../../../arm-none-eabi/lib/thumb/v7e-m/nofp/libg.a(lib_a-locale.o)
                                          0xd (size before relaxing)
 *fill*         0x000000000001b22a        0x2 
 .rodata.str1.4
                0x000000000001b22c        0x2 /Applications/FEH_ARM/bin/../lib/gcc/arm-none-eabi/10.3.1/../../../../arm-none-eabi/lib/thumb/v7e-m/nofp/libg.a(lib_a-locale.o)
 .rodata._vfiprintf_r.str1.4
                0x000000000001b22e       0x2f /Applications/FEH_ARM/bin/../lib/gcc/arm-none-eabi/10.3.1/../../../../arm-none-eabi/lib/thumb/v7e-m/nofp/libg.a(lib_a-vfiprintf.o)
 *fill*         0x000000000001b22e        0x2 
 .rodata.blanks.1
                0x000000000001b230       0x10 /Applications/FEH_ARM/bin/../lib/gcc/arm-none-eabi/10.3.1/../../../../arm-none-eabi/lib/thumb/v7e-m/nofp/libg.a(lib_a-vfiprintf.o)
 .rodata.zeroes.0
                0x000000000001b240       0x10 /Applications/FEH_ARM/bin/../lib/gcc/arm-none-eabi/10.3.1/../../../../arm-none-eabi/lib/thumb/v7e-m/nofp/libg.a(lib_a-vfiprintf.o)
                0x000000000001b250                . = ALIGN (0x4)
                0x000000000001b250                . = ALIGN (0x4)
 *(.init)
 .init          0x000000000001b250        0x4 /Applications/FEH_ARM/bin/../lib/gcc/arm-none-eabi/10.3.1/thumb/v7e-m/nofp/crti.o
                0x000000000001b250                _init
 .init          0x000000000001b254        0x8 /Applications/FEH_ARM/bin/../lib/gcc/arm-none-eabi/10.3.1/thumb/v7e-m/nofp/crtn.o
                0x000000000001b25c                . = ALIGN (0x4)
                0x000000000001b25c                __preinit_array_start = .
 *(.preinit_array)
                0x000000000001b25c                __preinit_array_end = .
                0x000000000001b25c                . = ALIGN (0x4)
                0x000000000001b25c                __init_array_start = .
 *(SORT_BY_NAME(.init_array.*))
 .init_array.00000
                0x000000000001b25c        0x4 /Applications/FEH_ARM/bin/../lib/gcc/arm-none-eabi/10.3.1/../../../../arm-none-eabi/lib/thumb/v7e-m/nofp/libg.a(lib_a-__call_atexit.o)
 *(.init_array)
 .init_array    0x000000000001b260        0x4 /Applications/FEH_ARM/bin/../lib/gcc/arm-none-eabi/10.3.1/thumb/v7e-m/nofp/crtbegin.o
 .init_array    0x000000000001b264        0x4 ../main.o
 .init_array    0x000000000001b268        0x4 FEHProteus.o
 .init_array    0x000000000001b26c        0x4 Libraries/FEHBuzzer.o
 .init_array    0x000000000001b270        0x4 Libraries/FEHLCD.o
 .init_array    0x000000000001b274        0x4 Libraries/FEHAccel.o
 .init_array    0x000000000001b278        0x4 Libraries/FEHBattery.o
 .init_array    0x000000000001b27c        0x4 Libraries/FEHRCS.o
 .init_array    0x000000000001b280        0x4 Libraries/FEHSD.o
 .init_array    0x000000000001b284        0x4 /Applications/FEH_ARM/bin/../lib/gcc/arm-none-eabi/10.3.1/../../../../arm-none-eabi/lib/thumb/v7e-m/nofp/libstdc++.a(eh_alloc.o)
                0x000000000001b288                __init_array_end = .
 *(.fini)